Component: ARM Compiler 5.06 update 6 (build 750) Tool: armlink [4d35ed]

==============================================================================

Section Cross References

    startup_mm32f327x_keil.o(RESET) refers to startup_mm32f327x_keil.o(STACK) for __initial_sp
    startup_mm32f327x_keil.o(RESET) refers to startup_mm32f327x_keil.o(.text) for Reset_Handler
    startup_mm32f327x_keil.o(RESET) refers to gps.o(i.DMA1_Channel3_IRQHandler) for DMA1_Channel3_IRQHandler
    startup_mm32f327x_keil.o(RESET) refers to target.o(i.TIM2_IRQHandler) for TIM2_IRQHandler
    startup_mm32f327x_keil.o(RESET) refers to target.o(i.UART1_IRQHandler) for UART1_IRQHandler
    startup_mm32f327x_keil.o(.text) refers to system_mm32f327x.o(i.SystemInit) for SystemInit
    startup_mm32f327x_keil.o(.text) refers to entry.o(.ARM.Collect$$$$00000000) for __main
    usart.o(i.UART1_GPIO_Init) refers to hal_rcc.o(i.RCC_AHBPeriphClockCmd) for RCC_AHBPeriphClockCmd
    usart.o(i.UART1_GPIO_Init) refers to hal_gpio.o(i.GPIO_PinAFConfig) for GPIO_PinAFConfig
    usart.o(i.UART1_GPIO_Init) refers to hal_gpio.o(i.GPIO_StructInit) for GPIO_StructInit
    usart.o(i.UART1_GPIO_Init) refers to hal_gpio.o(i.GPIO_Init) for GPIO_Init
    usart.o(i.UART3_GPIO_Init) refers to hal_rcc.o(i.RCC_AHBPeriphClockCmd) for RCC_AHBPeriphClockCmd
    usart.o(i.UART3_GPIO_Init) refers to hal_gpio.o(i.GPIO_PinAFConfig) for GPIO_PinAFConfig
    usart.o(i.UART3_GPIO_Init) refers to hal_gpio.o(i.GPIO_StructInit) for GPIO_StructInit
    usart.o(i.UART3_GPIO_Init) refers to hal_gpio.o(i.GPIO_Init) for GPIO_Init
    usart.o(i.UART4_GPIO_Init) refers to hal_rcc.o(i.RCC_AHBPeriphClockCmd) for RCC_AHBPeriphClockCmd
    usart.o(i.UART4_GPIO_Init) refers to hal_gpio.o(i.GPIO_PinAFConfig) for GPIO_PinAFConfig
    usart.o(i.UART4_GPIO_Init) refers to hal_gpio.o(i.GPIO_StructInit) for GPIO_StructInit
    usart.o(i.UART4_GPIO_Init) refers to hal_gpio.o(i.GPIO_Init) for GPIO_Init
    usart.o(i.USART1_Init) refers to usart.o(i.UART1_GPIO_Init) for UART1_GPIO_Init
    usart.o(i.USART1_Init) refers to hal_rcc.o(i.RCC_APB2PeriphClockCmd) for RCC_APB2PeriphClockCmd
    usart.o(i.USART1_Init) refers to hal_uart.o(i.UART_StructInit) for UART_StructInit
    usart.o(i.USART1_Init) refers to hal_uart.o(i.UART_Init) for UART_Init
    usart.o(i.USART1_Init) refers to hal_uart.o(i.UART_Cmd) for UART_Cmd
    usart.o(i.USART1_Init) refers to hal_uart.o(i.UART_ITConfig) for UART_ITConfig
    usart.o(i.USART1_Init) refers to hal_misc.o(i.NVIC_PriorityGroupConfig) for NVIC_PriorityGroupConfig
    usart.o(i.USART1_Init) refers to hal_misc.o(i.NVIC_Init) for NVIC_Init
    usart.o(i.USART3_Init) refers to usart.o(i.UART3_GPIO_Init) for UART3_GPIO_Init
    usart.o(i.USART3_Init) refers to hal_rcc.o(i.RCC_APB1PeriphClockCmd) for RCC_APB1PeriphClockCmd
    usart.o(i.USART3_Init) refers to hal_uart.o(i.UART_StructInit) for UART_StructInit
    usart.o(i.USART3_Init) refers to hal_uart.o(i.UART_Init) for UART_Init
    usart.o(i.USART3_Init) refers to hal_uart.o(i.UART_Cmd) for UART_Cmd
    usart.o(i.USART4_Init) refers to usart.o(i.UART4_GPIO_Init) for UART4_GPIO_Init
    usart.o(i.USART4_Init) refers to hal_rcc.o(i.RCC_APB1PeriphClockCmd) for RCC_APB1PeriphClockCmd
    usart.o(i.USART4_Init) refers to hal_uart.o(i.UART_Init) for UART_Init
    usart.o(i.USART4_Init) refers to hal_uart.o(i.UART_Cmd) for UART_Cmd
    usart.o(i.fputc) refers to hal_uart.o(i.UART_SendData) for UART_SendData
    usart.o(i.fputc) refers to hal_uart.o(i.UART_GetFlagStatus) for UART_GetFlagStatus
    iic.o(i.I2C2_Ack) refers to hal_gpio.o(i.GPIO_WriteBit) for GPIO_WriteBit
    iic.o(i.I2C2_Ack) refers to systick.o(i.DELAY_Us) for DELAY_Us
    iic.o(i.I2C2_CheckDevice) refers to iic.o(i.I2C2_Start) for I2C2_Start
    iic.o(i.I2C2_CheckDevice) refers to iic.o(i.I2C2_Send_Byte) for I2C2_Send_Byte
    iic.o(i.I2C2_CheckDevice) refers to iic.o(i.I2C2_Wait_Ack) for I2C2_Wait_Ack
    iic.o(i.I2C2_CheckDevice) refers to iic.o(i.I2C2_Stop) for I2C2_Stop
    iic.o(i.I2C2_NAck) refers to hal_gpio.o(i.GPIO_WriteBit) for GPIO_WriteBit
    iic.o(i.I2C2_NAck) refers to systick.o(i.DELAY_Us) for DELAY_Us
    iic.o(i.I2C2_Read_Byte) refers to hal_gpio.o(i.GPIO_WriteBit) for GPIO_WriteBit
    iic.o(i.I2C2_Read_Byte) refers to systick.o(i.DELAY_Us) for DELAY_Us
    iic.o(i.I2C2_Read_Byte) refers to hal_gpio.o(i.GPIO_ReadInputDataBit) for GPIO_ReadInputDataBit
    iic.o(i.I2C2_Read_NByte) refers to iic.o(i.I2C2_Start) for I2C2_Start
    iic.o(i.I2C2_Read_NByte) refers to iic.o(i.I2C2_Send_Byte) for I2C2_Send_Byte
    iic.o(i.I2C2_Read_NByte) refers to iic.o(i.I2C2_Wait_Ack) for I2C2_Wait_Ack
    iic.o(i.I2C2_Read_NByte) refers to iic.o(i.I2C2_Stop) for I2C2_Stop
    iic.o(i.I2C2_Read_NByte) refers to iic.o(i.I2C2_Read_Byte) for I2C2_Read_Byte
    iic.o(i.I2C2_Read_NByte) refers to iic.o(i.I2C2_Ack) for I2C2_Ack
    iic.o(i.I2C2_Read_NByte) refers to iic.o(i.I2C2_NAck) for I2C2_NAck
[...]
    ../clib/microlib/init/entry.s            0x00000000   Number         0  entry10a.o ABSOLUTE
    ../clib/microlib/init/entry.s            0x00000000   Number         0  entry9b.o ABSOLUTE
    ../clib/microlib/longlong.c              0x00000000   Number         0  llshl.o ABSOLUTE
    ../clib/microlib/longlong.c              0x00000000   Number         0  llsshr.o ABSOLUTE
    ../clib/microlib/longlong.c              0x00000000   Number         0  llushr.o ABSOLUTE
    ../clib/microlib/printf/printf.c         0x00000000   Number         0  printfa.o ABSOLUTE
    ../clib/microlib/printf/printf.c         0x00000000   Number         0  printf4.o ABSOLUTE
    ../clib/microlib/printf/printf.c         0x00000000   Number         0  printf3.o ABSOLUTE
    ../clib/microlib/printf/printf.c         0x00000000   Number         0  printf2.o ABSOLUTE
    ../clib/microlib/printf/printf.c         0x00000000   Number         0  printf1.o ABSOLUTE
    ../clib/microlib/printf/printf.c         0x00000000   Number         0  printf0.o ABSOLUTE
    ../clib/microlib/printf/printf.c         0x00000000   Number         0  printfb.o ABSOLUTE
    ../clib/microlib/printf/printf.c         0x00000000   Number         0  printf5.o ABSOLUTE
    ../clib/microlib/printf/printf.c         0x00000000   Number         0  printf7.o ABSOLUTE
    ../clib/microlib/printf/printf.c         0x00000000   Number         0  printf8.o ABSOLUTE
    ../clib/microlib/printf/printf.c         0x00000000   Number         0  printf6.o ABSOLUTE
    ../clib/microlib/printf/stubs.s          0x00000000   Number         0  stubs.o ABSOLUTE
    ../clib/microlib/stdio/streams.c         0x00000000   Number         0  stdout.o ABSOLUTE
    ../clib/microlib/string/memcpy.c         0x00000000   Number         0  memcpyb.o ABSOLUTE
    ../clib/microlib/string/memcpy.c         0x00000000   Number         0  memcpya.o ABSOLUTE
    ../clib/microlib/string/strstr.c         0x00000000   Number         0  strstr.o ABSOLUTE
    ../clib/microlib/stubs.s                 0x00000000   Number         0  iusefp.o ABSOLUTE
    ../fplib/microlib/fpadd.c                0x00000000   Number         0  dadd.o ABSOLUTE
    ../fplib/microlib/fpdiv.c                0x00000000   Number         0  ddiv.o ABSOLUTE
    ../fplib/microlib/fpepilogue.c           0x00000000   Number         0  depilogue.o ABSOLUTE
    ../fplib/microlib/fpfix.c                0x00000000   Number         0  dfixi.o ABSOLUTE
    ../fplib/microlib/fpfix.c                0x00000000   Number         0  dfixui.o ABSOLUTE
    ../fplib/microlib/fpfix.c                0x00000000   Number         0  dfixul.o ABSOLUTE
    ../fplib/microlib/fpflt.c                0x00000000   Number         0  dflti.o ABSOLUTE
    ../fplib/microlib/fpflt.c                0x00000000   Number         0  dfltui.o ABSOLUTE
    ../fplib/microlib/fpmul.c                0x00000000   Number         0  dmul.o ABSOLUTE
    ../fplib/microlib/fprnd.c                0x00000000   Number         0  drnd.o ABSOLUTE
    ../fplib/microlib/fpscalb.c              0x00000000   Number         0  dscalb.o ABSOLUTE
    ../fplib/microlib/fpsqrt.c               0x00000000   Number         0  dsqrt.o ABSOLUTE
    ../mathlib/acos.c                        0x00000000   Number         0  acos_x.o ABSOLUTE
    ../mathlib/acos.c                        0x00000000   Number         0  acos.o ABSOLUTE
    ../mathlib/asin.c                        0x00000000   Number         0  asin.o ABSOLUTE
    ../mathlib/asin.c                        0x00000000   Number         0  asin_x.o ABSOLUTE
    ../mathlib/atan.c                        0x00000000   Number         0  atan.o ABSOLUTE
    ../mathlib/atan.c                        0x00000000   Number         0  atan_x.o ABSOLUTE
    ../mathlib/atan2.c                       0x00000000   Number         0  atan2.o ABSOLUTE
    ../mathlib/atan2.c                       0x00000000   Number         0  atan2_x.o ABSOLUTE
    ../mathlib/cos.c                         0x00000000   Number         0  cos.o ABSOLUTE
    ../mathlib/cos.c                         0x00000000   Number         0  cos_x.o ABSOLUTE
    ../mathlib/cos_i.c                       0x00000000   Number         0  cos_i.o ABSOLUTE
    ../mathlib/dunder.c                      0x00000000   Number         0  dunder.o ABSOLUTE
    ../mathlib/fpclassify.c                  0x00000000   Number         0  fpclassify.o ABSOLUTE
    ../mathlib/poly.c                        0x00000000   Number         0  poly.o ABSOLUTE
    ../mathlib/pow.c                         0x00000000   Number         0  pow.o ABSOLUTE
    ../mathlib/pow.c                         0x00000000   Number         0  pow_x.o ABSOLUTE
    ../mathlib/qnan.c                        0x00000000   Number         0  qnan.o ABSOLUTE
    ../mathlib/round.c                       0x00000000   Number         0  round.o ABSOLUTE
    ../mathlib/rred.c                        0x00000000   Number         0  rred.o ABSOLUTE
    ../mathlib/sin.c                         0x00000000   Number         0  sin_x.o ABSOLUTE
    ../mathlib/sin.c                         0x00000000   Number         0  sin.o ABSOLUTE
    ../mathlib/sin_i.c                       0x00000000   Number         0  sin_i.o ABSOLUTE
    ../mathlib/sin_i.c                       0x00000000   Number         0  sin_i_x.o ABSOLUTE
    ../mathlib/sqrt.c                        0x00000000   Number         0  sqrt_x.o ABSOLUTE
    ../mathlib/sqrt.c                        0x00000000   Number         0  sqrt.o ABSOLUTE
    HardWare\DMA\DMA.C                       0x00000000   Number         0  dma.o ABSOLUTE
    HardWare\GPS\GPS.C                       0x00000000   Number         0  gps.o ABSOLUTE
    HardWare\HMC5983\HMC5983.C               0x00000000   Number         0  hmc5983.o ABSOLUTE
    HardWare\IIC\IIC.C                       0x00000000   Number         0  iic.o ABSOLUTE
    HardWare\MPU6050\MPU6050.C               0x00000000   Number         0  mpu6050.o ABSOLUTE
    HardWare\Out_In\Key.c                    0x00000000   Number         0  key.o ABSOLUTE
    HardWare\PID\pid.c                       0x00000000   Number         0  pid.o ABSOLUTE
    HardWare\PWM\PWM.C                       0x00000000   Number         0  pwm.o ABSOLUTE
    HardWare\Target\Target.c                 0x00000000   Number         0  target.o ABSOLUTE
    HardWare\Timer\Timer.c                   0x00000000   Number         0  timer.o ABSOLUTE
    HardWare\USART\USART.C                   0x00000000   Number         0  usart.o ABSOLUTE
    HardWare\\DMA\\DMA.C                     0x00000000   Number         0  dma.o ABSOLUTE
    HardWare\\GPS\\GPS.C                     0x00000000   Number         0  gps.o ABSOLUTE
    HardWare\\HMC5983\\HMC5983.C             0x00000000   Number         0  hmc5983.o ABSOLUTE
    HardWare\\IIC\\IIC.C                     0x00000000   Number         0  iic.o ABSOLUTE
    HardWare\\MPU6050\\MPU6050.C             0x00000000   Number         0  mpu6050.o ABSOLUTE
    HardWare\\Out_In\\Key.c                  0x00000000   Number         0  key.o ABSOLUTE
    HardWare\\PID\\pid.c                     0x00000000   Number         0  pid.o ABSOLUTE
    HardWare\\PWM\\PWM.C                     0x00000000   Number         0  pwm.o ABSOLUTE
    HardWare\\Target\\Target.c               0x00000000   Number         0  target.o ABSOLUTE
    HardWare\\Timer\\Timer.c                 0x00000000   Number         0  timer.o ABSOLUTE
    HardWare\\USART\\USART.C                 0x00000000   Number         0  usart.o ABSOLUTE
    HardWare\\systick\\systick.c             0x00000000   Number         0  systick.o ABSOLUTE
    HardWare\kalman\kalman.c                 0x00000000   Number         0  kalman.o ABSOLUTE
    HardWare\systick\systick.c               0x00000000   Number         0  systick.o ABSOLUTE
    HardWare\vector\vector.c                 0x00000000   Number         0  vector.o ABSOLUTE
    Lib\\hal_adc.c                           0x00000000   Number         0  hal_adc.o ABSOLUTE
    Lib\\hal_bkp.c                           0x00000000   Number         0  hal_bkp.o ABSOLUTE
    Lib\\hal_can.c                           0x00000000   Number         0  hal_can.o ABSOLUTE
    Lib\\hal_comp.c                          0x00000000   Number         0  hal_comp.o ABSOLUTE
    Lib\\hal_crc.c                           0x00000000   Number         0  hal_crc.o ABSOLUTE
    Lib\\hal_crs.c                           0x00000000   Number         0  hal_crs.o ABSOLUTE
    Lib\\hal_dac.c                           0x00000000   Number         0  hal_dac.o ABSOLUTE
    Lib\\hal_dbg.c                           0x00000000   Number         0  hal_dbg.o ABSOLUTE
    Lib\\hal_dma.c                           0x00000000   Number         0  hal_dma.o ABSOLUTE
    Lib\\hal_eth.c                           0x00000000   Number         0  hal_eth.o ABSOLUTE
    Lib\\hal_exti.c                          0x00000000   Number         0  hal_exti.o ABSOLUTE
    Lib\\hal_flash.c                         0x00000000   Number         0  hal_flash.o ABSOLUTE
    Lib\\hal_fsmc.c                          0x00000000   Number         0  hal_fsmc.o ABSOLUTE
    Lib\\hal_gpio.c                          0x00000000   Number         0  hal_gpio.o ABSOLUTE
    Lib\\hal_i2c.c                           0x00000000   Number         0  hal_i2c.o ABSOLUTE
    Lib\\hal_iwdg.c                          0x00000000   Number         0  hal_iwdg.o ABSOLUTE
    Lib\\hal_misc.c                          0x00000000   Number         0  hal_misc.o ABSOLUTE
    Lib\\hal_pwr.c                           0x00000000   Number         0  hal_pwr.o ABSOLUTE
    Lib\\hal_rcc.c                           0x00000000   Number         0  hal_rcc.o ABSOLUTE
    Lib\\hal_rtc.c                           0x00000000   Number         0  hal_rtc.o ABSOLUTE
    Lib\\hal_sdio.c                          0x00000000   Number         0  hal_sdio.o ABSOLUTE
    Lib\\hal_spi.c                           0x00000000   Number         0  hal_spi.o ABSOLUTE
    Lib\\hal_tim.c                           0x00000000   Number         0  hal_tim.o ABSOLUTE
    Lib\\hal_uart.c                          0x00000000   Number         0  hal_uart.o ABSOLUTE
    Lib\\hal_uid.c                           0x00000000   Number         0  hal_uid.o ABSOLUTE
    Lib\\hal_ver.c                           0x00000000   Number         0  hal_ver.o ABSOLUTE
    Lib\\hal_wwdg.c                          0x00000000   Number         0  hal_wwdg.o ABSOLUTE
    Lib\hal_adc.c                            0x00000000   Number         0  hal_adc.o ABSOLUTE
    Lib\hal_bkp.c                            0x00000000   Number         0  hal_bkp.o ABSOLUTE
    Lib\hal_can.c                            0x00000000   Number         0  hal_can.o ABSOLUTE
    Lib\hal_comp.c                           0x00000000   Number         0  hal_comp.o ABSOLUTE
    Lib\hal_crc.c                            0x00000000   Number         0  hal_crc.o ABSOLUTE
    Lib\hal_crs.c                            0x00000000   Number         0  hal_crs.o ABSOLUTE
    Lib\hal_dac.c                            0x00000000   Number         0  hal_dac.o ABSOLUTE
    Lib\hal_dbg.c                            0x00000000   Number         0  hal_dbg.o ABSOLUTE
    Lib\hal_dma.c                            0x00000000   Number         0  hal_dma.o ABSOLUTE
    Lib\hal_eth.c                            0x00000000   Number         0  hal_eth.o ABSOLUTE
    Lib\hal_exti.c                           0x00000000   Number         0  hal_exti.o ABSOLUTE
    Lib\hal_flash.c                          0x00000000   Number         0  hal_flash.o ABSOLUTE
    Lib\hal_fsmc.c                           0x00000000   Number         0  hal_fsmc.o ABSOLUTE
    Lib\hal_gpio.c                           0x00000000   Number         0  hal_gpio.o ABSOLUTE
    Lib\hal_i2c.c                            0x00000000   Number         0  hal_i2c.o ABSOLUTE
    Lib\hal_iwdg.c                           0x00000000   Number         0  hal_iwdg.o ABSOLUTE
    Lib\hal_misc.c                           0x00000000   Number         0  hal_misc.o ABSOLUTE
    Lib\hal_pwr.c                            0x00000000   Number         0  hal_pwr.o ABSOLUTE
    Lib\hal_rcc.c                            0x00000000   Number         0  hal_rcc.o ABSOLUTE
    Lib\hal_rtc.c                            0x00000000   Number         0  hal_rtc.o ABSOLUTE
    Lib\hal_sdio.c                           0x00000000   Number         0  hal_sdio.o ABSOLUTE
    Lib\hal_spi.c                            0x00000000   Number         0  hal_spi.o ABSOLUTE
    Lib\hal_tim.c                            0x00000000   Number         0  hal_tim.o ABSOLUTE
    Lib\hal_uart.c                           0x00000000   Number         0  hal_uart.o ABSOLUTE
    Lib\hal_uid.c                            0x00000000   Number         0  hal_uid.o ABSOLUTE
    Lib\hal_ver.c                            0x00000000   Number         0  hal_ver.o ABSOLUTE
    Lib\hal_wwdg.c                           0x00000000   Number         0  hal_wwdg.o ABSOLUTE
    Startup\startup_mm32f327x_keil.s         0x00000000   Number         0  startup_mm32f327x_keil.o ABSOLUTE
    User\\main.c                             0x00000000   Number         0  main.o ABSOLUTE
    User\\system_mm32f327x.c                 0x00000000   Number         0  system_mm32f327x.o ABSOLUTE
    User\main.c                              0x00000000   Number         0  main.o ABSOLUTE
    User\system_mm32f327x.c                  0x00000000   Number         0  system_mm32f327x.o ABSOLUTE
    cdcmple.s                                0x00000000   Number         0  cdcmple.o ABSOLUTE
    cdrcmple.s                               0x00000000   Number         0  cdrcmple.o ABSOLUTE
    dc.s                                     0x00000000   Number         0  dc.o ABSOLUTE
    handlers.s                               0x00000000   Number         0  handlers.o ABSOLUTE
    init.s                                   0x00000000   Number         0  init.o ABSOLUTE
    RESET                                    0x08000000   Section      400  startup_mm32f327x_keil.o(RESET)
    .ARM.Collect$$$$00000000                 0x08000190   Section        0  entry.o(.ARM.Collect$$$$00000000)
    .ARM.Collect$$$$00000001                 0x08000190   Section        4  entry2.o(.ARM.Collect$$$$00000001)
    .ARM.Collect$$$$00000004                 0x08000194   Section        4  entry5.o(.ARM.Collect$$$$00000004)
    .ARM.Collect$$$$00000008                 0x08000198   Section        0  entry7b.o(.ARM.Collect$$$$00000008)
    .ARM.Collect$$$$0000000A                 0x08000198   Section        0  entry8b.o(.ARM.Collect$$$$0000000A)
    .ARM.Collect$$$$0000000B                 0x08000198   Section        8  entry9a.o(.ARM.Collect$$$$0000000B)
    .ARM.Collect$$$$0000000D                 0x080001a0   Section        0  entry10a.o(.ARM.Collect$$$$0000000D)
    .ARM.Collect$$$$0000000F                 0x080001a0   Section        0  entry11a.o(.ARM.Collect$$$$0000000F)
    .ARM.Collect$$$$00002712                 0x080001a0   Section        4  entry2.o(.ARM.Collect$$$$00002712)
    __lit__00000000                          0x080001a0   Data           4  entry2.o(.ARM.Collect$$$$00002712)
    .text                                    0x080001a4   Section       36  startup_mm32f327x_keil.o(.text)
    .text                                    0x080001c8   Section        0  strstr.o(.text)
    .text                                    0x080001ec   Section        0  dadd.o(.text)
    .text                                    0x0800033a   Section        0  dmul.o(.text)
    .text                                    0x0800041e   Section        0  ddiv.o(.text)
    .text                                    0x080004fc   Section        0  dflti.o(.text)
    .text                                    0x0800051e   Section        0  dfltui.o(.text)
    .text                                    0x08000538   Section        0  dfixi.o(.text)
    .text                                    0x08000576   Section        0  dfixui.o(.text)
    .text                                    0x080005a8   Section       48  cdcmple.o(.text)
    .text                                    0x080005d8   Section       48  cdrcmple.o(.text)
    .text                                    0x08000608   Section        0  uidiv.o(.text)
    .text                                    0x08000634   Section        0  uldiv.o(.text)
    .text                                    0x08000696   Section        0  llshl.o(.text)
    .text                                    0x080006b4   Section        0  llushr.o(.text)
    .text                                    0x080006d4   Section        0  llsshr.o(.text)
    .text                                    0x080006f8   Section        0  iusefp.o(.text)
    .text                                    0x080006f8   Section        0  depilogue.o(.text)
    .text                                    0x080007b2   Section        0  dscalb.o(.text)
    .text                                    0x080007e0   Section        0  dsqrt.o(.text)
    .text                                    0x08000882   Section        0  dfixul.o(.text)
    .text                                    0x080008b4   Section       36  init.o(.text)
    .text                                    0x080008d8   Section        0  __dczerorl2.o(.text)
    i.AutoCalPllFactor                       0x0800092e   Section        0  system_mm32f327x.o(i.AutoCalPllFactor)
    i.BLUE                                   0x08000994   Section        0  key.o(i.BLUE)
    i.DELAY_Init                             0x080009c0   Section        0  systick.o(i.DELAY_Init)
    i.DELAY_Us                               0x080009cc   Section        0  systick.o(i.DELAY_Us)
    i.DELAY_xUs                              0x080009f0   Section        0  system_mm32f327x.o(i.DELAY_xUs)
    DELAY_xUs                                0x080009f1   Thumb Code    66  system_mm32f327x.o(i.DELAY_xUs)
    i.DMA1_Channel3_IRQHandler               0x08000a34   Section        0  gps.o(i.DMA1_Channel3_IRQHandler)
    i.DMA_ClearITPendingBit                  0x08000ae0   Section        0  hal_dma.o(i.DMA_ClearITPendingBit)
    i.DMA_Cmd                                0x08000afc   Section        0  hal_dma.o(i.DMA_Cmd)
    i.DMA_GetFlagStatus                      0x08000b08   Section        0  hal_dma.o(i.DMA_GetFlagStatus)
    i.DMA_ITConfig                           0x08000b38   Section        0  hal_dma.o(i.DMA_ITConfig)
    i.DMA_Init                               0x08000b4a   Section        0  hal_dma.o(i.DMA_Init)
    i.D_Caculate                             0x08000b90   Section        0  pid.o(i.D_Caculate)
    i.Find_Exchange_Way                      0x08000bb0   Section        0  vector.o(i.Find_Exchange_Way)
    i.Find_target                            0x08000c10   Section        0  gps.o(i.Find_target)
    i.GPIO_Init                              0x08000cf0   Section        0  hal_gpio.o(i.GPIO_Init)
    i.GPIO_PinAFConfig                       0x08000d9a   Section        0  hal_gpio.o(i.GPIO_PinAFConfig)
    i.GPIO_ReadInputDataBit                  0x08000dc2   Section        0  hal_gpio.o(i.GPIO_ReadInputDataBit)
    i.GPIO_StructInit                        0x08000dd2   Section        0  hal_gpio.o(i.GPIO_StructInit)
    i.GPIO_WriteBit                          0x08000de2   Section        0  hal_gpio.o(i.GPIO_WriteBit)
    i.GPS_Init                               0x08000dec   Section        0  gps.o(i.GPS_Init)
    i.GPS_Send                               0x08000e44   Section        0  gps.o(i.GPS_Send)
    i.GREEN                                  0x08000e74   Section        0  key.o(i.GREEN)
    i.HMC5983_Init                           0x08000ea0   Section        0  hmc5983.o(i.HMC5983_Init)
    i.HMC5983_Read                           0x08000ee0   Section        0  hmc5983.o(i.HMC5983_Read)
    i.HMC5983_Read_reg                       0x08000fac   Section        0  hmc5983.o(i.HMC5983_Read_reg)
    i.I2C2_NAck                              0x08000fd8   Section        0  iic.o(i.I2C2_NAck)
    i.I2C2_Read_Byte                         0x08001020   Section        0  iic.o(i.I2C2_Read_Byte)
    i.I2C2_Read_REG                          0x08001070   Section        0  iic.o(i.I2C2_Read_REG)
    i.I2C2_Send_Byte                         0x080010e0   Section        0  iic.o(i.I2C2_Send_Byte)
    i.I2C2_Start                             0x0800113c   Section        0  iic.o(i.I2C2_Start)
    i.I2C2_Stop                              0x08001194   Section        0  iic.o(i.I2C2_Stop)
    i.I2C2_Wait_Ack                          0x080011fc   Section        0  iic.o(i.I2C2_Wait_Ack)
    i.I2C_Write_REG                          0x08001268   Section        0  iic.o(i.I2C_Write_REG)
    i.IIC_GPIO_Init                          0x080012c4   Section        0  iic.o(i.IIC_GPIO_Init)
    i.I_Caculate                             0x080012f8   Section        0  pid.o(i.I_Caculate)
    i.Init_For_All_Device                    0x08001314   Section        0  target.o(i.Init_For_All_Device)
    i.Key_Init                               0x08001390   Section        0  key.o(i.Key_Init)
    i.Key_Scan                               0x08001414   Section        0  key.o(i.Key_Scan)
    i.Main_Loop                              0x08001464   Section        0  target.o(i.Main_Loop)
    i.NMEA_Comma_Pos                         0x0800147c   Section        0  gps.o(i.NMEA_Comma_Pos)
    i.NMEA_GNRMC_Analysis                    0x080014b0   Section        0  gps.o(i.NMEA_GNRMC_Analysis)
    i.NMEA_Pow                               0x08001718   Section        0  gps.o(i.NMEA_Pow)
    i.NMEA_Str2num                           0x0800172e   Section        0  gps.o(i.NMEA_Str2num)
    i.NVIC_Init                              0x08001818   Section        0  hal_misc.o(i.NVIC_Init)
    i.NVIC_PriorityGroupConfig               0x08001884   Section        0  hal_misc.o(i.NVIC_PriorityGroupConfig)
    i.PID                                    0x08001898   Section        0  pid.o(i.PID)
    i.PWM_GPIO_Init                          0x08001978   Section        0  pwm.o(i.PWM_GPIO_Init)
    i.PWM_Init                               0x080019b4   Section        0  pwm.o(i.PWM_Init)
    i.P_Caculate                             0x08001a2c   Section        0  pid.o(i.P_Caculate)
    i.RCC_AHBPeriphClockCmd                  0x08001a4c   Section        0  hal_rcc.o(i.RCC_AHBPeriphClockCmd)
    i.RCC_APB1PeriphClockCmd                 0x08001a6c   Section        0  hal_rcc.o(i.RCC_APB1PeriphClockCmd)
    i.RCC_APB2PeriphClockCmd                 0x08001a8c   Section        0  hal_rcc.o(i.RCC_APB2PeriphClockCmd)
    i.RCC_GetHCLKFreq                        0x08001aac   Section        0  hal_rcc.o(i.RCC_GetHCLKFreq)
    i.RCC_GetPCLK1Freq                       0x08001acc   Section        0  hal_rcc.o(i.RCC_GetPCLK1Freq)
    i.RCC_GetPCLK2Freq                       0x08001aec   Section        0  hal_rcc.o(i.RCC_GetPCLK2Freq)
    i.RCC_GetSysClockFreq                    0x08001b0c   Section        0  hal_rcc.o(i.RCC_GetSysClockFreq)
    i.RED                                    0x08001b80   Section        0  key.o(i.RED)
    i.SetSysClock                            0x08001bac   Section        0  system_mm32f327x.o(i.SetSysClock)
    SetSysClock                              0x08001bad   Thumb Code    44  system_mm32f327x.o(i.SetSysClock)
    i.SetSysClockToXX                        0x08001bdc   Section        0  system_mm32f327x.o(i.SetSysClockToXX)
    SetSysClockToXX                          0x08001bdd   Thumb Code   506  system_mm32f327x.o(i.SetSysClockToXX)
    i.StraightWay                            0x08001e04   Section        0  target.o(i.StraightWay)
    i.SystemInit                             0x08001e68   Section        0  system_mm32f327x.o(i.SystemInit)
    i.TIM2_IRQHandler                        0x08001ecc   Section        0  target.o(i.TIM2_IRQHandler)
    i.TIM2_Init                              0x08001f04   Section        0  timer.o(i.TIM2_Init)
    i.TIM_ARRPreloadConfig                   0x08001f68   Section        0  hal_tim.o(i.TIM_ARRPreloadConfig)
    i.TIM_ClearITPendingBit                  0x08001f7e   Section        0  hal_tim.o(i.TIM_ClearITPendingBit)
    i.TIM_Cmd                                0x08001f86   Section        0  hal_tim.o(i.TIM_Cmd)
    i.TIM_CtrlPWMOutputs                     0x08001f9c   Section        0  hal_tim.o(i.TIM_CtrlPWMOutputs)
    i.TIM_GetITStatus                        0x08001fb2   Section        0  hal_tim.o(i.TIM_GetITStatus)
    i.TIM_ITConfig                           0x08001fc8   Section        0  hal_tim.o(i.TIM_ITConfig)
    i.TIM_OC1Init                            0x08001fdc   Section        0  hal_tim.o(i.TIM_OC1Init)
    i.TIM_OC1PreloadConfig                   0x08002034   Section        0  hal_tim.o(i.TIM_OC1PreloadConfig)
    i.TIM_TimeBaseInit                       0x08002040   Section        0  hal_tim.o(i.TIM_TimeBaseInit)
    i.UART1_GPIO_Init                        0x080020b8   Section        0  usart.o(i.UART1_GPIO_Init)
    i.UART1_IRQHandler                       0x08002114   Section        0  target.o(i.UART1_IRQHandler)
    i.UART3_DMA_Init                         0x08002160   Section        0  dma.o(i.UART3_DMA_Init)
    i.UART3_GPIO_Init                        0x0800220c   Section        0  usart.o(i.UART3_GPIO_Init)
    i.UART4_GPIO_Init                        0x08002268   Section        0  usart.o(i.UART4_GPIO_Init)
    i.UART_ClearITPendingBit                 0x080022c4   Section        0  hal_uart.o(i.UART_ClearITPendingBit)
    i.UART_Cmd                               0x080022c8   Section        0  hal_uart.o(i.UART_Cmd)
    i.UART_DMACmd                            0x080022d4   Section        0  hal_uart.o(i.UART_DMACmd)
    i.UART_GetFlagStatus                     0x080022e2   Section        0  hal_uart.o(i.UART_GetFlagStatus)
    i.UART_GetITStatus                       0x080022f2   Section        0  hal_uart.o(i.UART_GetITStatus)
    i.UART_ITConfig                          0x08002302   Section        0  hal_uart.o(i.UART_ITConfig)
    i.UART_Init                              0x08002314   Section        0  hal_uart.o(i.UART_Init)
    i.UART_ReceiveData                       0x08002388   Section        0  hal_uart.o(i.UART_ReceiveData)
    i.UART_SendData                          0x08002390   Section        0  hal_uart.o(i.UART_SendData)
    i.UART_StructInit                        0x08002396   Section        0  hal_uart.o(i.UART_StructInit)
    i.USART1_Init                            0x080023b0   Section        0  usart.o(i.USART1_Init)
    i.USART3_Init                            0x08002434   Section        0  usart.o(i.USART3_Init)
    i.USART4_Init                            0x0800247c   Section        0  usart.o(i.USART4_Init)
    i.Way_Limite                             0x080024c0   Section        0  vector.o(i.Way_Limite)
    i.__0printf                              0x0800250c   Section        0  printfa.o(i.__0printf)
    i.__ARM_fpclassify                       0x0800252c   Section        0  fpclassify.o(i.__ARM_fpclassify)
    i.__ieee754_rem_pio2                     0x08002554   Section        0  rred.o(i.__ieee754_rem_pio2)
    i.__kernel_cos                           0x080028dc   Section        0  cos_i.o(i.__kernel_cos)
    i.__kernel_poly                          0x080029d8   Section        0  poly.o(i.__kernel_poly)
    i.__kernel_sin                           0x08002a84   Section        0  sin_i.o(i.__kernel_sin)
    i.__mathlib_dbl_infnan                   0x08002b70   Section        0  dunder.o(i.__mathlib_dbl_infnan)
    i.__mathlib_dbl_infnan2                  0x08002b76   Section        0  dunder.o(i.__mathlib_dbl_infnan2)
    i.__mathlib_dbl_invalid                  0x08002b7a   Section        0  dunder.o(i.__mathlib_dbl_invalid)
    i.__mathlib_dbl_underflow                0x08002b88   Section        0  dunder.o(i.__mathlib_dbl_underflow)
    i.__scatterload_copy                     0x08002b98   Section       14  handlers.o(i.__scatterload_copy)
    i.__scatterload_null                     0x08002ba6   Section        2  handlers.o(i.__scatterload_null)
    i.__scatterload_zeroinit                 0x08002ba8   Section       14  handlers.o(i.__scatterload_zeroinit)
    i.__set_errno                            0x08002bb8   Section        0  errno.o(i.__set_errno)
    i._fp_digits                             0x08002bc4   Section        0  printfa.o(i._fp_digits)
    _fp_digits                               0x08002bc5   Thumb Code   366  printfa.o(i._fp_digits)
    i._printf_core                           0x08002d48   Section        0  printfa.o(i._printf_core)
    _printf_core                             0x08002d49   Thumb Code  1744  printfa.o(i._printf_core)
    i._printf_post_padding                   0x08003424   Section        0  printfa.o(i._printf_post_padding)
    _printf_post_padding                     0x08003425   Thumb Code    36  printfa.o(i._printf_post_padding)
    i._printf_pre_padding                    0x08003448   Section        0  printfa.o(i._printf_pre_padding)
    _printf_pre_padding                      0x08003449   Thumb Code    46  printfa.o(i._printf_pre_padding)
    i.acos                                   0x08003478   Section        0  acos.o(i.acos)
    i.atan                                   0x080036f4   Section        0  atan.o(i.atan)
    i.atan2                                  0x08003914   Section        0  atan2.o(i.atan2)
    i.cos                                    0x08003a94   Section        0  cos.o(i.cos)
    i.fputc                                  0x08003b30   Section        0  usart.o(i.fputc)
    i.main                                   0x08003b54   Section        0  main.o(i.main)
    i.rectangle                              0x08003b60   Section        0  hmc5983.o(i.rectangle)
    i.sin                                    0x08003bb0   Section        0  sin.o(i.sin)
    i.sqrt                                   0x08003c50   Section        0  sqrt.o(i.sqrt)
    i.target_find                            0x08003c9c   Section        0  gps.o(i.target_find)
    i.transformlat                           0x08003dac   Section        0  gps.o(i.transformlat)
    i.transformlng                           0x08004050   Section        0  gps.o(i.transformlng)
    i.wgs84_to_gcj02                         0x080042e4   Section        0  gps.o(i.wgs84_to_gcj02)
    i.xiangchajiao                           0x080044a8   Section        0  vector.o(i.xiangchajiao)
    .constdata                               0x08004598   Section       80  acos.o(.constdata)
    pS                                       0x08004598   Data          48  acos.o(.constdata)
    qS                                       0x080045c8   Data          32  acos.o(.constdata)
    .constdata                               0x080045e8   Section      152  atan.o(.constdata)
    atanhi                                   0x080045e8   Data          32  atan.o(.constdata)
    atanlo                                   0x08004608   Data          32  atan.o(.constdata)
    aTodd                                    0x08004628   Data          40  atan.o(.constdata)
    aTeven                                   0x08004650   Data          48  atan.o(.constdata)
    .constdata                               0x08004680   Section       48  cos_i.o(.constdata)
    C                                        0x08004680   Data          48  cos_i.o(.constdata)
    .constdata                               0x080046b0   Section        8  qnan.o(.constdata)
    .constdata                               0x080046b8   Section      200  rred.o(.constdata)
    pio2s                                    0x080046b8   Data          48  rred.o(.constdata)
    twooverpi                                0x080046e8   Data         152  rred.o(.constdata)
    .constdata                               0x08004780   Section       40  sin_i.o(.constdata)
    S                                        0x08004780   Data          40  sin_i.o(.constdata)
    .data                                    0x20000000   Section       96  hmc5983.o(.data)
    .data                                    0x20000060   Section        4  systick.o(.data)
    sDelayNopNumber                          0x20000060   Data           4  systick.o(.data)
    .data                                    0x20000068   Section     1396  gps.o(.data)
    .data                                    0x200005e0   Section        8  vector.o(.data)
    .data                                    0x200005e8   Section       28  target.o(.data)
    .data                                    0x20000608   Section       32  pid.o(.data)
    .data                                    0x20000628   Section       20  system_mm32f327x.o(.data)
    .data                                    0x2000063c   Section       16  hal_rcc.o(.data)
    .data                                    0x2000064c   Section        4  stdout.o(.data)
    .data                                    0x20000650   Section        4  errno.o(.data)
    _errno                                   0x20000650   Data           4  errno.o(.data)
    .bss                                     0x20000658   Section     1176  gps.o(.bss)
    STACK                                    0x20000af0   Section     1024  startup_mm32f327x_keil.o(STACK)

    Global Symbols

    Symbol Name                              Value     Ov Type        Size  Object(Section)

    BuildAttributes$$THM_ISAv4$P$D$K$B$S$PE$A:L22UL41UL21$X:L11$S22US41US21$IEEE1$IW$USESV6$~STKCKD$USESV7$~SHL$OTIME$ROPI$IEEEX$EBA8$MICROLIB$REQ8$PRES8$EABIv2 0x00000000   Number         0  anon$$obj.o ABSOLUTE
    __ARM_use_no_argv                        0x00000000   Number         0  main.o ABSOLUTE
    _printf_a                                0x00000000   Number         0  stubs.o ABSOLUTE
    _printf_c                                0x00000000   Number         0  stubs.o ABSOLUTE
    _printf_charcount                        0x00000000   Number         0  stubs.o ABSOLUTE
    _printf_d                                0x00000000   Number         0  stubs.o ABSOLUTE
    _printf_e                                0x00000000   Number         0  stubs.o ABSOLUTE
    _printf_f                                0x00000000   Number         0  stubs.o ABSOLUTE
    _printf_flags                            0x00000000   Number         0  stubs.o ABSOLUTE
    _printf_fp_dec                           0x00000000   Number         0  stubs.o ABSOLUTE
    _printf_fp_hex                           0x00000000   Number         0  stubs.o ABSOLUTE
    _printf_g                                0x00000000   Number         0  stubs.o ABSOLUTE
    _printf_i                                0x00000000   Number         0  stubs.o ABSOLUTE
    _printf_int_dec                          0x00000000   Number         0  stubs.o ABSOLUTE
    _printf_l                                0x00000000   Number         0  stubs.o ABSOLUTE
    _printf_lc                               0x00000000   Number         0  stubs.o ABSOLUTE
    _printf_ll                               0x00000000   Number         0  stubs.o ABSOLUTE
    _printf_lld                              0x00000000   Number         0  stubs.o ABSOLUTE
    _printf_lli                              0x00000000   Number         0  stubs.o ABSOLUTE
    _printf_llo                              0x00000000   Number         0  stubs.o ABSOLUTE
    _printf_llu                              0x00000000   Number         0  stubs.o ABSOLUTE
    _printf_llx                              0x00000000   Number         0  stubs.o ABSOLUTE
    _printf_longlong_dec                     0x00000000   Number         0  stubs.o ABSOLUTE
    _printf_longlong_hex                     0x00000000   Number         0  stubs.o ABSOLUTE
    _printf_longlong_oct                     0x00000000   Number         0  stubs.o ABSOLUTE
    _printf_ls                               0x00000000   Number         0  stubs.o ABSOLUTE
    _printf_mbtowc                           0x00000000   Number         0  stubs.o ABSOLUTE
    _printf_n                                0x00000000   Number         0  stubs.o ABSOLUTE
    _printf_o                                0x00000000   Number         0  stubs.o ABSOLUTE
    _printf_p                                0x00000000   Number         0  stubs.o ABSOLUTE
    _printf_percent                          0x00000000   Number         0  stubs.o ABSOLUTE
    _printf_pre_padding                      0x00000000   Number         0  stubs.o ABSOLUTE
    _printf_return_value                     0x00000000   Number         0  stubs.o ABSOLUTE
    _printf_s                                0x00000000   Number         0  stubs.o ABSOLUTE
    _printf_sizespec                         0x00000000   Number         0  stubs.o ABSOLUTE
    _printf_str                              0x00000000   Number         0  stubs.o ABSOLUTE
    _printf_truncate_signed                  0x00000000   Number         0  stubs.o ABSOLUTE
    _printf_truncate_unsigned                0x00000000   Number         0  stubs.o ABSOLUTE
    _printf_u                                0x00000000   Number         0  stubs.o ABSOLUTE
    _printf_wc                               0x00000000   Number         0  stubs.o ABSOLUTE
    _printf_wctomb                           0x00000000   Number         0  stubs.o ABSOLUTE
    _printf_widthprec                        0x00000000   Number         0  stubs.o ABSOLUTE
    _printf_x                                0x00000000   Number         0  stubs.o ABSOLUTE
    __cpp_initialize__aeabi_                  - Undefined Weak Reference
    __cxa_finalize                            - Undefined Weak Reference
    _clock_init                               - Undefined Weak Reference
    _microlib_exit                            - Undefined Weak Reference
    __Vectors_Size                           0x00000190   Number         0  startup_mm32f327x_keil.o ABSOLUTE
    __Vectors                                0x08000000   Data           4  startup_mm32f327x_keil.o(RESET)
    __Vectors_End                            0x08000190   Data           0  startup_mm32f327x_keil.o(RESET)
    __main                                   0x08000191   Thumb Code     0  entry.o(.ARM.Collect$$$$00000000)
    _main_stk                                0x08000191   Thumb Code     0  entry2.o(.ARM.Collect$$$$00000001)
    _main_scatterload                        0x08000195   Thumb Code     0  entry5.o(.ARM.Collect$$$$00000004)
    __main_after_scatterload                 0x08000199   Thumb Code     0  entry5.o(.ARM.Collect$$$$00000004)
    _main_clock                              0x08000199   Thumb Code     0  entry7b.o(.ARM.Collect$$$$00000008)
    _main_cpp_init                           0x08000199   Thumb Code     0  entry8b.o(.ARM.Collect$$$$0000000A)
    _main_init                               0x08000199   Thumb Code     0  entry9a.o(.ARM.Collect$$$$0000000B)
    __rt_final_cpp                           0x080001a1   Thumb Code     0  entry10a.o(.ARM.Collect$$$$0000000D)
    __rt_final_exit                          0x080001a1   Thumb Code     0  entry11a.o(.ARM.Collect$$$$0000000F)
    Reset_Handler                            0x080001a5   Thumb Code     8  startup_mm32f327x_keil.o(.text)
    NMI_Handler                              0x080001ad   Thumb Code     2  startup_mm32f327x_keil.o(.text)
    HardFault_Handler                        0x080001af   Thumb Code     2  startup_mm32f327x_keil.o(.text)
    MemManage_Handler                        0x080001b1   Thumb Code     2  startup_mm32f327x_keil.o(.text)
    BusFault_Handler                         0x080001b3   Thumb Code     2  startup_mm32f327x_keil.o(.text)
    UsageFault_Handler                       0x080001b5   Thumb Code     2  startup_mm32f327x_keil.o(.text)
    SVC_Handler                              0x080001b7   Thumb Code     2  startup_mm32f327x_keil.o(.text)
    DebugMon_Handler                         0x080001b9   Thumb Code     2  startup_mm32f327x_keil.o(.text)
    PendSV_Handler                           0x080001bb   Thumb Code     2  startup_mm32f327x_keil.o(.text)
    SysTick_Handler                          0x080001bd   Thumb Code     2  startup_mm32f327x_keil.o(.text)
    ADC1_2_IRQHandler                        0x080001bf   Thumb Code     0  startup_mm32f327x_keil.o(.text)
    ADC3_IRQHandler                          0x080001bf   Thumb Code     0  startup_mm32f327x_keil.o(.text)
    CAN1_RX_IRQHandler                       0x080001bf   Thumb Code     0  startup_mm32f327x_keil.o(.text)
    COMP1_2_IRQHandler                       0x080001bf   Thumb Code     0  startup_mm32f327x_keil.o(.text)
    DMA1_Channel1_IRQHandler                 0x080001bf   Thumb Code     0  startup_mm32f327x_keil.o(.text)
    DMA1_Channel2_IRQHandler                 0x080001bf   Thumb Code     0  startup_mm32f327x_keil.o(.text)
    DMA1_Channel4_IRQHandler                 0x080001bf   Thumb Code     0  startup_mm32f327x_keil.o(.text)
    DMA1_Channel5_IRQHandler                 0x080001bf   Thumb Code     0  startup_mm32f327x_keil.o(.text)
    DMA1_Channel6_IRQHandler                 0x080001bf   Thumb Code     0  startup_mm32f327x_keil.o(.text)
    DMA1_Channel7_IRQHandler                 0x080001bf   Thumb Code     0  startup_mm32f327x_keil.o(.text)
    DMA2_Channel1_IRQHandler                 0x080001bf   Thumb Code     0  startup_mm32f327x_keil.o(.text)
    DMA2_Channel2_IRQHandler                 0x080001bf   Thumb Code     0  startup_mm32f327x_keil.o(.text)
    DMA2_Channel3_IRQHandler                 0x080001bf   Thumb Code     0  startup_mm32f327x_keil.o(.text)
    DMA2_Channel4_IRQHandler                 0x080001bf   Thumb Code     0  startup_mm32f327x_keil.o(.text)
    DMA2_Channel5_IRQHandler                 0x080001bf   Thumb Code     0  startup_mm32f327x_keil.o(.text)
    ETH_IRQHandler                           0x080001bf   Thumb Code     0  startup_mm32f327x_keil.o(.text)
    EXTI0_IRQHandler                         0x080001bf   Thumb Code     0  startup_mm32f327x_keil.o(.text)
    EXTI15_10_IRQHandler                     0x080001bf   Thumb Code     0  startup_mm32f327x_keil.o(.text)
    EXTI1_IRQHandler                         0x080001bf   Thumb Code     0  startup_mm32f327x_keil.o(.text)
    EXTI2_IRQHandler                         0x080001bf   Thumb Code     0  startup_mm32f327x_keil.o(.text)
    EXTI3_IRQHandler                         0x080001bf   Thumb Code     0  startup_mm32f327x_keil.o(.text)
    EXTI4_IRQHandler                         0x080001bf   Thumb Code     0  startup_mm32f327x_keil.o(.text)
    EXTI9_5_IRQHandler                       0x080001bf   Thumb Code     0  startup_mm32f327x_keil.o(.text)
    FLASH_IRQHandler                         0x080001bf   Thumb Code     0  startup_mm32f327x_keil.o(.text)
    FlashCache_IRQHandler                    0x080001bf   Thumb Code     0  startup_mm32f327x_keil.o(.text)
    I2C1_IRQHandler                          0x080001bf   Thumb Code     0  startup_mm32f327x_keil.o(.text)
    I2C2_IRQHandler                          0x080001bf   Thumb Code     0  startup_mm32f327x_keil.o(.text)
    OTG_FS_IRQHandler                        0x080001bf   Thumb Code     0  startup_mm32f327x_keil.o(.text)
    OTG_FS_WKUP_IRQHandler                   0x080001bf   Thumb Code     0  startup_mm32f327x_keil.o(.text)
    PVD_IRQHandler                           0x080001bf   Thumb Code     0  startup_mm32f327x_keil.o(.text)
    RCC_CRS_IRQHandler                       0x080001bf   Thumb Code     0  startup_mm32f327x_keil.o(.text)
    RTCAlarm_IRQHandler                      0x080001bf   Thumb Code     0  startup_mm32f327x_keil.o(.text)
    RTC_IRQHandler                           0x080001bf   Thumb Code     0  startup_mm32f327x_keil.o(.text)
    SDIO_IRQHandler                          0x080001bf   Thumb Code     0  startup_mm32f327x_keil.o(.text)
    SPI1_IRQHandler                          0x080001bf   Thumb Code     0  startup_mm32f327x_keil.o(.text)
    SPI2_IRQHandler                          0x080001bf   Thumb Code     0  startup_mm32f327x_keil.o(.text)
    SPI3_IRQHandler                          0x080001bf   Thumb Code     0  startup_mm32f327x_keil.o(.text)
    TAMPER_IRQHandler                        0x080001bf   Thumb Code     0  startup_mm32f327x_keil.o(.text)
    TIM1_BRK_IRQHandler                      0x080001bf   Thumb Code     0  startup_mm32f327x_keil.o(.text)
    TIM1_CC_IRQHandler                       0x080001bf   Thumb Code     0  startup_mm32f327x_keil.o(.text)
    TIM1_TRG_COM_IRQHandler                  0x080001bf   Thumb Code     0  startup_mm32f327x_keil.o(.text)
    TIM1_UP_IRQHandler                       0x080001bf   Thumb Code     0  startup_mm32f327x_keil.o(.text)
    TIM3_IRQHandler                          0x080001bf   Thumb Code     0  startup_mm32f327x_keil.o(.text)
    TIM4_IRQHandler                          0x080001bf   Thumb Code     0  startup_mm32f327x_keil.o(.text)
    TIM5_IRQHandler                          0x080001bf   Thumb Code     0  startup_mm32f327x_keil.o(.text)
    TIM6_IRQHandler                          0x080001bf   Thumb Code     0  startup_mm32f327x_keil.o(.text)
    TIM7_IRQHandler                          0x080001bf   Thumb Code     0  startup_mm32f327x_keil.o(.text)
    TIM8_BRK_IRQHandler                      0x080001bf   Thumb Code     0  startup_mm32f327x_keil.o(.text)
    TIM8_CC_IRQHandler                       0x080001bf   Thumb Code     0  startup_mm32f327x_keil.o(.text)
    TIM8_TRG_COM_IRQHandler                  0x080001bf   Thumb Code     0  startup_mm32f327x_keil.o(.text)
    TIM8_UP_IRQHandler                       0x080001bf   Thumb Code     0  startup_mm32f327x_keil.o(.text)
    UART2_IRQHandler                         0x080001bf   Thumb Code     0  startup_mm32f327x_keil.o(.text)
    UART3_IRQHandler                         0x080001bf   Thumb Code     0  startup_mm32f327x_keil.o(.text)
    UART4_IRQHandler                         0x080001bf   Thumb Code     0  startup_mm32f327x_keil.o(.text)
    UART5_IRQHandler                         0x080001bf   Thumb Code     0  startup_mm32f327x_keil.o(.text)
    UART6_IRQHandler                         0x080001bf   Thumb Code     0  startup_mm32f327x_keil.o(.text)
    UART7_IRQHandler                         0x080001bf   Thumb Code     0  startup_mm32f327x_keil.o(.text)
    UART8_IRQHandler                         0x080001bf   Thumb Code     0  startup_mm32f327x_keil.o(.text)
    WWDG_IRQHandler                          0x080001bf   Thumb Code     0  startup_mm32f327x_keil.o(.text)
    strstr                                   0x080001c9   Thumb Code    36  strstr.o(.text)
    __aeabi_dadd                             0x080001ed   Thumb Code   322  dadd.o(.text)
    __aeabi_dsub                             0x0800032f   Thumb Code     6  dadd.o(.text)
    __aeabi_drsub                            0x08000335   Thumb Code     6  dadd.o(.text)
    __aeabi_dmul                             0x0800033b   Thumb Code   228  dmul.o(.text)
    __aeabi_ddiv                             0x0800041f   Thumb Code   222  ddiv.o(.text)
    __aeabi_i2d                              0x080004fd   Thumb Code    34  dflti.o(.text)
    __aeabi_ui2d                             0x0800051f   Thumb Code    26  dfltui.o(.text)
    __aeabi_d2iz                             0x08000539   Thumb Code    62  dfixi.o(.text)
    __aeabi_d2uiz                            0x08000577   Thumb Code    50  dfixui.o(.text)
    __aeabi_cdcmpeq                          0x080005a9   Thumb Code     0  cdcmple.o(.text)
    __aeabi_cdcmple                          0x080005a9   Thumb Code    48  cdcmple.o(.text)
    __aeabi_cdrcmple                         0x080005d9   Thumb Code    48  cdrcmple.o(.text)
    __aeabi_uidiv                            0x08000609   Thumb Code     0  uidiv.o(.text)
    __aeabi_uidivmod                         0x08000609   Thumb Code    44  uidiv.o(.text)
    __aeabi_uldivmod                         0x08000635   Thumb Code    98  uldiv.o(.text)
    __aeabi_llsl                             0x08000697   Thumb Code    30  llshl.o(.text)
    _ll_shift_l                              0x08000697   Thumb Code     0  llshl.o(.text)
    __aeabi_llsr                             0x080006b5   Thumb Code    32  llushr.o(.text)
    _ll_ushift_r                             0x080006b5   Thumb Code     0  llushr.o(.text)
    __aeabi_lasr                             0x080006d5   Thumb Code    36  llsshr.o(.text)
    _ll_sshift_r                             0x080006d5   Thumb Code     0  llsshr.o(.text)
    __I$use$fp                               0x080006f9   Thumb Code     0  iusefp.o(.text)
    _double_round                            0x080006f9   Thumb Code    30  depilogue.o(.text)
    _double_epilogue                         0x08000717   Thumb Code   156  depilogue.o(.text)
    __ARM_scalbn                             0x080007b3   Thumb Code    46  dscalb.o(.text)
    scalbn                                   0x080007b3   Thumb Code     0  dscalb.o(.text)
    _dsqrt                                   0x080007e1   Thumb Code   162  dsqrt.o(.text)
    __aeabi_d2ulz                            0x08000883   Thumb Code    48  dfixul.o(.text)
    __scatterload                            0x080008b5   Thumb Code    28  init.o(.text)
    __scatterload_rt2                        0x080008b5   Thumb Code     0  init.o(.text)
    __decompress                             0x080008d9   Thumb Code     0  __dczerorl2.o(.text)
    __decompress1                            0x080008d9   Thumb Code    86  __dczerorl2.o(.text)
    AutoCalPllFactor                         0x0800092f   Thumb Code   102  system_mm32f327x.o(i.AutoCalPllFactor)
    BLUE                                     0x08000995   Thumb Code    38  key.o(i.BLUE)
    DELAY_Init                               0x080009c1   Thumb Code     8  systick.o(i.DELAY_Init)
    DELAY_Us                                 0x080009cd   Thumb Code    32  systick.o(i.DELAY_Us)
    DMA1_Channel3_IRQHandler                 0x08000a35   Thumb Code   140  gps.o(i.DMA1_Channel3_IRQHandler)
    DMA_ClearITPendingBit                    0x08000ae1   Thumb Code    20  hal_dma.o(i.DMA_ClearITPendingBit)
    DMA_Cmd                                  0x08000afd   Thumb Code    12  hal_dma.o(i.DMA_Cmd)
    DMA_GetFlagStatus                        0x08000b09   Thumb Code    40  hal_dma.o(i.DMA_GetFlagStatus)
    DMA_ITConfig                             0x08000b39   Thumb Code    18  hal_dma.o(i.DMA_ITConfig)
    DMA_Init                                 0x08000b4b   Thumb Code    70  hal_dma.o(i.DMA_Init)
    D_Caculate                               0x08000b91   Thumb Code    26  pid.o(i.D_Caculate)
    Find_Exchange_Way                        0x08000bb1   Thumb Code    86  vector.o(i.Find_Exchange_Way)
    Find_target                              0x08000c11   Thumb Code   216  gps.o(i.Find_target)
    GPIO_Init                                0x08000cf1   Thumb Code   170  hal_gpio.o(i.GPIO_Init)
    GPIO_PinAFConfig                         0x08000d9b   Thumb Code    40  hal_gpio.o(i.GPIO_PinAFConfig)
    GPIO_ReadInputDataBit                    0x08000dc3   Thumb Code    16  hal_gpio.o(i.GPIO_ReadInputDataBit)
    GPIO_StructInit                          0x08000dd3   Thumb Code    16  hal_gpio.o(i.GPIO_StructInit)
    GPIO_WriteBit                            0x08000de3   Thumb Code    10  hal_gpio.o(i.GPIO_WriteBit)
    GPS_Init                                 0x08000ded   Thumb Code    60  gps.o(i.GPS_Init)
    GPS_Send                                 0x08000e45   Thumb Code    44  gps.o(i.GPS_Send)
    GREEN                                    0x08000e75   Thumb Code    38  key.o(i.GREEN)
    HMC5983_Init                             0x08000ea1   Thumb Code    52  hmc5983.o(i.HMC5983_Init)
    HMC5983_Read                             0x08000ee1   Thumb Code   156  hmc5983.o(i.HMC5983_Read)
    HMC5983_Read_reg                         0x08000fad   Thumb Code    44  hmc5983.o(i.HMC5983_Read_reg)
    I2C2_NAck                                0x08000fd9   Thumb Code    66  iic.o(i.I2C2_NAck)
    I2C2_Read_Byte                           0x08001021   Thumb Code    74  iic.o(i.I2C2_Read_Byte)
    I2C2_Read_REG                            0x08001071   Thumb Code   112  iic.o(i.I2C2_Read_REG)
    I2C2_Send_Byte                           0x080010e1   Thumb Code    86  iic.o(i.I2C2_Send_Byte)
    I2C2_Start                               0x0800113d   Thumb Code    84  iic.o(i.I2C2_Start)
    I2C2_Stop                                0x08001195   Thumb Code    98  iic.o(i.I2C2_Stop)
    I2C2_Wait_Ack                            0x080011fd   Thumb Code   102  iic.o(i.I2C2_Wait_Ack)
    I2C_Write_REG                            0x08001269   Thumb Code    92  iic.o(i.I2C_Write_REG)
    IIC_GPIO_Init                            0x080012c5   Thumb Code    46  iic.o(i.IIC_GPIO_Init)
    I_Caculate                               0x080012f9   Thumb Code    24  pid.o(i.I_Caculate)
    Init_For_All_Device                      0x08001315   Thumb Code    96  target.o(i.Init_For_All_Device)
    Key_Init                                 0x08001391   Thumb Code   122  key.o(i.Key_Init)
    Key_Scan                                 0x08001415   Thumb Code    54  key.o(i.Key_Scan)
    Main_Loop                                0x08001465   Thumb Code    14  target.o(i.Main_Loop)
    NMEA_Comma_Pos                           0x0800147d   Thumb Code    50  gps.o(i.NMEA_Comma_Pos)
    NMEA_GNRMC_Analysis                      0x080014b1   Thumb Code   590  gps.o(i.NMEA_GNRMC_Analysis)
    NMEA_Pow                                 0x08001719   Thumb Code    22  gps.o(i.NMEA_Pow)
    NMEA_Str2num                             0x0800172f   Thumb Code   234  gps.o(i.NMEA_Str2num)
    NVIC_Init                                0x08001819   Thumb Code    96  hal_misc.o(i.NVIC_Init)
    NVIC_PriorityGroupConfig                 0x08001885   Thumb Code    10  hal_misc.o(i.NVIC_PriorityGroupConfig)
    PID                                      0x08001899   Thumb Code   192  pid.o(i.PID)
    PWM_GPIO_Init                            0x08001979   Thumb Code    56  pwm.o(i.PWM_GPIO_Init)
    PWM_Init                                 0x080019b5   Thumb Code   114  pwm.o(i.PWM_Init)
    P_Caculate                               0x08001a2d   Thumb Code    24  pid.o(i.P_Caculate)
    RCC_AHBPeriphClockCmd                    0x08001a4d   Thumb Code    26  hal_rcc.o(i.RCC_AHBPeriphClockCmd)
    RCC_APB1PeriphClockCmd                   0x08001a6d   Thumb Code    26  hal_rcc.o(i.RCC_APB1PeriphClockCmd)
    RCC_APB2PeriphClockCmd                   0x08001a8d   Thumb Code    26  hal_rcc.o(i.RCC_APB2PeriphClockCmd)
    RCC_GetHCLKFreq                          0x08001aad   Thumb Code    22  hal_rcc.o(i.RCC_GetHCLKFreq)
    RCC_GetPCLK1Freq                         0x08001acd   Thumb Code    22  hal_rcc.o(i.RCC_GetPCLK1Freq)
    RCC_GetPCLK2Freq                         0x08001aed   Thumb Code    22  hal_rcc.o(i.RCC_GetPCLK2Freq)
    RCC_GetSysClockFreq                      0x08001b0d   Thumb Code   102  hal_rcc.o(i.RCC_GetSysClockFreq)
    RED                                      0x08001b81   Thumb Code    38  key.o(i.RED)
    StraightWay                              0x08001e05   Thumb Code    84  target.o(i.StraightWay)
    SystemInit                               0x08001e69   Thumb Code    82  system_mm32f327x.o(i.SystemInit)
    TIM2_IRQHandler                          0x08001ecd   Thumb Code    48  target.o(i.TIM2_IRQHandler)
    TIM2_Init                                0x08001f05   Thumb Code   100  timer.o(i.TIM2_Init)
    TIM_ARRPreloadConfig                     0x08001f69   Thumb Code    22  hal_tim.o(i.TIM_ARRPreloadConfig)
    TIM_ClearITPendingBit                    0x08001f7f   Thumb Code     8  hal_tim.o(i.TIM_ClearITPendingBit)
    TIM_Cmd                                  0x08001f87   Thumb Code    22  hal_tim.o(i.TIM_Cmd)
    TIM_CtrlPWMOutputs                       0x08001f9d   Thumb Code    22  hal_tim.o(i.TIM_CtrlPWMOutputs)
    TIM_GetITStatus                          0x08001fb3   Thumb Code    22  hal_tim.o(i.TIM_GetITStatus)
    TIM_ITConfig                             0x08001fc9   Thumb Code    18  hal_tim.o(i.TIM_ITConfig)
    TIM_OC1Init                              0x08001fdd   Thumb Code    78  hal_tim.o(i.TIM_OC1Init)
    TIM_OC1PreloadConfig                     0x08002035   Thumb Code    12  hal_tim.o(i.TIM_OC1PreloadConfig)
    TIM_TimeBaseInit                         0x08002041   Thumb Code    98  hal_tim.o(i.TIM_TimeBaseInit)
    UART1_GPIO_Init                          0x080020b9   Thumb Code    88  usart.o(i.UART1_GPIO_Init)
    UART1_IRQHandler                         0x08002115   Thumb Code    60  target.o(i.UART1_IRQHandler)
    UART3_DMA_Init                           0x08002161   Thumb Code   158  dma.o(i.UART3_DMA_Init)
    UART3_GPIO_Init                          0x0800220d   Thumb Code    88  usart.o(i.UART3_GPIO_Init)
    UART4_GPIO_Init                          0x08002269   Thumb Code    88  usart.o(i.UART4_GPIO_Init)
    UART_ClearITPendingBit                   0x080022c5   Thumb Code     4  hal_uart.o(i.UART_ClearITPendingBit)
    UART_Cmd                                 0x080022c9   Thumb Code    12  hal_uart.o(i.UART_Cmd)
    UART_DMACmd                              0x080022d5   Thumb Code    14  hal_uart.o(i.UART_DMACmd)
    UART_GetFlagStatus                       0x080022e3   Thumb Code    16  hal_uart.o(i.UART_GetFlagStatus)
    UART_GetITStatus                         0x080022f3   Thumb Code    16  hal_uart.o(i.UART_GetITStatus)
    UART_ITConfig                            0x08002303   Thumb Code    18  hal_uart.o(i.UART_ITConfig)
    UART_Init                                0x08002315   Thumb Code   112  hal_uart.o(i.UART_Init)
    UART_ReceiveData                         0x08002389   Thumb Code     8  hal_uart.o(i.UART_ReceiveData)
    UART_SendData                            0x08002391   Thumb Code     6  hal_uart.o(i.UART_SendData)
    UART_StructInit                          0x08002397   Thumb Code    26  hal_uart.o(i.UART_StructInit)
    USART1_Init                              0x080023b1   Thumb Code   128  usart.o(i.USART1_Init)
    USART3_Init                              0x08002435   Thumb Code    68  usart.o(i.USART3_Init)
    USART4_Init                              0x0800247d   Thumb Code    62  usart.o(i.USART4_Init)
    Way_Limite                               0x080024c1   Thumb Code    72  vector.o(i.Way_Limite)
    __0printf                                0x0800250d   Thumb Code    22  printfa.o(i.__0printf)
    __1printf                                0x0800250d   Thumb Code     0  printfa.o(i.__0printf)
    __2printf                                0x0800250d   Thumb Code     0  printfa.o(i.__0printf)
    __c89printf                              0x0800250d   Thumb Code     0  printfa.o(i.__0printf)
    printf                                   0x0800250d   Thumb Code     0  printfa.o(i.__0printf)
    __ARM_fpclassify                         0x0800252d   Thumb Code    40  fpclassify.o(i.__ARM_fpclassify)
    __ieee754_rem_pio2                       0x08002555   Thumb Code   828  rred.o(i.__ieee754_rem_pio2)
    __kernel_cos                             0x080028dd   Thumb Code   230  cos_i.o(i.__kernel_cos)
    __kernel_poly                            0x080029d9   Thumb Code   170  poly.o(i.__kernel_poly)
    __kernel_sin                             0x08002a85   Thumb Code   224  sin_i.o(i.__kernel_sin)
    __mathlib_dbl_infnan                     0x08002b71   Thumb Code     6  dunder.o(i.__mathlib_dbl_infnan)
    __mathlib_dbl_infnan2                    0x08002b77   Thumb Code     4  dunder.o(i.__mathlib_dbl_infnan2)
    __mathlib_dbl_invalid                    0x08002b7b   Thumb Code    12  dunder.o(i.__mathlib_dbl_invalid)
    __mathlib_dbl_underflow                  0x08002b89   Thumb Code    10  dunder.o(i.__mathlib_dbl_underflow)
    __scatterload_copy                       0x08002b99   Thumb Code    14  handlers.o(i.__scatterload_copy)
    __scatterload_null                       0x08002ba7   Thumb Code     2  handlers.o(i.__scatterload_null)
    __scatterload_zeroinit                   0x08002ba9   Thumb Code    14  handlers.o(i.__scatterload_zeroinit)
    __set_errno                              0x08002bb9   Thumb Code     6  errno.o(i.__set_errno)
    acos                                     0x08003479   Thumb Code   574  acos.o(i.acos)
    atan                                     0x080036f5   Thumb Code   474  atan.o(i.atan)
    atan2                                    0x08003915   Thumb Code   346  atan2.o(i.atan2)
    cos                                      0x08003a95   Thumb Code   148  cos.o(i.cos)
    fputc                                    0x08003b31   Thumb Code    32  usart.o(i.fputc)
    main                                     0x08003b55   Thumb Code    12  main.o(i.main)
    rectangle                                0x08003b61   Thumb Code    72  hmc5983.o(i.rectangle)
    sin                                      0x08003bb1   Thumb Code   150  sin.o(i.sin)
    sqrt                                     0x08003c51   Thumb Code    76  sqrt.o(i.sqrt)
    target_find                              0x08003c9d   Thumb Code   218  gps.o(i.target_find)
    transformlat                             0x08003dad   Thumb Code   622  gps.o(i.transformlat)
    transformlng                             0x08004051   Thumb Code   614  gps.o(i.transformlng)
    wgs84_to_gcj02                           0x080042e5   Thumb Code   416  gps.o(i.wgs84_to_gcj02)
    xiangchajiao                             0x080044a9   Thumb Code   230  vector.o(i.xiangchajiao)
    __mathlib_zero                           0x080046b0   Data           8  qnan.o(.constdata)
    Region$$Table$$Base                      0x080047a8   Number         0  anon$$obj.o(Region$$Table)
    Region$$Table$$Limit                     0x080047c8   Number         0  anon$$obj.o(Region$$Table)
    x                                        0x20000000   Data           4  hmc5983.o(.data)
    y                                        0x20000004   Data           4  hmc5983.o(.data)
    z                                        0x20000008   Data           4  hmc5983.o(.data)
    x1                                       0x2000000c   Data           4  hmc5983.o(.data)
    y1                                       0x20000010   Data           4  hmc5983.o(.data)
    z1                                       0x20000014   Data           4  hmc5983.o(.data)
    jiaozheng                                0x20000018   Data           4  hmc5983.o(.data)
    x_Max                                    0x2000001c   Data           4  hmc5983.o(.data)
    x_Min                                    0x20000020   Data           4  hmc5983.o(.data)
    y_Max                                    0x20000024   Data           4  hmc5983.o(.data)
    y_Min                                    0x20000028   Data           4  hmc5983.o(.data)
    z_Max                                    0x2000002c   Data           4  hmc5983.o(.data)
    z_Min                                    0x20000030   Data           4  hmc5983.o(.data)
    x_offset                                 0x20000034   Data           4  hmc5983.o(.data)
    y_offset                                 0x20000038   Data           4  hmc5983.o(.data)
    z_offset                                 0x2000003c   Data           4  hmc5983.o(.data)
    x_gain                                   0x20000040   Data           4  hmc5983.o(.data)
    y_gain                                   0x20000044   Data           4  hmc5983.o(.data)
    z_gain                                   0x20000048   Data           4  hmc5983.o(.data)
    x_real                                   0x2000004c   Data           4  hmc5983.o(.data)
    y_real                                   0x20000050   Data           4  hmc5983.o(.data)
    z_real                                   0x20000054   Data           4  hmc5983.o(.data)
    Pi                                       0x20000058   Data           8  hmc5983.o(.data)
    x_pi                                     0x20000068   Data           8  gps.o(.data)
    pi                                       0x20000070   Data           8  gps.o(.data)
    a                                        0x20000078   Data           8  gps.o(.data)
    ee                                       0x20000080   Data           8  gps.o(.data)
    EARTH_RADIUS                             0x20000088   Data           8  gps.o(.data)
    Base_way                                 0x20000090   Data           8  gps.o(.data)
    Error                                    0x20000098   Data           8  gps.o(.data)
    target                                   0x200000a0   Data           8  gps.o(.data)
    lng_val                                  0x200000a8   Data           8  gps.o(.data)
    lat_val                                  0x200000b0   Data           8  gps.o(.data)
    daohangcanshu                            0x200000b8   Data           4  gps.o(.data)
    Point_Sum                                0x200000bc   Data           4  gps.o(.data)
    Count                                    0x200000c0   Data           4  gps.o(.data)
    W1                                       0x200000c8   Data         800  gps.o(.data)
    Clear_GGA                                0x200003e8   Data          44  gps.o(.data)
    Clear_GSA                                0x20000414   Data          44  gps.o(.data)
    Clear_GSV                                0x20000440   Data          44  gps.o(.data)
    Clear_TXT                                0x2000046c   Data          44  gps.o(.data)
    Clear_ANT                                0x20000498   Data          44  gps.o(.data)
    Clear_ZDA                                0x200004c4   Data          44  gps.o(.data)
    Clear_RMC                                0x200004f0   Data          44  gps.o(.data)
    Open_RMC                                 0x2000051c   Data          44  gps.o(.data)
    Set_Fre                                  0x20000548   Data         112  gps.o(.data)
    RST                                      0x200005b8   Data          36  gps.o(.data)
    P                                        0x200005e0   Data           8  vector.o(.data)
    jiaodu                                   0x200005e8   Data           8  target.o(.data)
    way_val                                  0x200005f0   Data           8  target.o(.data)
    zhankongbi                               0x200005f8   Data           8  target.o(.data)
    SWITCH                                   0x20000600   Data           4  target.o(.data)
    Now_Error                                0x20000608   Data           8  pid.o(.data)
    Sum_Error                                0x20000610   Data           8  pid.o(.data)
    Last_Error                               0x20000618   Data           8  pid.o(.data)
    Hst_Error                                0x20000620   Data           8  pid.o(.data)
    SystemCoreClock                          0x20000628   Data           4  system_mm32f327x.o(.data)
    AHBPrescTable                            0x2000062c   Data          16  system_mm32f327x.o(.data)
    tbPresc                                  0x2000063c   Data          16  hal_rcc.o(.data)
    __stdout                                 0x2000064c   Data           4  stdout.o(.data)
    Data_Buf                                 0x20000658   Data        1024  gps.o(.bss)
    GNRMC                                    0x20000a58   Data         152  gps.o(.bss)
    __initial_sp                             0x20000ef0   Data           0  startup_mm32f327x_keil.o(STACK)



==============================================================================

Memory Map of the image

  Image Entry point : 0x08000191

  Load Region LR_IROM1 (Base: 0x08000000, Size: 0x00004e1c, Max: 0x00080000, ABSOLUTE, COMPRESSED[0x00004908])

    Execution Region ER_IROM1 (Exec base: 0x08000000, Load base: 0x08000000, Size: 0x000047c8, Max: 0x00080000, ABSOLUTE)

    Exec Addr    Load Addr    Size         Type   Attr      Idx    E Section Name        Object

    0x08000000   0x08000000   0x00000190   Data   RO            3    RESET               startup_mm32f327x_keil.o
    0x08000190   0x08000190   0x00000000   Code   RO         5509  * .ARM.Collect$$$$00000000  mc_w.l(entry.o)
    0x08000190   0x08000190   0x00000004   Code   RO         5840    .ARM.Collect$$$$00000001  mc_w.l(entry2.o)
    0x08000194   0x08000194   0x00000004   Code   RO         5843    .ARM.Collect$$$$00000004  mc_w.l(entry5.o)
    0x08000198   0x08000198   0x00000000   Code   RO         5845    .ARM.Collect$$$$00000008  mc_w.l(entry7b.o)
    0x08000198   0x08000198   0x00000000   Code   RO         5847    .ARM.Collect$$$$0000000A  mc_w.l(entry8b.o)
    0x08000198   0x08000198   0x00000008   Code   RO         5848    .ARM.Collect$$$$0000000B  mc_w.l(entry9a.o)
    0x080001a0   0x080001a0   0x00000000   Code   RO         5850    .ARM.Collect$$$$0000000D  mc_w.l(entry10a.o)
    0x080001a0   0x080001a0   0x00000000   Code   RO         5852    .ARM.Collect$$$$0000000F  mc_w.l(entry11a.o)
    0x080001a0   0x080001a0   0x00000004   Code   RO         5841    .ARM.Collect$$$$00002712  mc_w.l(entry2.o)
    0x080001a4   0x080001a4   0x00000024   Code   RO            4    .text               startup_mm32f327x_keil.o
    0x080001c8   0x080001c8   0x00000024   Code   RO         5514    .text               mc_w.l(strstr.o)
    0x080001ec   0x080001ec   0x0000014e   Code   RO         5779    .text               mf_w.l(dadd.o)
    0x0800033a   0x0800033a   0x000000e4   Code   RO         5781    .text               mf_w.l(dmul.o)
    0x0800041e   0x0800041e   0x000000de   Code   RO         5783    .text               mf_w.l(ddiv.o)
    0x080004fc   0x080004fc   0x00000022   Code   RO         5785    .text               mf_w.l(dflti.o)
    0x0800051e   0x0800051e   0x0000001a   Code   RO         5787    .text               mf_w.l(dfltui.o)
    0x08000538   0x08000538   0x0000003e   Code   RO         5789    .text               mf_w.l(dfixi.o)
    0x08000576   0x08000576   0x00000032   Code   RO         5791    .text               mf_w.l(dfixui.o)
    0x080005a8   0x080005a8   0x00000030   Code   RO         5793    .text               mf_w.l(cdcmple.o)
    0x080005d8   0x080005d8   0x00000030   Code   RO         5795    .text               mf_w.l(cdrcmple.o)
    0x08000608   0x08000608   0x0000002c   Code   RO         5855    .text               mc_w.l(uidiv.o)
    0x08000634   0x08000634   0x00000062   Code   RO         5857    .text               mc_w.l(uldiv.o)
    0x08000696   0x08000696   0x0000001e   Code   RO         5859    .text               mc_w.l(llshl.o)
    0x080006b4   0x080006b4   0x00000020   Code   RO         5861    .text               mc_w.l(llushr.o)
    0x080006d4   0x080006d4   0x00000024   Code   RO         5863    .text               mc_w.l(llsshr.o)
    0x080006f8   0x080006f8   0x00000000   Code   RO         5872    .text               mc_w.l(iusefp.o)
    0x080006f8   0x080006f8   0x000000ba   Code   RO         5873    .text               mf_w.l(depilogue.o)
    0x080007b2   0x080007b2   0x0000002e   Code   RO         5875    .text               mf_w.l(dscalb.o)
    0x080007e0   0x080007e0   0x000000a2   Code   RO         5877    .text               mf_w.l(dsqrt.o)
    0x08000882   0x08000882   0x00000030   Code   RO         5881    .text               mf_w.l(dfixul.o)
    0x080008b2   0x080008b2   0x00000002   PAD
    0x080008b4   0x080008b4   0x00000024   Code   RO         5883    .text               mc_w.l(init.o)
    0x080008d8   0x080008d8   0x00000056   Code   RO         5893    .text               mc_w.l(__dczerorl2.o)
    0x0800092e   0x0800092e   0x00000066   Code   RO         1068    i.AutoCalPllFactor  system_mm32f327x.o
    0x08000994   0x08000994   0x0000002c   Code   RO          978    i.BLUE              key.o
    0x080009c0   0x080009c0   0x0000000c   Code   RO          534    i.DELAY_Init        systick.o
    0x080009cc   0x080009cc   0x00000024   Code   RO          536    i.DELAY_Us          systick.o
    0x080009f0   0x080009f0   0x00000042   Code   RO         1069    i.DELAY_xUs         system_mm32f327x.o
    0x08000a32   0x08000a32   0x00000002   PAD
    0x08000a34   0x08000a34   0x000000ac   Code   RO          588    i.DMA1_Channel3_IRQHandler  gps.o
    0x08000ae0   0x08000ae0   0x0000001c   Code   RO         2081    i.DMA_ClearITPendingBit  hal_dma.o
    0x08000afc   0x08000afc   0x0000000c   Code   RO         2082    i.DMA_Cmd           hal_dma.o
    0x08000b08   0x08000b08   0x00000030   Code   RO         2085    i.DMA_GetFlagStatus  hal_dma.o
    0x08000b38   0x08000b38   0x00000012   Code   RO         2087    i.DMA_ITConfig      hal_dma.o
    0x08000b4a   0x08000b4a   0x00000046   Code   RO         2088    i.DMA_Init          hal_dma.o
    0x08000b90   0x08000b90   0x00000020   Code   RO          926    i.D_Caculate        pid.o
    0x08000bb0   0x08000bb0   0x00000060   Code   RO          710    i.Find_Exchange_Way  vector.o
    0x08000c10   0x08000c10   0x000000e0   Code   RO          589    i.Find_target       gps.o
    0x08000cf0   0x08000cf0   0x000000aa   Code   RO         3034    i.GPIO_Init         hal_gpio.o
    0x08000d9a   0x08000d9a   0x00000028   Code   RO         3035    i.GPIO_PinAFConfig  hal_gpio.o
    0x08000dc2   0x08000dc2   0x00000010   Code   RO         3039    i.GPIO_ReadInputDataBit  hal_gpio.o
    0x08000dd2   0x08000dd2   0x00000010   Code   RO         3044    i.GPIO_StructInit   hal_gpio.o
    0x08000de2   0x08000de2   0x0000000a   Code   RO         3046    i.GPIO_WriteBit     hal_gpio.o
    0x08000dec   0x08000dec   0x00000058   Code   RO          590    i.GPS_Init          gps.o
    0x08000e44   0x08000e44   0x00000030   Code   RO          591    i.GPS_Send          gps.o
    0x08000e74   0x08000e74   0x0000002c   Code   RO          979    i.GREEN             key.o
    0x08000ea0   0x08000ea0   0x00000040   Code   RO          458    i.HMC5983_Init      hmc5983.o
    0x08000ee0   0x08000ee0   0x000000cc   Code   RO          459    i.HMC5983_Read      hmc5983.o
    0x08000fac   0x08000fac   0x0000002c   Code   RO          460    i.HMC5983_Read_reg  hmc5983.o
    0x08000fd8   0x08000fd8   0x00000048   Code   RO          298    i.I2C2_NAck         iic.o
    0x08001020   0x08001020   0x00000050   Code   RO          299    i.I2C2_Read_Byte    iic.o
    0x08001070   0x08001070   0x00000070   Code   RO          301    i.I2C2_Read_REG     iic.o
    0x080010e0   0x080010e0   0x0000005c   Code   RO          302    i.I2C2_Send_Byte    iic.o
    0x0800113c   0x0800113c   0x00000058   Code   RO          303    i.I2C2_Start        iic.o
    0x08001194   0x08001194   0x00000068   Code   RO          304    i.I2C2_Stop         iic.o
    0x080011fc   0x080011fc   0x0000006c   Code   RO          305    i.I2C2_Wait_Ack     iic.o
    0x08001268   0x08001268   0x0000005c   Code   RO          307    i.I2C_Write_REG     iic.o
    0x080012c4   0x080012c4   0x00000034   Code   RO          308    i.IIC_GPIO_Init     iic.o
    0x080012f8   0x080012f8   0x0000001c   Code   RO          927    i.I_Caculate        pid.o
    0x08001314   0x08001314   0x0000007c   Code   RO          811    i.Init_For_All_Device  target.o
    0x08001390   0x08001390   0x00000084   Code   RO          980    i.Key_Init          key.o
    0x08001414   0x08001414   0x00000050   Code   RO          981    i.Key_Scan          key.o
    0x08001464   0x08001464   0x00000018   Code   RO          812    i.Main_Loop         target.o
    0x0800147c   0x0800147c   0x00000032   Code   RO          592    i.NMEA_Comma_Pos    gps.o
    0x080014ae   0x080014ae   0x00000002   PAD
    0x080014b0   0x080014b0   0x00000268   Code   RO          593    i.NMEA_GNRMC_Analysis  gps.o
    0x08001718   0x08001718   0x00000016   Code   RO          594    i.NMEA_Pow          gps.o
    0x0800172e   0x0800172e   0x000000ea   Code   RO          595    i.NMEA_Str2num      gps.o
    0x08001818   0x08001818   0x0000006c   Code   RO         3422    i.NVIC_Init         hal_misc.o
    0x08001884   0x08001884   0x00000014   Code   RO         3423    i.NVIC_PriorityGroupConfig  hal_misc.o
    0x08001898   0x08001898   0x000000e0   Code   RO          928    i.PID               pid.o
    0x08001978   0x08001978   0x0000003c   Code   RO          743    i.PWM_GPIO_Init     pwm.o
    0x080019b4   0x080019b4   0x00000078   Code   RO          744    i.PWM_Init          pwm.o
    0x08001a2c   0x08001a2c   0x00000020   Code   RO          929    i.P_Caculate        pid.o
    0x08001a4c   0x08001a4c   0x00000020   Code   RO         3581    i.RCC_AHBPeriphClockCmd  hal_rcc.o
    0x08001a6c   0x08001a6c   0x00000020   Code   RO         3584    i.RCC_APB1PeriphClockCmd  hal_rcc.o
    0x08001a8c   0x08001a8c   0x00000020   Code   RO         3587    i.RCC_APB2PeriphClockCmd  hal_rcc.o
    0x08001aac   0x08001aac   0x00000020   Code   RO         3604    i.RCC_GetHCLKFreq   hal_rcc.o
    0x08001acc   0x08001acc   0x00000020   Code   RO         3606    i.RCC_GetPCLK1Freq  hal_rcc.o
    0x08001aec   0x08001aec   0x00000020   Code   RO         3607    i.RCC_GetPCLK2Freq  hal_rcc.o
    0x08001b0c   0x08001b0c   0x00000074   Code   RO         3609    i.RCC_GetSysClockFreq  hal_rcc.o
    0x08001b80   0x08001b80   0x0000002c   Code   RO          982    i.RED               key.o
    0x08001bac   0x08001bac   0x00000030   Code   RO         1070    i.SetSysClock       system_mm32f327x.o
    0x08001bdc   0x08001bdc   0x00000228   Code   RO         1071    i.SetSysClockToXX   system_mm32f327x.o
    0x08001e04   0x08001e04   0x00000064   Code   RO          813    i.StraightWay       target.o
    0x08001e68   0x08001e68   0x00000064   Code   RO         1072    i.SystemInit        system_mm32f327x.o
    0x08001ecc   0x08001ecc   0x00000038   Code   RO          814    i.TIM2_IRQHandler   target.o
    0x08001f04   0x08001f04   0x00000064   Code   RO          780    i.TIM2_Init         timer.o
    0x08001f68   0x08001f68   0x00000016   Code   RO         4430    i.TIM_ARRPreloadConfig  hal_tim.o
    0x08001f7e   0x08001f7e   0x00000008   Code   RO         4437    i.TIM_ClearITPendingBit  hal_tim.o
    0x08001f86   0x08001f86   0x00000016   Code   RO         4443    i.TIM_Cmd           hal_tim.o
    0x08001f9c   0x08001f9c   0x00000016   Code   RO         4445    i.TIM_CtrlPWMOutputs  hal_tim.o
    0x08001fb2   0x08001fb2   0x00000016   Code   RO         4466    i.TIM_GetITStatus   hal_tim.o
    0x08001fc8   0x08001fc8   0x00000012   Code   RO         4470    i.TIM_ITConfig      hal_tim.o
    0x08001fda   0x08001fda   0x00000002   PAD
    0x08001fdc   0x08001fdc   0x00000058   Code   RO         4474    i.TIM_OC1Init       hal_tim.o
    0x08002034   0x08002034   0x0000000c   Code   RO         4477    i.TIM_OC1PreloadConfig  hal_tim.o
    0x08002040   0x08002040   0x00000078   Code   RO         4531    i.TIM_TimeBaseInit  hal_tim.o
    0x080020b8   0x080020b8   0x0000005c   Code   RO           13    i.UART1_GPIO_Init   usart.o
    0x08002114   0x08002114   0x0000004c   Code   RO          815    i.UART1_IRQHandler  target.o
    0x08002160   0x08002160   0x000000ac   Code   RO          894    i.UART3_DMA_Init    dma.o
    0x0800220c   0x0800220c   0x0000005c   Code   RO           14    i.UART3_GPIO_Init   usart.o
    0x08002268   0x08002268   0x0000005c   Code   RO           15    i.UART4_GPIO_Init   usart.o
    0x080022c4   0x080022c4   0x00000004   Code   RO         5099    i.UART_ClearITPendingBit  hal_uart.o
    0x080022c8   0x080022c8   0x0000000c   Code   RO         5100    i.UART_Cmd          hal_uart.o
    0x080022d4   0x080022d4   0x0000000e   Code   RO         5101    i.UART_DMACmd       hal_uart.o
    0x080022e2   0x080022e2   0x00000010   Code   RO         5104    i.UART_GetFlagStatus  hal_uart.o
    0x080022f2   0x080022f2   0x00000010   Code   RO         5105    i.UART_GetITStatus  hal_uart.o
    0x08002302   0x08002302   0x00000012   Code   RO         5107    i.UART_ITConfig     hal_uart.o
    0x08002314   0x08002314   0x00000074   Code   RO         5108    i.UART_Init         hal_uart.o
    0x08002388   0x08002388   0x00000008   Code   RO         5109    i.UART_ReceiveData  hal_uart.o
    0x08002390   0x08002390   0x00000006   Code   RO         5112    i.UART_SendData     hal_uart.o
    0x08002396   0x08002396   0x0000001a   Code   RO         5121    i.UART_StructInit   hal_uart.o
    0x080023b0   0x080023b0   0x00000084   Code   RO           16    i.USART1_Init       usart.o
    0x08002434   0x08002434   0x00000048   Code   RO           17    i.USART3_Init       usart.o
    0x0800247c   0x0800247c   0x00000044   Code   RO           18    i.USART4_Init       usart.o
    0x080024c0   0x080024c0   0x0000004c   Code   RO          711    i.Way_Limite        vector.o
    0x0800250c   0x0800250c   0x00000020   Code   RO         5751    i.__0printf         mc_w.l(printfa.o)
    0x0800252c   0x0800252c   0x00000028   Code   RO         5824    i.__ARM_fpclassify  m_ws.l(fpclassify.o)
    0x08002554   0x08002554   0x00000388   Code   RO         5829    i.__ieee754_rem_pio2  m_ws.l(rred.o)
    0x080028dc   0x080028dc   0x000000fc   Code   RO         5807    i.__kernel_cos      m_ws.l(cos_i.o)
    0x080029d8   0x080029d8   0x000000aa   Code   RO         5826    i.__kernel_poly     m_ws.l(poly.o)
    0x08002a82   0x08002a82   0x00000002   PAD
    0x08002a84   0x08002a84   0x000000ec   Code   RO         5834    i.__kernel_sin      m_ws.l(sin_i.o)
    0x08002b70   0x08002b70   0x00000006   Code   RO         5811    i.__mathlib_dbl_infnan  m_ws.l(dunder.o)
    0x08002b76   0x08002b76   0x00000004   Code   RO         5812    i.__mathlib_dbl_infnan2  m_ws.l(dunder.o)
    0x08002b7a   0x08002b7a   0x0000000c   Code   RO         5813    i.__mathlib_dbl_invalid  m_ws.l(dunder.o)
    0x08002b86   0x08002b86   0x00000002   PAD
    0x08002b88   0x08002b88   0x00000010   Code   RO         5816    i.__mathlib_dbl_underflow  m_ws.l(dunder.o)
    0x08002b98   0x08002b98   0x0000000e   Code   RO         5887    i.__scatterload_copy  mc_w.l(handlers.o)
    0x08002ba6   0x08002ba6   0x00000002   Code   RO         5888    i.__scatterload_null  mc_w.l(handlers.o)
    0x08002ba8   0x08002ba8   0x0000000e   Code   RO         5889    i.__scatterload_zeroinit  mc_w.l(handlers.o)
    0x08002bb6   0x08002bb6   0x00000002   PAD
    0x08002bb8   0x08002bb8   0x0000000c   Code   RO         5867    i.__set_errno       mc_w.l(errno.o)
    0x08002bc4   0x08002bc4   0x00000184   Code   RO         5758    i._fp_digits        mc_w.l(printfa.o)
    0x08002d48   0x08002d48   0x000006dc   Code   RO         5759    i._printf_core      mc_w.l(printfa.o)
    0x08003424   0x08003424   0x00000024   Code   RO         5760    i._printf_post_padding  mc_w.l(printfa.o)
    0x08003448   0x08003448   0x0000002e   Code   RO         5761    i._printf_pre_padding  mc_w.l(printfa.o)
    0x08003476   0x08003476   0x00000002   PAD
    0x08003478   0x08003478   0x0000027c   Code   RO         5446    i.acos              m_ws.l(acos.o)
    0x080036f4   0x080036f4   0x00000220   Code   RO         5798    i.atan              m_ws.l(atan.o)
    0x08003914   0x08003914   0x00000180   Code   RO         5466    i.atan2             m_ws.l(atan2.o)
    0x08003a94   0x08003a94   0x0000009c   Code   RO         5474    i.cos               m_ws.l(cos.o)
    0x08003b30   0x08003b30   0x00000024   Code   RO           19    i.fputc             usart.o
    0x08003b54   0x08003b54   0x0000000c   Code   RO         1034    i.main              main.o
    0x08003b60   0x08003b60   0x00000050   Code   RO          464    i.rectangle         hmc5983.o
    0x08003bb0   0x08003bb0   0x000000a0   Code   RO         5494    i.sin               m_ws.l(sin.o)
    0x08003c50   0x08003c50   0x0000004c   Code   RO         5502    i.sqrt              m_ws.l(sqrt.o)
    0x08003c9c   0x08003c9c   0x00000110   Code   RO          598    i.target_find       gps.o
    0x08003dac   0x08003dac   0x000002a4   Code   RO          599    i.transformlat      gps.o
    0x08004050   0x08004050   0x00000294   Code   RO          600    i.transformlng      gps.o
    0x080042e4   0x080042e4   0x000001c4   Code   RO          601    i.wgs84_to_gcj02    gps.o
    0x080044a8   0x080044a8   0x000000f0   Code   RO          712    i.xiangchajiao      vector.o
    0x08004598   0x08004598   0x00000050   Data   RO         5447    .constdata          m_ws.l(acos.o)
    0x080045e8   0x080045e8   0x00000098   Data   RO         5799    .constdata          m_ws.l(atan.o)
    0x08004680   0x08004680   0x00000030   Data   RO         5808    .constdata          m_ws.l(cos_i.o)
    0x080046b0   0x080046b0   0x00000008   Data   RO         5828    .constdata          m_ws.l(qnan.o)
    0x080046b8   0x080046b8   0x000000c8   Data   RO         5831    .constdata          m_ws.l(rred.o)
    0x08004780   0x08004780   0x00000028   Data   RO         5835    .constdata          m_ws.l(sin_i.o)
    0x080047a8   0x080047a8   0x00000020   Data   RO         5885    Region$$Table       anon$$obj.o


    Execution Region RW_IRAM1 (Exec base: 0x20000000, Load base: 0x080047c8, Size: 0x00000ef0, Max: 0x00020000, ABSOLUTE, COMPRESSED[0x00000140])

    Exec Addr    Load Addr    Size         Type   Attr      Idx    E Section Name        Object

    0x20000000   COMPRESSED   0x00000060   Data   RW          466    .data               hmc5983.o
    0x20000060   COMPRESSED   0x00000004   Data   RW          537    .data               systick.o
    0x20000064   COMPRESSED   0x00000004   PAD
    0x20000068   COMPRESSED   0x00000574   Data   RW          603    .data               gps.o
    0x200005dc   COMPRESSED   0x00000004   PAD
    0x200005e0   COMPRESSED   0x00000008   Data   RW          713    .data               vector.o
    0x200005e8   COMPRESSED   0x0000001c   Data   RW          816    .data               target.o
    0x20000604   COMPRESSED   0x00000004   PAD
    0x20000608   COMPRESSED   0x00000020   Data   RW          930    .data               pid.o
    0x20000628   COMPRESSED   0x00000014   Data   RW         1073    .data               system_mm32f327x.o
    0x2000063c   COMPRESSED   0x00000010   Data   RW         3635    .data               hal_rcc.o
    0x2000064c   COMPRESSED   0x00000004   Data   RW         5854    .data               mc_w.l(stdout.o)
    0x20000650   COMPRESSED   0x00000004   Data   RW         5868    .data               mc_w.l(errno.o)
    0x20000654   COMPRESSED   0x00000004   PAD
    0x20000658        -       0x00000498   Zero   RW          602    .bss                gps.o
    0x20000af0        -       0x00000400   Zero   RW            1    STACK               startup_mm32f327x_keil.o


==============================================================================

Image component sizes


      Code (inc. data)   RO Data    RW Data    ZI Data      Debug   Object Name

       172         14          0          0          0        645   dma.o
      3514        288          0       1396       1176      11166   gps.o
         0          0          0          0          0     111404   hal_adc.o
       176         16          0          0          0       6772   hal_dma.o
       252          0          0          0          0       5681   hal_gpio.o
       128         22          0          0          0       2667   hal_misc.o
       308         62          0         16          0       7142   hal_rcc.o
       334         32          0          0          0      12319   hal_tim.o
       236          4          0          0          0       7703   hal_uart.o
       392         68          0         96          0       3777   hmc5983.o
       800         40          0          0          0       5479   iic.o
       344         54          0          0          0       2443   key.o
        12          0          0          0          0        451   main.o
       316         50          0         32          0       2568   pid.o
       180         10          0          0          0       1219   pwm.o
        36          8        400          0       1024        844   startup_mm32f327x_keil.o
       868         68          0         20          0       4140   system_mm32f327x.o
        48          8          0          4          0       1716   systick.o
       380         78          0         28          0       3052   target.o
       100          0          0          0          0        676   timer.o
       584         30          0          0          0      27644   usart.o
       412         24          0          8          0       2172   vector.o

    ----------------------------------------------------------------------
      9598        876        432       1612       2200     221680   Object Totals
         0          0         32          0          0          0   (incl. Generated)
         6          0          0         12          0          0   (incl. Padding)

    ----------------------------------------------------------------------

      Code (inc. data)   RO Data    RW Data    ZI Data      Debug   Library Member Name

       636         62         80          0          0        188   acos.o
       544         70        152          0          0        124   atan.o
       384         38          0          0          0        144   atan2.o
       156          8          0          0          0        104   cos.o
       252         22         48          0          0        124   cos_i.o
        38          6          0          0          0        272   dunder.o
        40          0          0          0          0         68   fpclassify.o
       170          0          0          0          0         96   poly.o
         0          0          8          0          0          0   qnan.o
       904         76        200          0          0        140   rred.o
       160         10          0          0          0        108   sin.o
       236         12         40          0          0        128   sin_i.o
        76          0          0          0          0         84   sqrt.o
        86          0          0          0          0          0   __dczerorl2.o
         0          0          0          0          0          0   entry.o
         0          0          0          0          0          0   entry10a.o
         0          0          0          0          0          0   entry11a.o
         8          4          0          0          0          0   entry2.o
         4          0          0          0          0          0   entry5.o
         0          0          0          0          0          0   entry7b.o
         0          0          0          0          0          0   entry8b.o
         8          4          0          0          0          0   entry9a.o
        12          6          0          4          0         68   errno.o
        30          0          0          0          0          0   handlers.o
        36          8          0          0          0         68   init.o
         0          0          0          0          0          0   iusefp.o
        30          0          0          0          0         68   llshl.o
        36          0          0          0          0         68   llsshr.o
        32          0          0          0          0         68   llushr.o
      2258         90          0          0          0        452   printfa.o
         0          0          0          4          0          0   stdout.o
        36          0          0          0          0         80   strstr.o
        44          0          0          0          0         80   uidiv.o
        98          0          0          0          0         92   uldiv.o
        48          0          0          0          0         68   cdcmple.o
        48          0          0          0          0         68   cdrcmple.o
       334          0          0          0          0        148   dadd.o
       222          0          0          0          0        100   ddiv.o
       186          0          0          0          0        176   depilogue.o
        62          0          0          0          0         80   dfixi.o
        50          0          0          0          0         76   dfixui.o
        48          0          0          0          0         68   dfixul.o
        34          0          0          0          0         76   dflti.o
        26          0          0          0          0         76   dfltui.o
       228          0          0          0          0         96   dmul.o
        46          0          0          0          0         80   dscalb.o
       162          0          0          0          0        100   dsqrt.o

    ----------------------------------------------------------------------
      7818        416        528          8          4       3836   Library Totals
        10          0          0          0          4          0   (incl. Padding)

    ----------------------------------------------------------------------

      Code (inc. data)   RO Data    RW Data    ZI Data      Debug   Library Name

      3596        304        528          0          0       1580   m_ws.l
      2718        112          0          8          0       1044   mc_w.l
      1494          0          0          0          0       1212   mf_w.l

    ----------------------------------------------------------------------
      7818        416        528          8          4       3836   Library Totals

    ----------------------------------------------------------------------

==============================================================================


      Code (inc. data)   RO Data    RW Data    ZI Data      Debug   

     17416       1292        960       1620       2204     218728   Grand Totals
     17416       1292        960        320       2204     218728   ELF Image Totals (compressed)
     17416       1292        960        320          0          0   ROM Totals

==============================================================================

    Total RO  Size (Code + RO Data)                18376 (  17.95kB)
    Total RW  Size (RW Data + ZI Data)              3824 (   3.73kB)
    Total ROM Size (Code + RO Data + RW Data)      18696 (  18.26kB)

==============================================================================

