<html>
<body>
<pre>
<h1>礦ision Build Log</h1>
<h2>Tool Versions:</h2>
IDE-Version: μVision V5.25.2.0
Copyright (C) 2018 ARM Ltd and ARM Germany GmbH. All rights reserved.
License Information: Xun 280160112@qq.com, Xun, LIC=SDA0P-MZZ2S-56JQ2-9UUI7-9KMDZ-83BW4
 
Tool Versions:
Toolchain:       MDK-ARM Plus  Version: 5.25.2.0
Toolchain Path:  C:\Keil\ARM\ARMCC\Bin
C Compiler:      Armcc.exe V5.06 update 6 (build 750)
Assembler:       Armasm.exe V5.06 update 6 (build 750)
Linker/Locator:  ArmLink.exe V5.06 update 6 (build 750)
Library Manager: ArmAr.exe V5.06 update 6 (build 750)
Hex Converter:   FromElf.exe V5.06 update 6 (build 750)
CPU DLL:         SARMCM3.DLL V5.25.2.0
Dialog DLL:      DCM.DLL V1.17.1.0
Target DLL:      STLink\ST-LINKIII-KEIL_SWO.dll V3.0.1.0
Dialog DLL:      TCM.DLL V1.35.1.0
 
<h2>Project:</h2>
C:\Users\28016\OneDrive\桌面\智能车工程历史归档\主控程序(GPS导航)\MM32F3270.uvprojx
Project File Date:  05/10/2022

<h2>Output:</h2>
*** Using Compiler 'V5.06 update 6 (build 750)', folder: 'C:\Keil\ARM\ARMCC\Bin'
Build target 'Target 1'
compiling PWM.C...
HardWare\PWM\PWM.H(5): warning:  #1-D: last line of file ends without a newline
  #endif
.\User\SETTING.H(14): warning:  #1-D: last line of file ends without a newline
  #endif
.\HardWare\systick\systick.h(10): warning:  #1-D: last line of file ends without a newline
  #endif
.\User\SETTING.H(14): warning:  #1-D: last line of file ends without a newline
  #endif
HardWare\PWM\PWM.C(40): warning:  #1-D: last line of file ends without a newline
  }
HardWare\PWM\PWM.C: 5 warnings, 0 errors
compiling main.c...
.\User\SETTING.H(14): warning:  #1-D: last line of file ends without a newline
  #endif
.\HardWare\systick\systick.h(10): warning:  #1-D: last line of file ends without a newline
  #endif
User\SETTING.H(14): warning:  #1-D: last line of file ends without a newline
  #endif
.\HardWare\IIC\IIC.H(13): warning:  #1295-D: Deprecated declaration IIC_GPIO_Init - give arg types
  void IIC_GPIO_Init();
.\HardWare\IIC\IIC.H(16): warning:  #1-D: last line of file ends without a newline
  #endif
.\HardWare\MPU6050\MPU6050.H(31): warning:  #1295-D: Deprecated declaration MPU6050_Init - give arg types
  void MPU6050_Init();
.\HardWare\MPU6050\MPU6050.H(33): warning:  #1-D: last line of file ends without a newline
  #endif 
.\HardWare\HMC5983\HMC5983.H(24): warning:  #1295-D: Deprecated declaration HMC5983_Init - give arg types
  void HMC5983_Init();
.\HardWare\HMC5983\HMC5983.H(25): warning:  #1295-D: Deprecated declaration HMC5983_Read - give arg types
  double HMC5983_Read();
.\HardWare\HMC5983\HMC5983.H(26): warning:  #1-D: last line of file ends without a newline
  #endif 
.\HardWare\GPS\GPS.H(5): warning:  #1295-D: Deprecated declaration GPS_UpDate - give arg types
  void GPS_UpDate();
.\HardWare\PWM\PWM.H(5): warning:  #1-D: last line of file ends without a newline
  #endif
User\main.c: 12 warnings, 0 errors
compiling GPS.C...
.\User\SETTING.H(14): warning:  #1-D: last line of file ends without a newline
  #endif
.\HardWare\systick\systick.h(10): warning:  #1-D: last line of file ends without a newline
  #endif
.\User\SETTING.H(14): warning:  #1-D: last line of file ends without a newline
  #endif
HardWare\GPS\GPS.H(5): warning:  #1295-D: Deprecated declaration GPS_UpDate - give arg types
  void GPS_UpDate();
.\HardWare\vector\vector.h(6): warning:  #1-D: last line of file ends without a newline
  #endif
HardWare\GPS\GPS.C(172): warning:  #236-D: controlling expression is constant
  	while(target_find);//如果返回值不为{
HardWare\GPS\GPS.C(173): warning:  #111-D: statement is unreachable
  	if(daohangcanshu>49){//证明导航结束 //此处 进行刹车制动
HardWare\GPS\GPS.C: 7 warnings, 0 errors
linking...
Program Size: Code=3256 RO-data=432 RW-data=40 ZI-data=1024  
FromELF: creating hex file...
".\Objects\MM32F3270.axf" - 0 Error(s), 24 Warning(s).

<h2>Software Packages used:</h2>

Package Vendor: MindMotion
                http://www.mindmotion.com.cn/Download/MDK_KEIL/MindMotion.MM32F3270_DFP.1.0.5.pack
                MindMotion.MM32F3270_DFP.1.0.5
                MindMotion MM32F3270 Series Device Support, Drivers and Examples

<h2>Collection of Component include folders:</h2>
  .\RTE\_Target_1
  C:\Keil\ARM\PACK\MindMotion\MM32F3270_DFP\1.0.5\Device\MM32F327x\Include

<h2>Collection of Component Files used:</h2>
Build Time Elapsed:  00:00:02
</pre>
</body>
</html>
