<html>
<body>
<pre>
<h1>礦ision Build Log</h1>
<h2>Tool Versions:</h2>
IDE-Version: μVision V5.25.2.0
Copyright (C) 2018 ARM Ltd and ARM Germany GmbH. All rights reserved.
License Information: Xun 280160112@qq.com, Xun, LIC=SDA0P-MZZ2S-56JQ2-9UUI7-9KMDZ-83BW4
 
Tool Versions:
Toolchain:       MDK-ARM Plus  Version: 5.25.2.0
Toolchain Path:  C:\Keil\ARM\ARMCC\Bin
C Compiler:      Armcc.exe V5.06 update 6 (build 750)
Assembler:       Armasm.exe V5.06 update 6 (build 750)
Linker/Locator:  ArmLink.exe V5.06 update 6 (build 750)
Library Manager: ArmAr.exe V5.06 update 6 (build 750)
Hex Converter:   FromElf.exe V5.06 update 6 (build 750)
CPU DLL:         SARMCM3.DLL V5.25.2.0
Dialog DLL:      DCM.DLL V1.17.1.0
Target DLL:      STLink\ST-LINKIII-KEIL_SWO.dll V3.0.1.0
Dialog DLL:      TCM.DLL V1.35.1.0
 
<h2>Project:</h2>
C:\Users\28016\OneDrive\桌面\智能车工程历史归档\主控程序(GPS导航--原子哥版本)\MM32F3270.uvprojx
Project File Date:  07/12/2022

<h2>Output:</h2>
*** Using Compiler 'V5.06 update 6 (build 750)', folder: 'C:\Keil\ARM\ARMCC\Bin'
Build target 'Target 1'
compiling GPS.C...
.\User\SETTING.H(14): warning:  #1-D: last line of file ends without a newline
  #endif
.\HardWare\systick\systick.h(10): warning:  #1-D: last line of file ends without a newline
  #endif
.\User\SETTING.H(14): warning:  #1-D: last line of file ends without a newline
  #endif
HardWare\GPS\GPS.H(7): warning:  #1295-D: Deprecated declaration GPS_Init - give arg types
  void GPS_Init();
.\HardWare\vector\vector.h(6): warning:  #1-D: last line of file ends without a newline
  #endif
.\HardWare\IIC\IIC.H(13): warning:  #1295-D: Deprecated declaration IIC_GPIO_Init - give arg types
  void IIC_GPIO_Init();
.\HardWare\IIC\IIC.H(18): warning:  #1-D: last line of file ends without a newline
  #endif
.\HardWare\HMC5983\HMC5983.H(24): warning:  #1295-D: Deprecated declaration HMC5983_Init - give arg types
  void HMC5983_Init();
.\HardWare\HMC5983\HMC5983.H(25): warning:  #1295-D: Deprecated declaration HMC5983_Read - give arg types
  double HMC5983_Read();
.\HardWare\HMC5983\HMC5983.H(26): warning:  #1-D: last line of file ends without a newline
  #endif 
HardWare\GPS\GPS.C(142): warning:  #223-D: function "strstr" declared implicitly
      p1=(u8*)strstr((const char *)buf,"GNRMC");//"$GPRMC",经常有&和GPRMC分开的情况,故只判断GPRMC.
HardWare\GPS\GPS.C(211): warning:  #177-D: variable "N_target"  was declared but never referenced
  	double N_target;
HardWare\GPS\GPS.C(212): warning:  #177-D: variable "W_target"  was declared but never referenced
  	double W_target;
HardWare\GPS\GPS.C(261): warning:  #167-D: argument of type "char (*)[1024]" is incompatible with parameter of type "u8 *"
  		NMEA_GNRMC_Analysis(&GNRMC,&Data_Buf); 
HardWare\GPS\GPS.C(272): warning:  #1-D: last line of file ends without a newline
  }
HardWare\GPS\GPS.C: 15 warnings, 0 errors
linking...
Program Size: Code=16488 RO-data=960 RW-data=1236 ZI-data=5532  
FromELF: creating hex file...
".\Objects\MM32F3270.axf" - 0 Error(s), 15 Warning(s).

<h2>Software Packages used:</h2>

Package Vendor: MindMotion
                http://www.mindmotion.com.cn/Download/MDK_KEIL/MindMotion.MM32F3270_DFP.1.0.5.pack
                MindMotion.MM32F3270_DFP.1.0.5
                MindMotion MM32F3270 Series Device Support, Drivers and Examples

<h2>Collection of Component include folders:</h2>
  .\RTE\_Target_1
  C:\Keil\ARM\PACK\MindMotion\MM32F3270_DFP\1.0.5\Device\MM32F327x\Include

<h2>Collection of Component Files used:</h2>
Build Time Elapsed:  00:00:02
</pre>
</body>
</html>
