Component: ARM Compiler 5.06 update 6 (build 750) Tool: armlink [4d35ed]

==============================================================================

Section Cross References

    startup_mm32f327x_keil.o(RESET) refers to startup_mm32f327x_keil.o(STACK) for __initial_sp
    startup_mm32f327x_keil.o(RESET) refers to startup_mm32f327x_keil.o(.text) for Reset_Handler
    startup_mm32f327x_keil.o(RESET) refers to target.o(i.TIM2_IRQHandler) for TIM2_IRQHandler
    startup_mm32f327x_keil.o(RESET) refers to gps.o(i.UART3_IRQHandler) for UART3_IRQHandler
    startup_mm32f327x_keil.o(.text) refers to system_mm32f327x.o(i.SystemInit) for SystemInit
    startup_mm32f327x_keil.o(.text) refers to entry.o(.ARM.Collect$$$$00000000) for __main
    usart.o(i.UART1_GPIO_Init) refers to hal_rcc.o(i.RCC_AHBPeriphClockCmd) for RCC_AHBPeriphClockCmd
    usart.o(i.UART1_GPIO_Init) refers to hal_gpio.o(i.GPIO_PinAFConfig) for GPIO_PinAFConfig
    usart.o(i.UART1_GPIO_Init) refers to hal_gpio.o(i.GPIO_StructInit) for GPIO_StructInit
    usart.o(i.UART1_GPIO_Init) refers to hal_gpio.o(i.GPIO_Init) for GPIO_Init
    usart.o(i.UART3_GPIO_Init) refers to hal_rcc.o(i.RCC_AHBPeriphClockCmd) for RCC_AHBPeriphClockCmd
    usart.o(i.UART3_GPIO_Init) refers to hal_gpio.o(i.GPIO_PinAFConfig) for GPIO_PinAFConfig
    usart.o(i.UART3_GPIO_Init) refers to hal_gpio.o(i.GPIO_StructInit) for GPIO_StructInit
    usart.o(i.UART3_GPIO_Init) refers to hal_gpio.o(i.GPIO_Init) for GPIO_Init
    usart.o(i.UART4_GPIO_Init) refers to hal_rcc.o(i.RCC_AHBPeriphClockCmd) for RCC_AHBPeriphClockCmd
    usart.o(i.UART4_GPIO_Init) refers to hal_gpio.o(i.GPIO_PinAFConfig) for GPIO_PinAFConfig
    usart.o(i.UART4_GPIO_Init) refers to hal_gpio.o(i.GPIO_StructInit) for GPIO_StructInit
    usart.o(i.UART4_GPIO_Init) refers to hal_gpio.o(i.GPIO_Init) for GPIO_Init
    usart.o(i.USART1_Init) refers to usart.o(i.UART1_GPIO_Init) for UART1_GPIO_Init
    usart.o(i.USART1_Init) refers to hal_rcc.o(i.RCC_APB2PeriphClockCmd) for RCC_APB2PeriphClockCmd
    usart.o(i.USART1_Init) refers to hal_uart.o(i.UART_StructInit) for UART_StructInit
    usart.o(i.USART1_Init) refers to hal_uart.o(i.UART_Init) for UART_Init
    usart.o(i.USART1_Init) refers to hal_uart.o(i.UART_Cmd) for UART_Cmd
    usart.o(i.USART3_Init) refers to usart.o(i.UART3_GPIO_Init) for UART3_GPIO_Init
    usart.o(i.USART3_Init) refers to hal_rcc.o(i.RCC_APB1PeriphClockCmd) for RCC_APB1PeriphClockCmd
    usart.o(i.USART3_Init) refers to hal_uart.o(i.UART_StructInit) for UART_StructInit
    usart.o(i.USART3_Init) refers to hal_uart.o(i.UART_Init) for UART_Init
    usart.o(i.USART3_Init) refers to hal_uart.o(i.UART_ITConfig) for UART_ITConfig
    usart.o(i.USART3_Init) refers to hal_misc.o(i.NVIC_Init) for NVIC_Init
    usart.o(i.USART3_Init) refers to hal_uart.o(i.UART_Cmd) for UART_Cmd
    usart.o(i.USART4_Init) refers to usart.o(i.UART4_GPIO_Init) for UART4_GPIO_Init
    usart.o(i.USART4_Init) refers to hal_rcc.o(i.RCC_APB1PeriphClockCmd) for RCC_APB1PeriphClockCmd
    usart.o(i.USART4_Init) refers to hal_uart.o(i.UART_StructInit) for UART_StructInit
    usart.o(i.USART4_Init) refers to hal_uart.o(i.UART_Init) for UART_Init
    usart.o(i.USART4_Init) refers to hal_uart.o(i.UART_Cmd) for UART_Cmd
    usart.o(i.fputc) refers to hal_uart.o(i.UART_SendData) for UART_SendData
    usart.o(i.fputc) refers to hal_uart.o(i.UART_GetFlagStatus) for UART_GetFlagStatus
    iic.o(i.I2C2_Ack) refers to hal_gpio.o(i.GPIO_WriteBit) for GPIO_WriteBit
    iic.o(i.I2C2_Ack) refers to systick.o(i.DELAY_Us) for DELAY_Us
    iic.o(i.I2C2_CheckDevice) refers to iic.o(i.I2C2_Start) for I2C2_Start
    iic.o(i.I2C2_CheckDevice) refers to iic.o(i.I2C2_Send_Byte) for I2C2_Send_Byte
    iic.o(i.I2C2_CheckDevice) refers to iic.o(i.I2C2_Wait_Ack) for I2C2_Wait_Ack
    iic.o(i.I2C2_CheckDevice) refers to iic.o(i.I2C2_Stop) for I2C2_Stop
    iic.o(i.I2C2_NAck) refers to hal_gpio.o(i.GPIO_WriteBit) for GPIO_WriteBit
    iic.o(i.I2C2_NAck) refers to systick.o(i.DELAY_Us) for DELAY_Us
    iic.o(i.I2C2_Read_Byte) refers to hal_gpio.o(i.GPIO_WriteBit) for GPIO_WriteBit
    iic.o(i.I2C2_Read_Byte) refers to systick.o(i.DELAY_Us) for DELAY_Us
    iic.o(i.I2C2_Read_Byte) refers to hal_gpio.o(i.GPIO_ReadInputDataBit) for GPIO_ReadInputDataBit
    iic.o(i.I2C2_Read_NByte) refers to iic.o(i.I2C2_Start) for I2C2_Start
    iic.o(i.I2C2_Read_NByte) refers to iic.o(i.I2C2_Send_Byte) for I2C2_Send_Byte
    iic.o(i.I2C2_Read_NByte) refers to iic.o(i.I2C2_Wait_Ack) for I2C2_Wait_Ack
    iic.o(i.I2C2_Read_NByte) refers to iic.o(i.I2C2_Stop) for I2C2_Stop
    iic.o(i.I2C2_Read_NByte) refers to iic.o(i.I2C2_Read_Byte) for I2C2_Read_Byte
    iic.o(i.I2C2_Read_NByte) refers to iic.o(i.I2C2_Ack) for I2C2_Ack
    iic.o(i.I2C2_Read_NByte) refers to iic.o(i.I2C2_NAck) for I2C2_NAck
    iic.o(i.I2C2_Read_REG) refers to iic.o(i.I2C2_Start) for I2C2_Start
    iic.o(i.I2C2_Read_REG) refers to iic.o(i.I2C2_Send_Byte) for I2C2_Send_Byte
[...]
    Removing hal_tim.o(i.TIM_SelectOutputTrigger), (12 bytes).
    Removing hal_tim.o(i.TIM_SelectSlaveMode), (12 bytes).
    Removing hal_tim.o(i.TIM_SetAutoreload), (4 bytes).
    Removing hal_tim.o(i.TIM_SetCCR1FALL), (16 bytes).
    Removing hal_tim.o(i.TIM_SetCCR2FALL), (16 bytes).
    Removing hal_tim.o(i.TIM_SetCCR3FALL), (16 bytes).
    Removing hal_tim.o(i.TIM_SetCCR4FALL), (16 bytes).
    Removing hal_tim.o(i.TIM_SetCCR5FALL), (16 bytes).
    Removing hal_tim.o(i.TIM_SetClockDivision), (12 bytes).
    Removing hal_tim.o(i.TIM_SetCompare1), (28 bytes).
    Removing hal_tim.o(i.TIM_SetCompare2), (28 bytes).
    Removing hal_tim.o(i.TIM_SetCompare3), (28 bytes).
    Removing hal_tim.o(i.TIM_SetCompare4), (28 bytes).
    Removing hal_tim.o(i.TIM_SetCompare5), (6 bytes).
    Removing hal_tim.o(i.TIM_SetCounter), (28 bytes).
    Removing hal_tim.o(i.TIM_SetIC1Plority), (22 bytes).
    Removing hal_tim.o(i.TIM_SetIC1Prescaler), (12 bytes).
    Removing hal_tim.o(i.TIM_SetIC2Plority), (22 bytes).
    Removing hal_tim.o(i.TIM_SetIC2Prescaler), (14 bytes).
    Removing hal_tim.o(i.TIM_SetIC3Plority), (22 bytes).
    Removing hal_tim.o(i.TIM_SetIC3Prescaler), (12 bytes).
    Removing hal_tim.o(i.TIM_SetIC4Plority), (22 bytes).
    Removing hal_tim.o(i.TIM_SetIC4Prescaler), (14 bytes).
    Removing hal_tim.o(i.TIM_TIxExternalClockConfig), (62 bytes).
    Removing hal_tim.o(i.TIM_TimeBaseStructInit), (18 bytes).
    Removing hal_tim.o(i.TIM_UpdateDisableConfig), (22 bytes).
    Removing hal_tim.o(i.TIM_UpdateRequestConfig), (12 bytes).
    Removing hal_uart.o(.rev16_text), (4 bytes).
    Removing hal_uart.o(.revsh_text), (4 bytes).
    Removing hal_uart.o(.rrx_text), (6 bytes).
    Removing hal_uart.o(i.UART_AutoBaudRateCmd), (22 bytes).
    Removing hal_uart.o(i.UART_AutoBaudRateSet), (182 bytes).
    Removing hal_uart.o(i.UART_DMACmd), (14 bytes).
    Removing hal_uart.o(i.UART_DeInit), (144 bytes).
    Removing hal_uart.o(i.UART_Enable9bit), (14 bytes).
    Removing hal_uart.o(i.UART_HalfDuplexCmd), (14 bytes).
    Removing hal_uart.o(i.UART_ReceiverWakeUpCmd), (14 bytes).
    Removing hal_uart.o(i.UART_SendBreak), (10 bytes).
    Removing hal_uart.o(i.UART_Set9bitAutomaticToggle), (14 bytes).
    Removing hal_uart.o(i.UART_Set9bitLevel), (14 bytes).
    Removing hal_uart.o(i.UART_Set9bitPolarity), (12 bytes).
    Removing hal_uart.o(i.UART_SetGuardTime), (14 bytes).
    Removing hal_uart.o(i.UART_SetRXAddress), (12 bytes).
    Removing hal_uart.o(i.UART_SetRXMASK), (12 bytes).
    Removing hal_uart.o(i.UART_SmartCardCmd), (12 bytes).
    Removing hal_uart.o(i.UART_SmartCardNACKCmd), (14 bytes).
    Removing hal_uart.o(i.UART_WakeUpConfig), (12 bytes).
    Removing hal_uid.o(.rev16_text), (4 bytes).
    Removing hal_uid.o(.revsh_text), (4 bytes).
    Removing hal_uid.o(.rrx_text), (6 bytes).
    Removing hal_uid.o(i.GetChipUID), (36 bytes).
    Removing hal_uid.o(.bss), (12 bytes).
    Removing hal_ver.o(.rev16_text), (4 bytes).
    Removing hal_ver.o(.revsh_text), (4 bytes).
    Removing hal_ver.o(.rrx_text), (6 bytes).
    Removing hal_ver.o(i.Get_ChipsetDEVID), (12 bytes).
    Removing hal_ver.o(i.Get_ChipsetREVID), (16 bytes).
    Removing hal_ver.o(i.Get_ChipsetUIDw0), (12 bytes).
    Removing hal_ver.o(i.Get_ChipsetUIDw1), (12 bytes).
    Removing hal_ver.o(i.Get_ChipsetUIDw2), (12 bytes).
    Removing hal_ver.o(i.Get_MM32LibReleaseDate), (8 bytes).
    Removing hal_ver.o(i.Get_MM32LibVersion), (6 bytes).
    Removing hal_wwdg.o(.rev16_text), (4 bytes).
    Removing hal_wwdg.o(.revsh_text), (4 bytes).
    Removing hal_wwdg.o(.rrx_text), (6 bytes).
    Removing hal_wwdg.o(i.WWDG_ClearFlag), (20 bytes).
    Removing hal_wwdg.o(i.WWDG_DeInit), (12 bytes).
    Removing hal_wwdg.o(i.WWDG_Enable), (16 bytes).
    Removing hal_wwdg.o(i.WWDG_EnableIT), (20 bytes).
    Removing hal_wwdg.o(i.WWDG_GetCounter), (16 bytes).
    Removing hal_wwdg.o(i.WWDG_GetFlagStatus), (20 bytes).
    Removing hal_wwdg.o(i.WWDG_SetCounter), (16 bytes).
    Removing hal_wwdg.o(i.WWDG_SetPrescaler), (20 bytes).
    Removing hal_wwdg.o(i.WWDG_SetWindowValue), (20 bytes).

713 unused section(s) (total 23641 bytes) removed from the image.

==============================================================================

Image Symbol Table

    Local Symbols

    Symbol Name                              Value     Ov Type        Size  Object(Section)

    ../clib/../cmprslib/zerorunl2.c          0x00000000   Number         0  __dczerorl2.o ABSOLUTE
    ../clib/microlib/division.c              0x00000000   Number         0  uldiv.o ABSOLUTE
    ../clib/microlib/division.c              0x00000000   Number         0  uidiv.o ABSOLUTE
    ../clib/microlib/errno.c                 0x00000000   Number         0  errno.o ABSOLUTE
    ../clib/microlib/init/entry.s            0x00000000   Number         0  entry.o ABSOLUTE
    ../clib/microlib/init/entry.s            0x00000000   Number         0  entry11b.o ABSOLUTE
    ../clib/microlib/init/entry.s            0x00000000   Number         0  entry2.o ABSOLUTE
    ../clib/microlib/init/entry.s            0x00000000   Number         0  entry7b.o ABSOLUTE
    ../clib/microlib/init/entry.s            0x00000000   Number         0  entry7a.o ABSOLUTE
    ../clib/microlib/init/entry.s            0x00000000   Number         0  entry5.o ABSOLUTE
    ../clib/microlib/init/entry.s            0x00000000   Number         0  entry11a.o ABSOLUTE
    ../clib/microlib/init/entry.s            0x00000000   Number         0  entry8a.o ABSOLUTE
    ../clib/microlib/init/entry.s            0x00000000   Number         0  entry10a.o ABSOLUTE
    ../clib/microlib/init/entry.s            0x00000000   Number         0  entry9b.o ABSOLUTE
    ../clib/microlib/init/entry.s            0x00000000   Number         0  entry9a.o ABSOLUTE
    ../clib/microlib/init/entry.s            0x00000000   Number         0  entry10b.o ABSOLUTE
    ../clib/microlib/init/entry.s            0x00000000   Number         0  entry8b.o ABSOLUTE
    ../clib/microlib/longlong.c              0x00000000   Number         0  llshl.o ABSOLUTE
    ../clib/microlib/longlong.c              0x00000000   Number         0  llsshr.o ABSOLUTE
    ../clib/microlib/longlong.c              0x00000000   Number         0  llushr.o ABSOLUTE
    ../clib/microlib/printf/printf.c         0x00000000   Number         0  printfb.o ABSOLUTE
    ../clib/microlib/printf/printf.c         0x00000000   Number         0  printf8.o ABSOLUTE
    ../clib/microlib/printf/printf.c         0x00000000   Number         0  printfa.o ABSOLUTE
    ../clib/microlib/printf/printf.c         0x00000000   Number         0  printf0.o ABSOLUTE
    ../clib/microlib/printf/printf.c         0x00000000   Number         0  printf1.o ABSOLUTE
    ../clib/microlib/printf/printf.c         0x00000000   Number         0  printf2.o ABSOLUTE
    ../clib/microlib/printf/printf.c         0x00000000   Number         0  printf6.o ABSOLUTE
    ../clib/microlib/printf/printf.c         0x00000000   Number         0  printf7.o ABSOLUTE
    ../clib/microlib/printf/printf.c         0x00000000   Number         0  printf5.o ABSOLUTE
    ../clib/microlib/printf/printf.c         0x00000000   Number         0  printf4.o ABSOLUTE
    ../clib/microlib/printf/printf.c         0x00000000   Number         0  printf3.o ABSOLUTE
    ../clib/microlib/printf/stubs.s          0x00000000   Number         0  stubs.o ABSOLUTE
    ../clib/microlib/stdio/streams.c         0x00000000   Number         0  stdout.o ABSOLUTE
    ../clib/microlib/string/memcpy.c         0x00000000   Number         0  memcpya.o ABSOLUTE
    ../clib/microlib/string/memcpy.c         0x00000000   Number         0  memcpyb.o ABSOLUTE
    ../clib/microlib/string/strstr.c         0x00000000   Number         0  strstr.o ABSOLUTE
    ../clib/microlib/stubs.s                 0x00000000   Number         0  iusefp.o ABSOLUTE
    ../fplib/microlib/fpadd.c                0x00000000   Number         0  dadd.o ABSOLUTE
    ../fplib/microlib/fpadd.c                0x00000000   Number         0  fadd.o ABSOLUTE
    ../fplib/microlib/fpdiv.c                0x00000000   Number         0  fdiv.o ABSOLUTE
    ../fplib/microlib/fpdiv.c                0x00000000   Number         0  ddiv.o ABSOLUTE
    ../fplib/microlib/fpepilogue.c           0x00000000   Number         0  depilogue.o ABSOLUTE
    ../fplib/microlib/fpepilogue.c           0x00000000   Number         0  fepilogue.o ABSOLUTE
    ../fplib/microlib/fpfix.c                0x00000000   Number         0  dfixi.o ABSOLUTE
    ../fplib/microlib/fpfix.c                0x00000000   Number         0  ffixui.o ABSOLUTE
    ../fplib/microlib/fpfix.c                0x00000000   Number         0  dfixul.o ABSOLUTE
    ../fplib/microlib/fpfix.c                0x00000000   Number         0  dfixui.o ABSOLUTE
    ../fplib/microlib/fpflt.c                0x00000000   Number         0  ffltui.o ABSOLUTE
    ../fplib/microlib/fpflt.c                0x00000000   Number         0  dfltui.o ABSOLUTE
    ../fplib/microlib/fpflt.c                0x00000000   Number         0  dflti.o ABSOLUTE
    ../fplib/microlib/fpmul.c                0x00000000   Number         0  fmul.o ABSOLUTE
    ../fplib/microlib/fpmul.c                0x00000000   Number         0  dmul.o ABSOLUTE
    ../fplib/microlib/fpscalb.c              0x00000000   Number         0  dscalb.o ABSOLUTE
    ../fplib/microlib/fpsqrt.c               0x00000000   Number         0  dsqrt.o ABSOLUTE
    ../mathlib/acos.c                        0x00000000   Number         0  acos_x.o ABSOLUTE
    ../mathlib/acos.c                        0x00000000   Number         0  acos.o ABSOLUTE
    ../mathlib/atan.c                        0x00000000   Number         0  atan_x.o ABSOLUTE
    ../mathlib/atan.c                        0x00000000   Number         0  atan.o ABSOLUTE
    ../mathlib/atan2.c                       0x00000000   Number         0  atan2_x.o ABSOLUTE
    ../mathlib/atan2.c                       0x00000000   Number         0  atan2.o ABSOLUTE
    ../mathlib/cos.c                         0x00000000   Number         0  cos_x.o ABSOLUTE
    ../mathlib/cos.c                         0x00000000   Number         0  cos.o ABSOLUTE
    ../mathlib/cos_i.c                       0x00000000   Number         0  cos_i.o ABSOLUTE
    ../mathlib/dunder.c                      0x00000000   Number         0  dunder.o ABSOLUTE
    ../mathlib/fpclassify.c                  0x00000000   Number         0  fpclassify.o ABSOLUTE
    ../mathlib/poly.c                        0x00000000   Number         0  poly.o ABSOLUTE
    ../mathlib/qnan.c                        0x00000000   Number         0  qnan.o ABSOLUTE
    ../mathlib/rred.c                        0x00000000   Number         0  rred.o ABSOLUTE
    ../mathlib/sin.c                         0x00000000   Number         0  sin_x.o ABSOLUTE
    ../mathlib/sin.c                         0x00000000   Number         0  sin.o ABSOLUTE
    ../mathlib/sin_i.c                       0x00000000   Number         0  sin_i.o ABSOLUTE
    ../mathlib/sin_i.c                       0x00000000   Number         0  sin_i_x.o ABSOLUTE
    ../mathlib/sqrt.c                        0x00000000   Number         0  sqrt.o ABSOLUTE
    ../mathlib/sqrt.c                        0x00000000   Number         0  sqrt_x.o ABSOLUTE
    HardWare\GPS\GPS.C                       0x00000000   Number         0  gps.o ABSOLUTE
    HardWare\HMC5983\HMC5983.C               0x00000000   Number         0  hmc5983.o ABSOLUTE
    HardWare\IIC\IIC.C                       0x00000000   Number         0  iic.o ABSOLUTE
    HardWare\MPU6050\MPU6050.C               0x00000000   Number         0  mpu6050.o ABSOLUTE
    HardWare\PWM\PWM.C                       0x00000000   Number         0  pwm.o ABSOLUTE
    HardWare\Target\Target.c                 0x00000000   Number         0  target.o ABSOLUTE
    HardWare\Timer\Timer.c                   0x00000000   Number         0  timer.o ABSOLUTE
    HardWare\USART\USART.C                   0x00000000   Number         0  usart.o ABSOLUTE
    HardWare\\GPS\\GPS.C                     0x00000000   Number         0  gps.o ABSOLUTE
    HardWare\\HMC5983\\HMC5983.C             0x00000000   Number         0  hmc5983.o ABSOLUTE
    HardWare\\IIC\\IIC.C                     0x00000000   Number         0  iic.o ABSOLUTE
    HardWare\\MPU6050\\MPU6050.C             0x00000000   Number         0  mpu6050.o ABSOLUTE
    HardWare\\PWM\\PWM.C                     0x00000000   Number         0  pwm.o ABSOLUTE
    HardWare\\Target\\Target.c               0x00000000   Number         0  target.o ABSOLUTE
    HardWare\\Timer\\Timer.c                 0x00000000   Number         0  timer.o ABSOLUTE
    HardWare\\USART\\USART.C                 0x00000000   Number         0  usart.o ABSOLUTE
    HardWare\\systick\\systick.c             0x00000000   Number         0  systick.o ABSOLUTE
    HardWare\kalman\kalman.c                 0x00000000   Number         0  kalman.o ABSOLUTE
    HardWare\systick\systick.c               0x00000000   Number         0  systick.o ABSOLUTE
    HardWare\vector\vector.c                 0x00000000   Number         0  vector.o ABSOLUTE
    Lib\\hal_adc.c                           0x00000000   Number         0  hal_adc.o ABSOLUTE
    Lib\\hal_bkp.c                           0x00000000   Number         0  hal_bkp.o ABSOLUTE
    Lib\\hal_can.c                           0x00000000   Number         0  hal_can.o ABSOLUTE
    Lib\\hal_comp.c                          0x00000000   Number         0  hal_comp.o ABSOLUTE
    Lib\\hal_crc.c                           0x00000000   Number         0  hal_crc.o ABSOLUTE
    Lib\\hal_crs.c                           0x00000000   Number         0  hal_crs.o ABSOLUTE
    Lib\\hal_dac.c                           0x00000000   Number         0  hal_dac.o ABSOLUTE
    Lib\\hal_dbg.c                           0x00000000   Number         0  hal_dbg.o ABSOLUTE
    Lib\\hal_dma.c                           0x00000000   Number         0  hal_dma.o ABSOLUTE
    Lib\\hal_eth.c                           0x00000000   Number         0  hal_eth.o ABSOLUTE
    Lib\\hal_exti.c                          0x00000000   Number         0  hal_exti.o ABSOLUTE
    Lib\\hal_flash.c                         0x00000000   Number         0  hal_flash.o ABSOLUTE
    Lib\\hal_fsmc.c                          0x00000000   Number         0  hal_fsmc.o ABSOLUTE
    Lib\\hal_gpio.c                          0x00000000   Number         0  hal_gpio.o ABSOLUTE
    Lib\\hal_i2c.c                           0x00000000   Number         0  hal_i2c.o ABSOLUTE
    Lib\\hal_iwdg.c                          0x00000000   Number         0  hal_iwdg.o ABSOLUTE
    Lib\\hal_misc.c                          0x00000000   Number         0  hal_misc.o ABSOLUTE
    Lib\\hal_pwr.c                           0x00000000   Number         0  hal_pwr.o ABSOLUTE
    Lib\\hal_rcc.c                           0x00000000   Number         0  hal_rcc.o ABSOLUTE
    Lib\\hal_rtc.c                           0x00000000   Number         0  hal_rtc.o ABSOLUTE
    Lib\\hal_sdio.c                          0x00000000   Number         0  hal_sdio.o ABSOLUTE
    Lib\\hal_spi.c                           0x00000000   Number         0  hal_spi.o ABSOLUTE
    Lib\\hal_tim.c                           0x00000000   Number         0  hal_tim.o ABSOLUTE
    Lib\\hal_uart.c                          0x00000000   Number         0  hal_uart.o ABSOLUTE
    Lib\\hal_uid.c                           0x00000000   Number         0  hal_uid.o ABSOLUTE
    Lib\\hal_ver.c                           0x00000000   Number         0  hal_ver.o ABSOLUTE
    Lib\\hal_wwdg.c                          0x00000000   Number         0  hal_wwdg.o ABSOLUTE
    Lib\hal_adc.c                            0x00000000   Number         0  hal_adc.o ABSOLUTE
    Lib\hal_bkp.c                            0x00000000   Number         0  hal_bkp.o ABSOLUTE
    Lib\hal_can.c                            0x00000000   Number         0  hal_can.o ABSOLUTE
    Lib\hal_comp.c                           0x00000000   Number         0  hal_comp.o ABSOLUTE
    Lib\hal_crc.c                            0x00000000   Number         0  hal_crc.o ABSOLUTE
    Lib\hal_crs.c                            0x00000000   Number         0  hal_crs.o ABSOLUTE
    Lib\hal_dac.c                            0x00000000   Number         0  hal_dac.o ABSOLUTE
    Lib\hal_dbg.c                            0x00000000   Number         0  hal_dbg.o ABSOLUTE
    Lib\hal_dma.c                            0x00000000   Number         0  hal_dma.o ABSOLUTE
    Lib\hal_eth.c                            0x00000000   Number         0  hal_eth.o ABSOLUTE
    Lib\hal_exti.c                           0x00000000   Number         0  hal_exti.o ABSOLUTE
    Lib\hal_flash.c                          0x00000000   Number         0  hal_flash.o ABSOLUTE
    Lib\hal_fsmc.c                           0x00000000   Number         0  hal_fsmc.o ABSOLUTE
    Lib\hal_gpio.c                           0x00000000   Number         0  hal_gpio.o ABSOLUTE
    Lib\hal_i2c.c                            0x00000000   Number         0  hal_i2c.o ABSOLUTE
    Lib\hal_iwdg.c                           0x00000000   Number         0  hal_iwdg.o ABSOLUTE
    Lib\hal_misc.c                           0x00000000   Number         0  hal_misc.o ABSOLUTE
    Lib\hal_pwr.c                            0x00000000   Number         0  hal_pwr.o ABSOLUTE
    Lib\hal_rcc.c                            0x00000000   Number         0  hal_rcc.o ABSOLUTE
    Lib\hal_rtc.c                            0x00000000   Number         0  hal_rtc.o ABSOLUTE
    Lib\hal_sdio.c                           0x00000000   Number         0  hal_sdio.o ABSOLUTE
    Lib\hal_spi.c                            0x00000000   Number         0  hal_spi.o ABSOLUTE
    Lib\hal_tim.c                            0x00000000   Number         0  hal_tim.o ABSOLUTE
    Lib\hal_uart.c                           0x00000000   Number         0  hal_uart.o ABSOLUTE
    Lib\hal_uid.c                            0x00000000   Number         0  hal_uid.o ABSOLUTE
    Lib\hal_ver.c                            0x00000000   Number         0  hal_ver.o ABSOLUTE
    Lib\hal_wwdg.c                           0x00000000   Number         0  hal_wwdg.o ABSOLUTE
    Startup\startup_mm32f327x_keil.s         0x00000000   Number         0  startup_mm32f327x_keil.o ABSOLUTE
    User\\main.c                             0x00000000   Number         0  main.o ABSOLUTE
    User\\system_mm32f327x.c                 0x00000000   Number         0  system_mm32f327x.o ABSOLUTE
    User\main.c                              0x00000000   Number         0  main.o ABSOLUTE
    User\system_mm32f327x.c                  0x00000000   Number         0  system_mm32f327x.o ABSOLUTE
    cdcmple.s                                0x00000000   Number         0  cdcmple.o ABSOLUTE
    cdrcmple.s                               0x00000000   Number         0  cdrcmple.o ABSOLUTE
    dc.s                                     0x00000000   Number         0  dc.o ABSOLUTE
    handlers.s                               0x00000000   Number         0  handlers.o ABSOLUTE
    init.s                                   0x00000000   Number         0  init.o ABSOLUTE
    RESET                                    0x08000000   Section      400  startup_mm32f327x_keil.o(RESET)
    .ARM.Collect$$$$00000000                 0x08000190   Section        0  entry.o(.ARM.Collect$$$$00000000)
    .ARM.Collect$$$$00000001                 0x08000190   Section        4  entry2.o(.ARM.Collect$$$$00000001)
    .ARM.Collect$$$$00000004                 0x08000194   Section        4  entry5.o(.ARM.Collect$$$$00000004)
    .ARM.Collect$$$$00000008                 0x08000198   Section        0  entry7b.o(.ARM.Collect$$$$00000008)
    .ARM.Collect$$$$0000000A                 0x08000198   Section        0  entry8b.o(.ARM.Collect$$$$0000000A)
    .ARM.Collect$$$$0000000B                 0x08000198   Section        8  entry9a.o(.ARM.Collect$$$$0000000B)
    .ARM.Collect$$$$0000000D                 0x080001a0   Section        0  entry10a.o(.ARM.Collect$$$$0000000D)
    .ARM.Collect$$$$0000000F                 0x080001a0   Section        0  entry11a.o(.ARM.Collect$$$$0000000F)
    .ARM.Collect$$$$00002712                 0x080001a0   Section        4  entry2.o(.ARM.Collect$$$$00002712)
    __lit__00000000                          0x080001a0   Data           4  entry2.o(.ARM.Collect$$$$00002712)
    .text                                    0x080001a4   Section       36  startup_mm32f327x_keil.o(.text)
    .text                                    0x080001c8   Section        0  strstr.o(.text)
    .text                                    0x080001ec   Section        0  fadd.o(.text)
    .text                                    0x0800029c   Section        0  fmul.o(.text)
    .text                                    0x08000300   Section        0  fdiv.o(.text)
    .text                                    0x0800037c   Section        0  dadd.o(.text)
    .text                                    0x080004ca   Section        0  dmul.o(.text)
    .text                                    0x080005ae   Section        0  ddiv.o(.text)
    .text                                    0x0800068c   Section        0  ffltui.o(.text)
    .text                                    0x08000696   Section        0  dflti.o(.text)
    .text                                    0x080006b8   Section        0  dfltui.o(.text)
    .text                                    0x080006d2   Section        0  ffixui.o(.text)
    .text                                    0x080006fa   Section        0  dfixi.o(.text)
    .text                                    0x08000738   Section        0  dfixui.o(.text)
    .text                                    0x0800076c   Section       48  cdcmple.o(.text)
    .text                                    0x0800079c   Section       48  cdrcmple.o(.text)
    .text                                    0x080007cc   Section        0  uidiv.o(.text)
    .text                                    0x080007f8   Section        0  uldiv.o(.text)
    .text                                    0x0800085a   Section        0  llshl.o(.text)
    .text                                    0x08000878   Section        0  llushr.o(.text)
    .text                                    0x08000898   Section        0  llsshr.o(.text)
    .text                                    0x080008bc   Section        0  fepilogue.o(.text)
    .text                                    0x080008bc   Section        0  iusefp.o(.text)
    .text                                    0x0800092a   Section        0  depilogue.o(.text)
    .text                                    0x080009e4   Section        0  dscalb.o(.text)
    .text                                    0x08000a12   Section        0  dsqrt.o(.text)
    .text                                    0x08000ab4   Section        0  dfixul.o(.text)
    .text                                    0x08000ae4   Section       36  init.o(.text)
    .text                                    0x08000b08   Section        0  __dczerorl2.o(.text)
    i.AutoCalPllFactor                       0x08000b5e   Section        0  system_mm32f327x.o(i.AutoCalPllFactor)
    i.DELAY_Us                               0x08000bc4   Section        0  systick.o(i.DELAY_Us)
    i.DELAY_xUs                              0x08000be8   Section        0  system_mm32f327x.o(i.DELAY_xUs)
    DELAY_xUs                                0x08000be9   Thumb Code    66  system_mm32f327x.o(i.DELAY_xUs)
    i.Find_target                            0x08000c2c   Section        0  gps.o(i.Find_target)
    i.GPIO_Init                              0x08000d1c   Section        0  hal_gpio.o(i.GPIO_Init)
    i.GPIO_PinAFConfig                       0x08000dc6   Section        0  hal_gpio.o(i.GPIO_PinAFConfig)
    i.GPIO_ReadInputDataBit                  0x08000dee   Section        0  hal_gpio.o(i.GPIO_ReadInputDataBit)
    i.GPIO_StructInit                        0x08000dfe   Section        0  hal_gpio.o(i.GPIO_StructInit)
    i.GPIO_WriteBit                          0x08000e0e   Section        0  hal_gpio.o(i.GPIO_WriteBit)
    i.GPS_Init                               0x08000e18   Section        0  gps.o(i.GPS_Init)
    i.GPS_Send                               0x08000e58   Section        0  gps.o(i.GPS_Send)
    i.HMC5983_Init                           0x08000e90   Section        0  hmc5983.o(i.HMC5983_Init)
    i.HMC5983_Read                           0x08000ed0   Section        0  hmc5983.o(i.HMC5983_Read)
    i.HMC5983_Read_reg                       0x08000f18   Section        0  hmc5983.o(i.HMC5983_Read_reg)
    i.I2C2_NAck                              0x08000f44   Section        0  iic.o(i.I2C2_NAck)
    i.I2C2_Read_Byte                         0x08000f8c   Section        0  iic.o(i.I2C2_Read_Byte)
    i.I2C2_Read_REG                          0x08000fdc   Section        0  iic.o(i.I2C2_Read_REG)
    i.I2C2_Send_Byte                         0x0800104c   Section        0  iic.o(i.I2C2_Send_Byte)
    i.I2C2_Start                             0x080010a8   Section        0  iic.o(i.I2C2_Start)
    i.I2C2_Stop                              0x08001100   Section        0  iic.o(i.I2C2_Stop)
    i.I2C2_Wait_Ack                          0x08001168   Section        0  iic.o(i.I2C2_Wait_Ack)
    i.I2C_Write_REG                          0x080011d4   Section        0  iic.o(i.I2C_Write_REG)
    i.IIC_GPIO_Init                          0x08001230   Section        0  iic.o(i.IIC_GPIO_Init)
    i.Init_For_All_Device                    0x08001264   Section        0  target.o(i.Init_For_All_Device)
    i.Main_Loop                              0x080012c0   Section        0  target.o(i.Main_Loop)
    i.NMEA_Comma_Pos                         0x080012c2   Section        0  gps.o(i.NMEA_Comma_Pos)
    i.NMEA_GNRMC_Analysis                    0x080012f4   Section        0  gps.o(i.NMEA_GNRMC_Analysis)
    i.NMEA_Pow                               0x08001510   Section        0  gps.o(i.NMEA_Pow)
    i.NMEA_Str2num                           0x08001526   Section        0  gps.o(i.NMEA_Str2num)
    i.NVIC_Init                              0x08001610   Section        0  hal_misc.o(i.NVIC_Init)
    i.PWM_GPIO_Init                          0x0800167c   Section        0  pwm.o(i.PWM_GPIO_Init)
    i.PWM_Init                               0x080016b8   Section        0  pwm.o(i.PWM_Init)
    i.RCC_AHBPeriphClockCmd                  0x08001728   Section        0  hal_rcc.o(i.RCC_AHBPeriphClockCmd)
    i.RCC_APB1PeriphClockCmd                 0x08001748   Section        0  hal_rcc.o(i.RCC_APB1PeriphClockCmd)
    i.RCC_APB2PeriphClockCmd                 0x08001768   Section        0  hal_rcc.o(i.RCC_APB2PeriphClockCmd)
    i.RCC_GetHCLKFreq                        0x08001788   Section        0  hal_rcc.o(i.RCC_GetHCLKFreq)
    i.RCC_GetPCLK1Freq                       0x080017a8   Section        0  hal_rcc.o(i.RCC_GetPCLK1Freq)
    i.RCC_GetPCLK2Freq                       0x080017c8   Section        0  hal_rcc.o(i.RCC_GetPCLK2Freq)
    i.RCC_GetSysClockFreq                    0x080017e8   Section        0  hal_rcc.o(i.RCC_GetSysClockFreq)
    i.SetSysClock                            0x0800185c   Section        0  system_mm32f327x.o(i.SetSysClock)
    SetSysClock                              0x0800185d   Thumb Code    44  system_mm32f327x.o(i.SetSysClock)
    i.SetSysClockToXX                        0x0800188c   Section        0  system_mm32f327x.o(i.SetSysClockToXX)
    SetSysClockToXX                          0x0800188d   Thumb Code   506  system_mm32f327x.o(i.SetSysClockToXX)
    i.SystemInit                             0x08001ab4   Section        0  system_mm32f327x.o(i.SystemInit)
    i.TIM2_IRQHandler                        0x08001b18   Section        0  target.o(i.TIM2_IRQHandler)
    i.TIM2_Init                              0x08001c7c   Section        0  timer.o(i.TIM2_Init)
    i.TIM_ARRPreloadConfig                   0x08001cda   Section        0  hal_tim.o(i.TIM_ARRPreloadConfig)
    i.TIM_ClearITPendingBit                  0x08001cf0   Section        0  hal_tim.o(i.TIM_ClearITPendingBit)
    i.TIM_Cmd                                0x08001cf8   Section        0  hal_tim.o(i.TIM_Cmd)
    i.TIM_GetITStatus                        0x08001d0e   Section        0  hal_tim.o(i.TIM_GetITStatus)
    i.TIM_ITConfig                           0x08001d24   Section        0  hal_tim.o(i.TIM_ITConfig)
    i.TIM_OC1Init                            0x08001d38   Section        0  hal_tim.o(i.TIM_OC1Init)
    i.TIM_OC1PreloadConfig                   0x08001d90   Section        0  hal_tim.o(i.TIM_OC1PreloadConfig)
    i.TIM_TimeBaseInit                       0x08001d9c   Section        0  hal_tim.o(i.TIM_TimeBaseInit)
    i.UART1_GPIO_Init                        0x08001e14   Section        0  usart.o(i.UART1_GPIO_Init)
    i.UART3_GPIO_Init                        0x08001e70   Section        0  usart.o(i.UART3_GPIO_Init)
    i.UART3_IRQHandler                       0x08001ecc   Section        0  gps.o(i.UART3_IRQHandler)
    i.UART4_GPIO_Init                        0x08001f8c   Section        0  usart.o(i.UART4_GPIO_Init)
    i.UART_ClearITPendingBit                 0x08001fe8   Section        0  hal_uart.o(i.UART_ClearITPendingBit)
    i.UART_Cmd                               0x08001fec   Section        0  hal_uart.o(i.UART_Cmd)
    i.UART_GetFlagStatus                     0x08001ff8   Section        0  hal_uart.o(i.UART_GetFlagStatus)
    i.UART_GetITStatus                       0x08002008   Section        0  hal_uart.o(i.UART_GetITStatus)
    i.UART_ITConfig                          0x08002018   Section        0  hal_uart.o(i.UART_ITConfig)
    i.UART_Init                              0x0800202c   Section        0  hal_uart.o(i.UART_Init)
    i.UART_ReceiveData                       0x080020a0   Section        0  hal_uart.o(i.UART_ReceiveData)
    i.UART_SendData                          0x080020a8   Section        0  hal_uart.o(i.UART_SendData)
    i.UART_StructInit                        0x080020ae   Section        0  hal_uart.o(i.UART_StructInit)
    i.USART1_Init                            0x080020c8   Section        0  usart.o(i.USART1_Init)
    i.USART3_Init                            0x08002110   Section        0  usart.o(i.USART3_Init)
    i.USART4_Init                            0x08002180   Section        0  usart.o(i.USART4_Init)
    i.__0printf                              0x080021c8   Section        0  printfa.o(i.__0printf)
    i.__ARM_fpclassify                       0x080021e8   Section        0  fpclassify.o(i.__ARM_fpclassify)
    i.__ieee754_rem_pio2                     0x08002210   Section        0  rred.o(i.__ieee754_rem_pio2)
    i.__kernel_cos                           0x08002598   Section        0  cos_i.o(i.__kernel_cos)
    i.__kernel_poly                          0x08002694   Section        0  poly.o(i.__kernel_poly)
    i.__kernel_sin                           0x08002740   Section        0  sin_i.o(i.__kernel_sin)
    i.__mathlib_dbl_infnan                   0x0800282c   Section        0  dunder.o(i.__mathlib_dbl_infnan)
    i.__mathlib_dbl_infnan2                  0x08002832   Section        0  dunder.o(i.__mathlib_dbl_infnan2)
    i.__mathlib_dbl_invalid                  0x08002836   Section        0  dunder.o(i.__mathlib_dbl_invalid)
    i.__mathlib_dbl_underflow                0x08002844   Section        0  dunder.o(i.__mathlib_dbl_underflow)
    i.__scatterload_copy                     0x08002854   Section       14  handlers.o(i.__scatterload_copy)
    i.__scatterload_null                     0x08002862   Section        2  handlers.o(i.__scatterload_null)
    i.__scatterload_zeroinit                 0x08002864   Section       14  handlers.o(i.__scatterload_zeroinit)
    i.__set_errno                            0x08002874   Section        0  errno.o(i.__set_errno)
    i._fp_digits                             0x08002880   Section        0  printfa.o(i._fp_digits)
    _fp_digits                               0x08002881   Thumb Code   366  printfa.o(i._fp_digits)
    i._printf_core                           0x08002a04   Section        0  printfa.o(i._printf_core)
    _printf_core                             0x08002a05   Thumb Code  1744  printfa.o(i._printf_core)
    i._printf_post_padding                   0x080030e0   Section        0  printfa.o(i._printf_post_padding)
    _printf_post_padding                     0x080030e1   Thumb Code    36  printfa.o(i._printf_post_padding)
    i._printf_pre_padding                    0x08003104   Section        0  printfa.o(i._printf_pre_padding)
    _printf_pre_padding                      0x08003105   Thumb Code    46  printfa.o(i._printf_pre_padding)
    i.acos                                   0x08003134   Section        0  acos.o(i.acos)
    i.atan                                   0x080033b0   Section        0  atan.o(i.atan)
    i.atan2                                  0x080035d0   Section        0  atan2.o(i.atan2)
    i.cos                                    0x08003750   Section        0  cos.o(i.cos)
    i.fputc                                  0x080037ec   Section        0  usart.o(i.fputc)
    i.main                                   0x08003810   Section        0  main.o(i.main)
    i.rectangle                              0x0800381c   Section        0  hmc5983.o(i.rectangle)
    i.sin                                    0x08003874   Section        0  sin.o(i.sin)
    i.sqrt                                   0x08003914   Section        0  sqrt.o(i.sqrt)
    i.target_find                            0x08003960   Section        0  gps.o(i.target_find)
    i.transformlat                           0x080039e4   Section        0  gps.o(i.transformlat)
    i.transformlng                           0x08003c88   Section        0  gps.o(i.transformlng)
    i.wgs84_to_gcj02                         0x08003f1c   Section        0  gps.o(i.wgs84_to_gcj02)
    i.xiangchajiao                           0x08004108   Section        0  vector.o(i.xiangchajiao)
    .constdata                               0x080041f8   Section       80  acos.o(.constdata)
    pS                                       0x080041f8   Data          48  acos.o(.constdata)
    qS                                       0x08004228   Data          32  acos.o(.constdata)
    .constdata                               0x08004248   Section      152  atan.o(.constdata)
    atanhi                                   0x08004248   Data          32  atan.o(.constdata)
    atanlo                                   0x08004268   Data          32  atan.o(.constdata)
    aTodd                                    0x08004288   Data          40  atan.o(.constdata)
    aTeven                                   0x080042b0   Data          48  atan.o(.constdata)
    .constdata                               0x080042e0   Section       48  cos_i.o(.constdata)
    C                                        0x080042e0   Data          48  cos_i.o(.constdata)
    .constdata                               0x08004310   Section        8  qnan.o(.constdata)
    .constdata                               0x08004318   Section      200  rred.o(.constdata)
    pio2s                                    0x08004318   Data          48  rred.o(.constdata)
    twooverpi                                0x08004348   Data         152  rred.o(.constdata)
    .constdata                               0x080043e0   Section       40  sin_i.o(.constdata)
    S                                        0x080043e0   Data          40  sin_i.o(.constdata)
    .data                                    0x20000000   Section      104  hmc5983.o(.data)
    .data                                    0x20000068   Section        4  systick.o(.data)
    sDelayNopNumber                          0x20000068   Data           4  systick.o(.data)
    .data                                    0x20000070   Section     1058  gps.o(.data)
    .data                                    0x20000498   Section        8  vector.o(.data)
    .data                                    0x200004a0   Section        8  target.o(.data)
    .data                                    0x200004a8   Section       20  system_mm32f327x.o(.data)
    .data                                    0x200004bc   Section       16  hal_rcc.o(.data)
    .data                                    0x200004cc   Section        4  stdout.o(.data)
    .data                                    0x200004d0   Section        4  errno.o(.data)
    _errno                                   0x200004d0   Data           4  errno.o(.data)
    .bss                                     0x200004d8   Section     4500  gps.o(.bss)
    STACK                                    0x20001670   Section     1024  startup_mm32f327x_keil.o(STACK)

    Global Symbols

    Symbol Name                              Value     Ov Type        Size  Object(Section)

    BuildAttributes$$THM_ISAv4$P$D$K$B$S$PE$A:L22UL41UL21$X:L11$S22US41US21$IEEE1$IW$USESV6$~STKCKD$USESV7$~SHL$OTIME$ROPI$IEEEX$EBA8$MICROLIB$REQ8$PRES8$EABIv2 0x00000000   Number         0  anon$$obj.o ABSOLUTE
    __ARM_use_no_argv                        0x00000000   Number         0  main.o ABSOLUTE
    _printf_a                                0x00000000   Number         0  stubs.o ABSOLUTE
    _printf_c                                0x00000000   Number         0  stubs.o ABSOLUTE
    _printf_charcount                        0x00000000   Number         0  stubs.o ABSOLUTE
    _printf_d                                0x00000000   Number         0  stubs.o ABSOLUTE
    _printf_e                                0x00000000   Number         0  stubs.o ABSOLUTE
    _printf_f                                0x00000000   Number         0  stubs.o ABSOLUTE
    _printf_flags                            0x00000000   Number         0  stubs.o ABSOLUTE
    _printf_fp_dec                           0x00000000   Number         0  stubs.o ABSOLUTE
    _printf_fp_hex                           0x00000000   Number         0  stubs.o ABSOLUTE
    _printf_g                                0x00000000   Number         0  stubs.o ABSOLUTE
    _printf_i                                0x00000000   Number         0  stubs.o ABSOLUTE
    _printf_int_dec                          0x00000000   Number         0  stubs.o ABSOLUTE
    _printf_l                                0x00000000   Number         0  stubs.o ABSOLUTE
    _printf_lc                               0x00000000   Number         0  stubs.o ABSOLUTE
    _printf_ll                               0x00000000   Number         0  stubs.o ABSOLUTE
    _printf_lld                              0x00000000   Number         0  stubs.o ABSOLUTE
    _printf_lli                              0x00000000   Number         0  stubs.o ABSOLUTE
    _printf_llo                              0x00000000   Number         0  stubs.o ABSOLUTE
    _printf_llu                              0x00000000   Number         0  stubs.o ABSOLUTE
    _printf_llx                              0x00000000   Number         0  stubs.o ABSOLUTE
    _printf_longlong_dec                     0x00000000   Number         0  stubs.o ABSOLUTE
    _printf_longlong_hex                     0x00000000   Number         0  stubs.o ABSOLUTE
    _printf_longlong_oct                     0x00000000   Number         0  stubs.o ABSOLUTE
    _printf_ls                               0x00000000   Number         0  stubs.o ABSOLUTE
    _printf_mbtowc                           0x00000000   Number         0  stubs.o ABSOLUTE
    _printf_n                                0x00000000   Number         0  stubs.o ABSOLUTE
    _printf_o                                0x00000000   Number         0  stubs.o ABSOLUTE
    _printf_p                                0x00000000   Number         0  stubs.o ABSOLUTE
    _printf_percent                          0x00000000   Number         0  stubs.o ABSOLUTE
    _printf_pre_padding                      0x00000000   Number         0  stubs.o ABSOLUTE
    _printf_return_value                     0x00000000   Number         0  stubs.o ABSOLUTE
    _printf_s                                0x00000000   Number         0  stubs.o ABSOLUTE
    _printf_sizespec                         0x00000000   Number         0  stubs.o ABSOLUTE
    _printf_str                              0x00000000   Number         0  stubs.o ABSOLUTE
    _printf_truncate_signed                  0x00000000   Number         0  stubs.o ABSOLUTE
    _printf_truncate_unsigned                0x00000000   Number         0  stubs.o ABSOLUTE
    _printf_u                                0x00000000   Number         0  stubs.o ABSOLUTE
    _printf_wc                               0x00000000   Number         0  stubs.o ABSOLUTE
    _printf_wctomb                           0x00000000   Number         0  stubs.o ABSOLUTE
    _printf_widthprec                        0x00000000   Number         0  stubs.o ABSOLUTE
    _printf_x                                0x00000000   Number         0  stubs.o ABSOLUTE
    __cpp_initialize__aeabi_                  - Undefined Weak Reference
    __cxa_finalize                            - Undefined Weak Reference
    _clock_init                               - Undefined Weak Reference
    _microlib_exit                            - Undefined Weak Reference
    __Vectors_Size                           0x00000190   Number         0  startup_mm32f327x_keil.o ABSOLUTE
    __Vectors                                0x08000000   Data           4  startup_mm32f327x_keil.o(RESET)
    __Vectors_End                            0x08000190   Data           0  startup_mm32f327x_keil.o(RESET)
    __main                                   0x08000191   Thumb Code     0  entry.o(.ARM.Collect$$$$00000000)
    _main_stk                                0x08000191   Thumb Code     0  entry2.o(.ARM.Collect$$$$00000001)
    _main_scatterload                        0x08000195   Thumb Code     0  entry5.o(.ARM.Collect$$$$00000004)
    __main_after_scatterload                 0x08000199   Thumb Code     0  entry5.o(.ARM.Collect$$$$00000004)
    _main_clock                              0x08000199   Thumb Code     0  entry7b.o(.ARM.Collect$$$$00000008)
    _main_cpp_init                           0x08000199   Thumb Code     0  entry8b.o(.ARM.Collect$$$$0000000A)
    _main_init                               0x08000199   Thumb Code     0  entry9a.o(.ARM.Collect$$$$0000000B)
    __rt_final_cpp                           0x080001a1   Thumb Code     0  entry10a.o(.ARM.Collect$$$$0000000D)
    __rt_final_exit                          0x080001a1   Thumb Code     0  entry11a.o(.ARM.Collect$$$$0000000F)
    Reset_Handler                            0x080001a5   Thumb Code     8  startup_mm32f327x_keil.o(.text)
    NMI_Handler                              0x080001ad   Thumb Code     2  startup_mm32f327x_keil.o(.text)
    HardFault_Handler                        0x080001af   Thumb Code     2  startup_mm32f327x_keil.o(.text)
    MemManage_Handler                        0x080001b1   Thumb Code     2  startup_mm32f327x_keil.o(.text)
    BusFault_Handler                         0x080001b3   Thumb Code     2  startup_mm32f327x_keil.o(.text)
    UsageFault_Handler                       0x080001b5   Thumb Code     2  startup_mm32f327x_keil.o(.text)
    SVC_Handler                              0x080001b7   Thumb Code     2  startup_mm32f327x_keil.o(.text)
    DebugMon_Handler                         0x080001b9   Thumb Code     2  startup_mm32f327x_keil.o(.text)
    PendSV_Handler                           0x080001bb   Thumb Code     2  startup_mm32f327x_keil.o(.text)
    SysTick_Handler                          0x080001bd   Thumb Code     2  startup_mm32f327x_keil.o(.text)
    ADC1_2_IRQHandler                        0x080001bf   Thumb Code     0  startup_mm32f327x_keil.o(.text)
    ADC3_IRQHandler                          0x080001bf   Thumb Code     0  startup_mm32f327x_keil.o(.text)
    CAN1_RX_IRQHandler                       0x080001bf   Thumb Code     0  startup_mm32f327x_keil.o(.text)
    COMP1_2_IRQHandler                       0x080001bf   Thumb Code     0  startup_mm32f327x_keil.o(.text)
    DMA1_Channel1_IRQHandler                 0x080001bf   Thumb Code     0  startup_mm32f327x_keil.o(.text)
    DMA1_Channel2_IRQHandler                 0x080001bf   Thumb Code     0  startup_mm32f327x_keil.o(.text)
    DMA1_Channel3_IRQHandler                 0x080001bf   Thumb Code     0  startup_mm32f327x_keil.o(.text)
    DMA1_Channel4_IRQHandler                 0x080001bf   Thumb Code     0  startup_mm32f327x_keil.o(.text)
    DMA1_Channel5_IRQHandler                 0x080001bf   Thumb Code     0  startup_mm32f327x_keil.o(.text)
    DMA1_Channel6_IRQHandler                 0x080001bf   Thumb Code     0  startup_mm32f327x_keil.o(.text)
    DMA1_Channel7_IRQHandler                 0x080001bf   Thumb Code     0  startup_mm32f327x_keil.o(.text)
    DMA2_Channel1_IRQHandler                 0x080001bf   Thumb Code     0  startup_mm32f327x_keil.o(.text)
    DMA2_Channel2_IRQHandler                 0x080001bf   Thumb Code     0  startup_mm32f327x_keil.o(.text)
    DMA2_Channel3_IRQHandler                 0x080001bf   Thumb Code     0  startup_mm32f327x_keil.o(.text)
    DMA2_Channel4_IRQHandler                 0x080001bf   Thumb Code     0  startup_mm32f327x_keil.o(.text)
    DMA2_Channel5_IRQHandler                 0x080001bf   Thumb Code     0  startup_mm32f327x_keil.o(.text)
    ETH_IRQHandler                           0x080001bf   Thumb Code     0  startup_mm32f327x_keil.o(.text)
    EXTI0_IRQHandler                         0x080001bf   Thumb Code     0  startup_mm32f327x_keil.o(.text)
    EXTI15_10_IRQHandler                     0x080001bf   Thumb Code     0  startup_mm32f327x_keil.o(.text)
    EXTI1_IRQHandler                         0x080001bf   Thumb Code     0  startup_mm32f327x_keil.o(.text)
    EXTI2_IRQHandler                         0x080001bf   Thumb Code     0  startup_mm32f327x_keil.o(.text)
    EXTI3_IRQHandler                         0x080001bf   Thumb Code     0  startup_mm32f327x_keil.o(.text)
    EXTI4_IRQHandler                         0x080001bf   Thumb Code     0  startup_mm32f327x_keil.o(.text)
    EXTI9_5_IRQHandler                       0x080001bf   Thumb Code     0  startup_mm32f327x_keil.o(.text)
    FLASH_IRQHandler                         0x080001bf   Thumb Code     0  startup_mm32f327x_keil.o(.text)
    FlashCache_IRQHandler                    0x080001bf   Thumb Code     0  startup_mm32f327x_keil.o(.text)
    I2C1_IRQHandler                          0x080001bf   Thumb Code     0  startup_mm32f327x_keil.o(.text)
    I2C2_IRQHandler                          0x080001bf   Thumb Code     0  startup_mm32f327x_keil.o(.text)
    OTG_FS_IRQHandler                        0x080001bf   Thumb Code     0  startup_mm32f327x_keil.o(.text)
    OTG_FS_WKUP_IRQHandler                   0x080001bf   Thumb Code     0  startup_mm32f327x_keil.o(.text)
    PVD_IRQHandler                           0x080001bf   Thumb Code     0  startup_mm32f327x_keil.o(.text)
    RCC_CRS_IRQHandler                       0x080001bf   Thumb Code     0  startup_mm32f327x_keil.o(.text)
    RTCAlarm_IRQHandler                      0x080001bf   Thumb Code     0  startup_mm32f327x_keil.o(.text)
    RTC_IRQHandler                           0x080001bf   Thumb Code     0  startup_mm32f327x_keil.o(.text)
    SDIO_IRQHandler                          0x080001bf   Thumb Code     0  startup_mm32f327x_keil.o(.text)
    SPI1_IRQHandler                          0x080001bf   Thumb Code     0  startup_mm32f327x_keil.o(.text)
    SPI2_IRQHandler                          0x080001bf   Thumb Code     0  startup_mm32f327x_keil.o(.text)
    SPI3_IRQHandler                          0x080001bf   Thumb Code     0  startup_mm32f327x_keil.o(.text)
    TAMPER_IRQHandler                        0x080001bf   Thumb Code     0  startup_mm32f327x_keil.o(.text)
    TIM1_BRK_IRQHandler                      0x080001bf   Thumb Code     0  startup_mm32f327x_keil.o(.text)
    TIM1_CC_IRQHandler                       0x080001bf   Thumb Code     0  startup_mm32f327x_keil.o(.text)
    TIM1_TRG_COM_IRQHandler                  0x080001bf   Thumb Code     0  startup_mm32f327x_keil.o(.text)
    TIM1_UP_IRQHandler                       0x080001bf   Thumb Code     0  startup_mm32f327x_keil.o(.text)
    TIM3_IRQHandler                          0x080001bf   Thumb Code     0  startup_mm32f327x_keil.o(.text)
    TIM4_IRQHandler                          0x080001bf   Thumb Code     0  startup_mm32f327x_keil.o(.text)
    TIM5_IRQHandler                          0x080001bf   Thumb Code     0  startup_mm32f327x_keil.o(.text)
    TIM6_IRQHandler                          0x080001bf   Thumb Code     0  startup_mm32f327x_keil.o(.text)
    TIM7_IRQHandler                          0x080001bf   Thumb Code     0  startup_mm32f327x_keil.o(.text)
    TIM8_BRK_IRQHandler                      0x080001bf   Thumb Code     0  startup_mm32f327x_keil.o(.text)
    TIM8_CC_IRQHandler                       0x080001bf   Thumb Code     0  startup_mm32f327x_keil.o(.text)
    TIM8_TRG_COM_IRQHandler                  0x080001bf   Thumb Code     0  startup_mm32f327x_keil.o(.text)
    TIM8_UP_IRQHandler                       0x080001bf   Thumb Code     0  startup_mm32f327x_keil.o(.text)
    UART1_IRQHandler                         0x080001bf   Thumb Code     0  startup_mm32f327x_keil.o(.text)
    UART2_IRQHandler                         0x080001bf   Thumb Code     0  startup_mm32f327x_keil.o(.text)
    UART4_IRQHandler                         0x080001bf   Thumb Code     0  startup_mm32f327x_keil.o(.text)
    UART5_IRQHandler                         0x080001bf   Thumb Code     0  startup_mm32f327x_keil.o(.text)
    UART6_IRQHandler                         0x080001bf   Thumb Code     0  startup_mm32f327x_keil.o(.text)
    UART7_IRQHandler                         0x080001bf   Thumb Code     0  startup_mm32f327x_keil.o(.text)
    UART8_IRQHandler                         0x080001bf   Thumb Code     0  startup_mm32f327x_keil.o(.text)
    WWDG_IRQHandler                          0x080001bf   Thumb Code     0  startup_mm32f327x_keil.o(.text)
    strstr                                   0x080001c9   Thumb Code    36  strstr.o(.text)
    __aeabi_fadd                             0x080001ed   Thumb Code   164  fadd.o(.text)
    __aeabi_fsub                             0x08000291   Thumb Code     6  fadd.o(.text)
    __aeabi_frsub                            0x08000297   Thumb Code     6  fadd.o(.text)
    __aeabi_fmul                             0x0800029d   Thumb Code   100  fmul.o(.text)
    __aeabi_fdiv                             0x08000301   Thumb Code   124  fdiv.o(.text)
    __aeabi_dadd                             0x0800037d   Thumb Code   322  dadd.o(.text)
    __aeabi_dsub                             0x080004bf   Thumb Code     6  dadd.o(.text)
    __aeabi_drsub                            0x080004c5   Thumb Code     6  dadd.o(.text)
    __aeabi_dmul                             0x080004cb   Thumb Code   228  dmul.o(.text)
    __aeabi_ddiv                             0x080005af   Thumb Code   222  ddiv.o(.text)
    __aeabi_ui2f                             0x0800068d   Thumb Code    10  ffltui.o(.text)
    __aeabi_i2d                              0x08000697   Thumb Code    34  dflti.o(.text)
    __aeabi_ui2d                             0x080006b9   Thumb Code    26  dfltui.o(.text)
    __aeabi_f2uiz                            0x080006d3   Thumb Code    40  ffixui.o(.text)
    __aeabi_d2iz                             0x080006fb   Thumb Code    62  dfixi.o(.text)
    __aeabi_d2uiz                            0x08000739   Thumb Code    50  dfixui.o(.text)
    __aeabi_cdcmpeq                          0x0800076d   Thumb Code     0  cdcmple.o(.text)
    __aeabi_cdcmple                          0x0800076d   Thumb Code    48  cdcmple.o(.text)
    __aeabi_cdrcmple                         0x0800079d   Thumb Code    48  cdrcmple.o(.text)
    __aeabi_uidiv                            0x080007cd   Thumb Code     0  uidiv.o(.text)
    __aeabi_uidivmod                         0x080007cd   Thumb Code    44  uidiv.o(.text)
    __aeabi_uldivmod                         0x080007f9   Thumb Code    98  uldiv.o(.text)
    __aeabi_llsl                             0x0800085b   Thumb Code    30  llshl.o(.text)
    _ll_shift_l                              0x0800085b   Thumb Code     0  llshl.o(.text)
    __aeabi_llsr                             0x08000879   Thumb Code    32  llushr.o(.text)
    _ll_ushift_r                             0x08000879   Thumb Code     0  llushr.o(.text)
    __aeabi_lasr                             0x08000899   Thumb Code    36  llsshr.o(.text)
    _ll_sshift_r                             0x08000899   Thumb Code     0  llsshr.o(.text)
    __I$use$fp                               0x080008bd   Thumb Code     0  iusefp.o(.text)
    _float_round                             0x080008bd   Thumb Code    18  fepilogue.o(.text)
    _float_epilogue                          0x080008cf   Thumb Code    92  fepilogue.o(.text)
    _double_round                            0x0800092b   Thumb Code    30  depilogue.o(.text)
    _double_epilogue                         0x08000949   Thumb Code   156  depilogue.o(.text)
    __ARM_scalbn                             0x080009e5   Thumb Code    46  dscalb.o(.text)
    scalbn                                   0x080009e5   Thumb Code     0  dscalb.o(.text)
    _dsqrt                                   0x08000a13   Thumb Code   162  dsqrt.o(.text)
    __aeabi_d2ulz                            0x08000ab5   Thumb Code    48  dfixul.o(.text)
    __scatterload                            0x08000ae5   Thumb Code    28  init.o(.text)
    __scatterload_rt2                        0x08000ae5   Thumb Code     0  init.o(.text)
    __decompress                             0x08000b09   Thumb Code     0  __dczerorl2.o(.text)
    __decompress1                            0x08000b09   Thumb Code    86  __dczerorl2.o(.text)
    AutoCalPllFactor                         0x08000b5f   Thumb Code   102  system_mm32f327x.o(i.AutoCalPllFactor)
    DELAY_Us                                 0x08000bc5   Thumb Code    32  systick.o(i.DELAY_Us)
    Find_target                              0x08000c2d   Thumb Code   214  gps.o(i.Find_target)
    GPIO_Init                                0x08000d1d   Thumb Code   170  hal_gpio.o(i.GPIO_Init)
    GPIO_PinAFConfig                         0x08000dc7   Thumb Code    40  hal_gpio.o(i.GPIO_PinAFConfig)
    GPIO_ReadInputDataBit                    0x08000def   Thumb Code    16  hal_gpio.o(i.GPIO_ReadInputDataBit)
    GPIO_StructInit                          0x08000dff   Thumb Code    16  hal_gpio.o(i.GPIO_StructInit)
    GPIO_WriteBit                            0x08000e0f   Thumb Code    10  hal_gpio.o(i.GPIO_WriteBit)
    GPS_Init                                 0x08000e19   Thumb Code    44  gps.o(i.GPS_Init)
    GPS_Send                                 0x08000e59   Thumb Code    42  gps.o(i.GPS_Send)
    HMC5983_Init                             0x08000e91   Thumb Code    52  hmc5983.o(i.HMC5983_Init)
    HMC5983_Read                             0x08000ed1   Thumb Code    60  hmc5983.o(i.HMC5983_Read)
    HMC5983_Read_reg                         0x08000f19   Thumb Code    44  hmc5983.o(i.HMC5983_Read_reg)
    I2C2_NAck                                0x08000f45   Thumb Code    66  iic.o(i.I2C2_NAck)
    I2C2_Read_Byte                           0x08000f8d   Thumb Code    74  iic.o(i.I2C2_Read_Byte)
    I2C2_Read_REG                            0x08000fdd   Thumb Code   112  iic.o(i.I2C2_Read_REG)
    I2C2_Send_Byte                           0x0800104d   Thumb Code    86  iic.o(i.I2C2_Send_Byte)
    I2C2_Start                               0x080010a9   Thumb Code    84  iic.o(i.I2C2_Start)
    I2C2_Stop                                0x08001101   Thumb Code    98  iic.o(i.I2C2_Stop)
    I2C2_Wait_Ack                            0x08001169   Thumb Code   102  iic.o(i.I2C2_Wait_Ack)
    I2C_Write_REG                            0x080011d5   Thumb Code    92  iic.o(i.I2C_Write_REG)
    IIC_GPIO_Init                            0x08001231   Thumb Code    46  iic.o(i.IIC_GPIO_Init)
    Init_For_All_Device                      0x08001265   Thumb Code    72  target.o(i.Init_For_All_Device)
    Main_Loop                                0x080012c1   Thumb Code     2  target.o(i.Main_Loop)
    NMEA_Comma_Pos                           0x080012c3   Thumb Code    50  gps.o(i.NMEA_Comma_Pos)
    NMEA_GNRMC_Analysis                      0x080012f5   Thumb Code   528  gps.o(i.NMEA_GNRMC_Analysis)
    NMEA_Pow                                 0x08001511   Thumb Code    22  gps.o(i.NMEA_Pow)
    NMEA_Str2num                             0x08001527   Thumb Code   234  gps.o(i.NMEA_Str2num)
    NVIC_Init                                0x08001611   Thumb Code    96  hal_misc.o(i.NVIC_Init)
    PWM_GPIO_Init                            0x0800167d   Thumb Code    54  pwm.o(i.PWM_GPIO_Init)
    PWM_Init                                 0x080016b9   Thumb Code   106  pwm.o(i.PWM_Init)
    RCC_AHBPeriphClockCmd                    0x08001729   Thumb Code    26  hal_rcc.o(i.RCC_AHBPeriphClockCmd)
    RCC_APB1PeriphClockCmd                   0x08001749   Thumb Code    26  hal_rcc.o(i.RCC_APB1PeriphClockCmd)
    RCC_APB2PeriphClockCmd                   0x08001769   Thumb Code    26  hal_rcc.o(i.RCC_APB2PeriphClockCmd)
    RCC_GetHCLKFreq                          0x08001789   Thumb Code    22  hal_rcc.o(i.RCC_GetHCLKFreq)
    RCC_GetPCLK1Freq                         0x080017a9   Thumb Code    22  hal_rcc.o(i.RCC_GetPCLK1Freq)
    RCC_GetPCLK2Freq                         0x080017c9   Thumb Code    22  hal_rcc.o(i.RCC_GetPCLK2Freq)
    RCC_GetSysClockFreq                      0x080017e9   Thumb Code   102  hal_rcc.o(i.RCC_GetSysClockFreq)
    SystemInit                               0x08001ab5   Thumb Code    82  system_mm32f327x.o(i.SystemInit)
    TIM2_IRQHandler                          0x08001b19   Thumb Code   238  target.o(i.TIM2_IRQHandler)
    TIM2_Init                                0x08001c7d   Thumb Code    94  timer.o(i.TIM2_Init)
    TIM_ARRPreloadConfig                     0x08001cdb   Thumb Code    22  hal_tim.o(i.TIM_ARRPreloadConfig)
    TIM_ClearITPendingBit                    0x08001cf1   Thumb Code     8  hal_tim.o(i.TIM_ClearITPendingBit)
    TIM_Cmd                                  0x08001cf9   Thumb Code    22  hal_tim.o(i.TIM_Cmd)
    TIM_GetITStatus                          0x08001d0f   Thumb Code    22  hal_tim.o(i.TIM_GetITStatus)
    TIM_ITConfig                             0x08001d25   Thumb Code    18  hal_tim.o(i.TIM_ITConfig)
    TIM_OC1Init                              0x08001d39   Thumb Code    78  hal_tim.o(i.TIM_OC1Init)
    TIM_OC1PreloadConfig                     0x08001d91   Thumb Code    12  hal_tim.o(i.TIM_OC1PreloadConfig)
    TIM_TimeBaseInit                         0x08001d9d   Thumb Code    98  hal_tim.o(i.TIM_TimeBaseInit)
    UART1_GPIO_Init                          0x08001e15   Thumb Code    88  usart.o(i.UART1_GPIO_Init)
    UART3_GPIO_Init                          0x08001e71   Thumb Code    88  usart.o(i.UART3_GPIO_Init)
    UART3_IRQHandler                         0x08001ecd   Thumb Code   162  gps.o(i.UART3_IRQHandler)
    UART4_GPIO_Init                          0x08001f8d   Thumb Code    88  usart.o(i.UART4_GPIO_Init)
    UART_ClearITPendingBit                   0x08001fe9   Thumb Code     4  hal_uart.o(i.UART_ClearITPendingBit)
    UART_Cmd                                 0x08001fed   Thumb Code    12  hal_uart.o(i.UART_Cmd)
    UART_GetFlagStatus                       0x08001ff9   Thumb Code    16  hal_uart.o(i.UART_GetFlagStatus)
    UART_GetITStatus                         0x08002009   Thumb Code    16  hal_uart.o(i.UART_GetITStatus)
    UART_ITConfig                            0x08002019   Thumb Code    18  hal_uart.o(i.UART_ITConfig)
    UART_Init                                0x0800202d   Thumb Code   112  hal_uart.o(i.UART_Init)
    UART_ReceiveData                         0x080020a1   Thumb Code     8  hal_uart.o(i.UART_ReceiveData)
    UART_SendData                            0x080020a9   Thumb Code     6  hal_uart.o(i.UART_SendData)
    UART_StructInit                          0x080020af   Thumb Code    26  hal_uart.o(i.UART_StructInit)
    USART1_Init                              0x080020c9   Thumb Code    68  usart.o(i.USART1_Init)
    USART3_Init                              0x08002111   Thumb Code   108  usart.o(i.USART3_Init)
    USART4_Init                              0x08002181   Thumb Code    68  usart.o(i.USART4_Init)
    __0printf                                0x080021c9   Thumb Code    22  printfa.o(i.__0printf)
    __1printf                                0x080021c9   Thumb Code     0  printfa.o(i.__0printf)
    __2printf                                0x080021c9   Thumb Code     0  printfa.o(i.__0printf)
    __c89printf                              0x080021c9   Thumb Code     0  printfa.o(i.__0printf)
    printf                                   0x080021c9   Thumb Code     0  printfa.o(i.__0printf)
    __ARM_fpclassify                         0x080021e9   Thumb Code    40  fpclassify.o(i.__ARM_fpclassify)
    __ieee754_rem_pio2                       0x08002211   Thumb Code   828  rred.o(i.__ieee754_rem_pio2)
    __kernel_cos                             0x08002599   Thumb Code   230  cos_i.o(i.__kernel_cos)
    __kernel_poly                            0x08002695   Thumb Code   170  poly.o(i.__kernel_poly)
    __kernel_sin                             0x08002741   Thumb Code   224  sin_i.o(i.__kernel_sin)
    __mathlib_dbl_infnan                     0x0800282d   Thumb Code     6  dunder.o(i.__mathlib_dbl_infnan)
    __mathlib_dbl_infnan2                    0x08002833   Thumb Code     4  dunder.o(i.__mathlib_dbl_infnan2)
    __mathlib_dbl_invalid                    0x08002837   Thumb Code    12  dunder.o(i.__mathlib_dbl_invalid)
    __mathlib_dbl_underflow                  0x08002845   Thumb Code    10  dunder.o(i.__mathlib_dbl_underflow)
    __scatterload_copy                       0x08002855   Thumb Code    14  handlers.o(i.__scatterload_copy)
    __scatterload_null                       0x08002863   Thumb Code     2  handlers.o(i.__scatterload_null)
    __scatterload_zeroinit                   0x08002865   Thumb Code    14  handlers.o(i.__scatterload_zeroinit)
    __set_errno                              0x08002875   Thumb Code     6  errno.o(i.__set_errno)
    acos                                     0x08003135   Thumb Code   574  acos.o(i.acos)
    atan                                     0x080033b1   Thumb Code   474  atan.o(i.atan)
    atan2                                    0x080035d1   Thumb Code   346  atan2.o(i.atan2)
    cos                                      0x08003751   Thumb Code   148  cos.o(i.cos)
    fputc                                    0x080037ed   Thumb Code    32  usart.o(i.fputc)
    main                                     0x08003811   Thumb Code    12  main.o(i.main)
    rectangle                                0x0800381d   Thumb Code    72  hmc5983.o(i.rectangle)
    sin                                      0x08003875   Thumb Code   150  sin.o(i.sin)
    sqrt                                     0x08003915   Thumb Code    76  sqrt.o(i.sqrt)
    target_find                              0x08003961   Thumb Code    76  gps.o(i.target_find)
    transformlat                             0x080039e5   Thumb Code   622  gps.o(i.transformlat)
    transformlng                             0x08003c89   Thumb Code   614  gps.o(i.transformlng)
    wgs84_to_gcj02                           0x08003f1d   Thumb Code   434  gps.o(i.wgs84_to_gcj02)
    xiangchajiao                             0x08004109   Thumb Code   230  vector.o(i.xiangchajiao)
    __mathlib_zero                           0x08004310   Data           8  qnan.o(.constdata)
    Region$$Table$$Base                      0x08004408   Number         0  anon$$obj.o(Region$$Table)
    Region$$Table$$Limit                     0x08004428   Number         0  anon$$obj.o(Region$$Table)
    x                                        0x20000000   Data           4  hmc5983.o(.data)
    y                                        0x20000004   Data           4  hmc5983.o(.data)
    z                                        0x20000008   Data           4  hmc5983.o(.data)
    x1                                       0x2000000c   Data           4  hmc5983.o(.data)
    y1                                       0x20000010   Data           4  hmc5983.o(.data)
    z1                                       0x20000014   Data           4  hmc5983.o(.data)
    jiaozheng                                0x20000018   Data           4  hmc5983.o(.data)
    x_Max                                    0x2000001c   Data           4  hmc5983.o(.data)
    x_Min                                    0x20000020   Data           4  hmc5983.o(.data)
    y_Max                                    0x20000024   Data           4  hmc5983.o(.data)
    y_Min                                    0x20000028   Data           4  hmc5983.o(.data)
    z_Max                                    0x2000002c   Data           4  hmc5983.o(.data)
    z_Min                                    0x20000030   Data           4  hmc5983.o(.data)
    x_offset                                 0x20000034   Data           4  hmc5983.o(.data)
    y_offset                                 0x20000038   Data           4  hmc5983.o(.data)
    z_offset                                 0x2000003c   Data           4  hmc5983.o(.data)
    x_gain                                   0x20000040   Data           4  hmc5983.o(.data)
    y_gain                                   0x20000044   Data           4  hmc5983.o(.data)
    z_gain                                   0x20000048   Data           4  hmc5983.o(.data)
    x_real                                   0x2000004c   Data           4  hmc5983.o(.data)
    y_real                                   0x20000050   Data           4  hmc5983.o(.data)
    z_real                                   0x20000054   Data           4  hmc5983.o(.data)
    way_val                                  0x20000058   Data           8  hmc5983.o(.data)
    Pi                                       0x20000060   Data           8  hmc5983.o(.data)
    x_pi                                     0x20000070   Data           8  gps.o(.data)
    pi                                       0x20000078   Data           8  gps.o(.data)
    a                                        0x20000080   Data           8  gps.o(.data)
    ee                                       0x20000088   Data           8  gps.o(.data)
    target                                   0x20000090   Data           8  gps.o(.data)
    lng_val                                  0x20000098   Data           8  gps.o(.data)
    lat_val                                  0x200000a0   Data           8  gps.o(.data)
    jingdu                                   0x200000a8   Data           8  gps.o(.data)
    weidu                                    0x200000b0   Data           8  gps.o(.data)
    way                                      0x200000b8   Data           8  gps.o(.data)
    fg                                       0x200000c0   Data           4  gps.o(.data)
    pos                                      0x200000c4   Data           4  gps.o(.data)
    daohangcanshu                            0x200000c8   Data           4  gps.o(.data)
    Point_Sum                                0x200000cc   Data           4  gps.o(.data)
    History_Index                            0x200000d0   Data           4  gps.o(.data)
    Way_Point                                0x200000d8   Data         800  gps.o(.data)
    Set_Frequence                            0x200003f8   Data          24  gps.o(.data)
    GPS_Mode                                 0x20000410   Data          26  gps.o(.data)
    Only_GNRMC                               0x2000042a   Data          62  gps.o(.data)
    Plane_Mode                               0x20000468   Data          22  gps.o(.data)
    check                                    0x2000047e   Data          20  gps.o(.data)
    P                                        0x20000498   Data           8  vector.o(.data)
    jiaodu                                   0x200004a0   Data           8  target.o(.data)
    SystemCoreClock                          0x200004a8   Data           4  system_mm32f327x.o(.data)
    AHBPrescTable                            0x200004ac   Data          16  system_mm32f327x.o(.data)
    tbPresc                                  0x200004bc   Data          16  hal_rcc.o(.data)
    __stdout                                 0x200004cc   Data           4  stdout.o(.data)
    Data_Buf                                 0x200004d8   Data        1024  gps.o(.bss)
    History_Point                            0x200008d8   Data        3200  gps.o(.bss)
    loca                                     0x20001558   Data          16  gps.o(.bss)
    flag                                     0x20001568   Data         120  gps.o(.bss)
    buf                                      0x200015e0   Data          12  gps.o(.bss)
    GNRMC                                    0x200015ec   Data         128  gps.o(.bss)
    __initial_sp                             0x20001a70   Data           0  startup_mm32f327x_keil.o(STACK)



==============================================================================

Memory Map of the image

  Image Entry point : 0x08000191

  Load Region LR_IROM1 (Base: 0x08000000, Size: 0x000048fc, Max: 0x00080000, ABSOLUTE, COMPRESSED[0x00004568])

    Execution Region ER_IROM1 (Exec base: 0x08000000, Load base: 0x08000000, Size: 0x00004428, Max: 0x00080000, ABSOLUTE)

    Exec Addr    Load Addr    Size         Type   Attr      Idx    E Section Name        Object

    0x08000000   0x08000000   0x00000190   Data   RO            3    RESET               startup_mm32f327x_keil.o
    0x08000190   0x08000190   0x00000000   Code   RO         5299  * .ARM.Collect$$$$00000000  mc_w.l(entry.o)
    0x08000190   0x08000190   0x00000004   Code   RO         5638    .ARM.Collect$$$$00000001  mc_w.l(entry2.o)
    0x08000194   0x08000194   0x00000004   Code   RO         5641    .ARM.Collect$$$$00000004  mc_w.l(entry5.o)
    0x08000198   0x08000198   0x00000000   Code   RO         5643    .ARM.Collect$$$$00000008  mc_w.l(entry7b.o)
    0x08000198   0x08000198   0x00000000   Code   RO         5645    .ARM.Collect$$$$0000000A  mc_w.l(entry8b.o)
    0x08000198   0x08000198   0x00000008   Code   RO         5646    .ARM.Collect$$$$0000000B  mc_w.l(entry9a.o)
    0x080001a0   0x080001a0   0x00000000   Code   RO         5648    .ARM.Collect$$$$0000000D  mc_w.l(entry10a.o)
    0x080001a0   0x080001a0   0x00000000   Code   RO         5650    .ARM.Collect$$$$0000000F  mc_w.l(entry11a.o)
    0x080001a0   0x080001a0   0x00000004   Code   RO         5639    .ARM.Collect$$$$00002712  mc_w.l(entry2.o)
    0x080001a4   0x080001a4   0x00000024   Code   RO            4    .text               startup_mm32f327x_keil.o
    0x080001c8   0x080001c8   0x00000024   Code   RO         5304    .text               mc_w.l(strstr.o)
    0x080001ec   0x080001ec   0x000000b0   Code   RO         5569    .text               mf_w.l(fadd.o)
    0x0800029c   0x0800029c   0x00000064   Code   RO         5571    .text               mf_w.l(fmul.o)
    0x08000300   0x08000300   0x0000007c   Code   RO         5573    .text               mf_w.l(fdiv.o)
    0x0800037c   0x0800037c   0x0000014e   Code   RO         5575    .text               mf_w.l(dadd.o)
    0x080004ca   0x080004ca   0x000000e4   Code   RO         5577    .text               mf_w.l(dmul.o)
    0x080005ae   0x080005ae   0x000000de   Code   RO         5579    .text               mf_w.l(ddiv.o)
    0x0800068c   0x0800068c   0x0000000a   Code   RO         5581    .text               mf_w.l(ffltui.o)
    0x08000696   0x08000696   0x00000022   Code   RO         5583    .text               mf_w.l(dflti.o)
    0x080006b8   0x080006b8   0x0000001a   Code   RO         5585    .text               mf_w.l(dfltui.o)
    0x080006d2   0x080006d2   0x00000028   Code   RO         5587    .text               mf_w.l(ffixui.o)
    0x080006fa   0x080006fa   0x0000003e   Code   RO         5589    .text               mf_w.l(dfixi.o)
    0x08000738   0x08000738   0x00000032   Code   RO         5591    .text               mf_w.l(dfixui.o)
    0x0800076a   0x0800076a   0x00000002   PAD
    0x0800076c   0x0800076c   0x00000030   Code   RO         5593    .text               mf_w.l(cdcmple.o)
    0x0800079c   0x0800079c   0x00000030   Code   RO         5595    .text               mf_w.l(cdrcmple.o)
    0x080007cc   0x080007cc   0x0000002c   Code   RO         5653    .text               mc_w.l(uidiv.o)
    0x080007f8   0x080007f8   0x00000062   Code   RO         5655    .text               mc_w.l(uldiv.o)
    0x0800085a   0x0800085a   0x0000001e   Code   RO         5657    .text               mc_w.l(llshl.o)
    0x08000878   0x08000878   0x00000020   Code   RO         5659    .text               mc_w.l(llushr.o)
    0x08000898   0x08000898   0x00000024   Code   RO         5661    .text               mc_w.l(llsshr.o)
    0x080008bc   0x080008bc   0x00000000   Code   RO         5670    .text               mc_w.l(iusefp.o)
    0x080008bc   0x080008bc   0x0000006e   Code   RO         5671    .text               mf_w.l(fepilogue.o)
    0x0800092a   0x0800092a   0x000000ba   Code   RO         5673    .text               mf_w.l(depilogue.o)
    0x080009e4   0x080009e4   0x0000002e   Code   RO         5675    .text               mf_w.l(dscalb.o)
    0x08000a12   0x08000a12   0x000000a2   Code   RO         5677    .text               mf_w.l(dsqrt.o)
    0x08000ab4   0x08000ab4   0x00000030   Code   RO         5679    .text               mf_w.l(dfixul.o)
    0x08000ae4   0x08000ae4   0x00000024   Code   RO         5683    .text               mc_w.l(init.o)
    0x08000b08   0x08000b08   0x00000056   Code   RO         5693    .text               mc_w.l(__dczerorl2.o)
    0x08000b5e   0x08000b5e   0x00000066   Code   RO          880    i.AutoCalPllFactor  system_mm32f327x.o
    0x08000bc4   0x08000bc4   0x00000024   Code   RO          530    i.DELAY_Us          systick.o
    0x08000be8   0x08000be8   0x00000042   Code   RO          881    i.DELAY_xUs         system_mm32f327x.o
    0x08000c2a   0x08000c2a   0x00000002   PAD
    0x08000c2c   0x08000c2c   0x000000f0   Code   RO          583    i.Find_target       gps.o
    0x08000d1c   0x08000d1c   0x000000aa   Code   RO         2846    i.GPIO_Init         hal_gpio.o
    0x08000dc6   0x08000dc6   0x00000028   Code   RO         2847    i.GPIO_PinAFConfig  hal_gpio.o
    0x08000dee   0x08000dee   0x00000010   Code   RO         2851    i.GPIO_ReadInputDataBit  hal_gpio.o
    0x08000dfe   0x08000dfe   0x00000010   Code   RO         2856    i.GPIO_StructInit   hal_gpio.o
    0x08000e0e   0x08000e0e   0x0000000a   Code   RO         2858    i.GPIO_WriteBit     hal_gpio.o
    0x08000e18   0x08000e18   0x00000040   Code   RO          584    i.GPS_Init          gps.o
    0x08000e58   0x08000e58   0x00000038   Code   RO          585    i.GPS_Send          gps.o
    0x08000e90   0x08000e90   0x00000040   Code   RO          458    i.HMC5983_Init      hmc5983.o
    0x08000ed0   0x08000ed0   0x00000048   Code   RO          459    i.HMC5983_Read      hmc5983.o
    0x08000f18   0x08000f18   0x0000002c   Code   RO          460    i.HMC5983_Read_reg  hmc5983.o
    0x08000f44   0x08000f44   0x00000048   Code   RO          298    i.I2C2_NAck         iic.o
    0x08000f8c   0x08000f8c   0x00000050   Code   RO          299    i.I2C2_Read_Byte    iic.o
    0x08000fdc   0x08000fdc   0x00000070   Code   RO          301    i.I2C2_Read_REG     iic.o
    0x0800104c   0x0800104c   0x0000005c   Code   RO          302    i.I2C2_Send_Byte    iic.o
    0x080010a8   0x080010a8   0x00000058   Code   RO          303    i.I2C2_Start        iic.o
    0x08001100   0x08001100   0x00000068   Code   RO          304    i.I2C2_Stop         iic.o
    0x08001168   0x08001168   0x0000006c   Code   RO          305    i.I2C2_Wait_Ack     iic.o
    0x080011d4   0x080011d4   0x0000005c   Code   RO          307    i.I2C_Write_REG     iic.o
    0x08001230   0x08001230   0x00000034   Code   RO          308    i.IIC_GPIO_Init     iic.o
    0x08001264   0x08001264   0x0000005c   Code   RO          781    i.Init_For_All_Device  target.o
    0x080012c0   0x080012c0   0x00000002   Code   RO          782    i.Main_Loop         target.o
    0x080012c2   0x080012c2   0x00000032   Code   RO          586    i.NMEA_Comma_Pos    gps.o
    0x080012f4   0x080012f4   0x0000021c   Code   RO          587    i.NMEA_GNRMC_Analysis  gps.o
    0x08001510   0x08001510   0x00000016   Code   RO          588    i.NMEA_Pow          gps.o
    0x08001526   0x08001526   0x000000ea   Code   RO          589    i.NMEA_Str2num      gps.o
    0x08001610   0x08001610   0x0000006c   Code   RO         3234    i.NVIC_Init         hal_misc.o
    0x0800167c   0x0800167c   0x0000003c   Code   RO          713    i.PWM_GPIO_Init     pwm.o
    0x080016b8   0x080016b8   0x00000070   Code   RO          714    i.PWM_Init          pwm.o
    0x08001728   0x08001728   0x00000020   Code   RO         3393    i.RCC_AHBPeriphClockCmd  hal_rcc.o
    0x08001748   0x08001748   0x00000020   Code   RO         3396    i.RCC_APB1PeriphClockCmd  hal_rcc.o
    0x08001768   0x08001768   0x00000020   Code   RO         3399    i.RCC_APB2PeriphClockCmd  hal_rcc.o
    0x08001788   0x08001788   0x00000020   Code   RO         3416    i.RCC_GetHCLKFreq   hal_rcc.o
    0x080017a8   0x080017a8   0x00000020   Code   RO         3418    i.RCC_GetPCLK1Freq  hal_rcc.o
    0x080017c8   0x080017c8   0x00000020   Code   RO         3419    i.RCC_GetPCLK2Freq  hal_rcc.o
    0x080017e8   0x080017e8   0x00000074   Code   RO         3421    i.RCC_GetSysClockFreq  hal_rcc.o
    0x0800185c   0x0800185c   0x00000030   Code   RO          882    i.SetSysClock       system_mm32f327x.o
    0x0800188c   0x0800188c   0x00000228   Code   RO          883    i.SetSysClockToXX   system_mm32f327x.o
    0x08001ab4   0x08001ab4   0x00000064   Code   RO          884    i.SystemInit        system_mm32f327x.o
    0x08001b18   0x08001b18   0x00000164   Code   RO          783    i.TIM2_IRQHandler   target.o
    0x08001c7c   0x08001c7c   0x0000005e   Code   RO          750    i.TIM2_Init         timer.o
    0x08001cda   0x08001cda   0x00000016   Code   RO         4242    i.TIM_ARRPreloadConfig  hal_tim.o
    0x08001cf0   0x08001cf0   0x00000008   Code   RO         4249    i.TIM_ClearITPendingBit  hal_tim.o
    0x08001cf8   0x08001cf8   0x00000016   Code   RO         4255    i.TIM_Cmd           hal_tim.o
    0x08001d0e   0x08001d0e   0x00000016   Code   RO         4278    i.TIM_GetITStatus   hal_tim.o
    0x08001d24   0x08001d24   0x00000012   Code   RO         4282    i.TIM_ITConfig      hal_tim.o
    0x08001d36   0x08001d36   0x00000002   PAD
    0x08001d38   0x08001d38   0x00000058   Code   RO         4286    i.TIM_OC1Init       hal_tim.o
    0x08001d90   0x08001d90   0x0000000c   Code   RO         4289    i.TIM_OC1PreloadConfig  hal_tim.o
    0x08001d9c   0x08001d9c   0x00000078   Code   RO         4343    i.TIM_TimeBaseInit  hal_tim.o
    0x08001e14   0x08001e14   0x0000005c   Code   RO           13    i.UART1_GPIO_Init   usart.o
    0x08001e70   0x08001e70   0x0000005c   Code   RO           14    i.UART3_GPIO_Init   usart.o
    0x08001ecc   0x08001ecc   0x000000c0   Code   RO          590    i.UART3_IRQHandler  gps.o
    0x08001f8c   0x08001f8c   0x0000005c   Code   RO           15    i.UART4_GPIO_Init   usart.o
    0x08001fe8   0x08001fe8   0x00000004   Code   RO         4911    i.UART_ClearITPendingBit  hal_uart.o
    0x08001fec   0x08001fec   0x0000000c   Code   RO         4912    i.UART_Cmd          hal_uart.o
    0x08001ff8   0x08001ff8   0x00000010   Code   RO         4916    i.UART_GetFlagStatus  hal_uart.o
    0x08002008   0x08002008   0x00000010   Code   RO         4917    i.UART_GetITStatus  hal_uart.o
    0x08002018   0x08002018   0x00000012   Code   RO         4919    i.UART_ITConfig     hal_uart.o
    0x0800202a   0x0800202a   0x00000002   PAD
    0x0800202c   0x0800202c   0x00000074   Code   RO         4920    i.UART_Init         hal_uart.o
    0x080020a0   0x080020a0   0x00000008   Code   RO         4921    i.UART_ReceiveData  hal_uart.o
    0x080020a8   0x080020a8   0x00000006   Code   RO         4924    i.UART_SendData     hal_uart.o
    0x080020ae   0x080020ae   0x0000001a   Code   RO         4933    i.UART_StructInit   hal_uart.o
    0x080020c8   0x080020c8   0x00000048   Code   RO           16    i.USART1_Init       usart.o
    0x08002110   0x08002110   0x00000070   Code   RO           17    i.USART3_Init       usart.o
    0x08002180   0x08002180   0x00000048   Code   RO           18    i.USART4_Init       usart.o
    0x080021c8   0x080021c8   0x00000020   Code   RO         5541    i.__0printf         mc_w.l(printfa.o)
    0x080021e8   0x080021e8   0x00000028   Code   RO         5681    i.__ARM_fpclassify  m_ws.l(fpclassify.o)
    0x08002210   0x08002210   0x00000388   Code   RO         5627    i.__ieee754_rem_pio2  m_ws.l(rred.o)
    0x08002598   0x08002598   0x000000fc   Code   RO         5607    i.__kernel_cos      m_ws.l(cos_i.o)
    0x08002694   0x08002694   0x000000aa   Code   RO         5624    i.__kernel_poly     m_ws.l(poly.o)
    0x0800273e   0x0800273e   0x00000002   PAD
    0x08002740   0x08002740   0x000000ec   Code   RO         5632    i.__kernel_sin      m_ws.l(sin_i.o)
    0x0800282c   0x0800282c   0x00000006   Code   RO         5611    i.__mathlib_dbl_infnan  m_ws.l(dunder.o)
    0x08002832   0x08002832   0x00000004   Code   RO         5612    i.__mathlib_dbl_infnan2  m_ws.l(dunder.o)
    0x08002836   0x08002836   0x0000000c   Code   RO         5613    i.__mathlib_dbl_invalid  m_ws.l(dunder.o)
    0x08002842   0x08002842   0x00000002   PAD
    0x08002844   0x08002844   0x00000010   Code   RO         5616    i.__mathlib_dbl_underflow  m_ws.l(dunder.o)
    0x08002854   0x08002854   0x0000000e   Code   RO         5687    i.__scatterload_copy  mc_w.l(handlers.o)
    0x08002862   0x08002862   0x00000002   Code   RO         5688    i.__scatterload_null  mc_w.l(handlers.o)
    0x08002864   0x08002864   0x0000000e   Code   RO         5689    i.__scatterload_zeroinit  mc_w.l(handlers.o)
    0x08002872   0x08002872   0x00000002   PAD
    0x08002874   0x08002874   0x0000000c   Code   RO         5665    i.__set_errno       mc_w.l(errno.o)
    0x08002880   0x08002880   0x00000184   Code   RO         5548    i._fp_digits        mc_w.l(printfa.o)
    0x08002a04   0x08002a04   0x000006dc   Code   RO         5549    i._printf_core      mc_w.l(printfa.o)
    0x080030e0   0x080030e0   0x00000024   Code   RO         5550    i._printf_post_padding  mc_w.l(printfa.o)
    0x08003104   0x08003104   0x0000002e   Code   RO         5551    i._printf_pre_padding  mc_w.l(printfa.o)
    0x08003132   0x08003132   0x00000002   PAD
    0x08003134   0x08003134   0x0000027c   Code   RO         5258    i.acos              m_ws.l(acos.o)
    0x080033b0   0x080033b0   0x00000220   Code   RO         5598    i.atan              m_ws.l(atan.o)
    0x080035d0   0x080035d0   0x00000180   Code   RO         5268    i.atan2             m_ws.l(atan2.o)
    0x08003750   0x08003750   0x0000009c   Code   RO         5276    i.cos               m_ws.l(cos.o)
    0x080037ec   0x080037ec   0x00000024   Code   RO           19    i.fputc             usart.o
    0x08003810   0x08003810   0x0000000c   Code   RO          838    i.main              main.o
    0x0800381c   0x0800381c   0x00000058   Code   RO          463    i.rectangle         hmc5983.o
    0x08003874   0x08003874   0x000000a0   Code   RO         5284    i.sin               m_ws.l(sin.o)
    0x08003914   0x08003914   0x0000004c   Code   RO         5292    i.sqrt              m_ws.l(sqrt.o)
    0x08003960   0x08003960   0x00000084   Code   RO          591    i.target_find       gps.o
    0x080039e4   0x080039e4   0x000002a4   Code   RO          592    i.transformlat      gps.o
    0x08003c88   0x08003c88   0x00000294   Code   RO          593    i.transformlng      gps.o
    0x08003f1c   0x08003f1c   0x000001ec   Code   RO          594    i.wgs84_to_gcj02    gps.o
    0x08004108   0x08004108   0x000000f0   Code   RO          692    i.xiangchajiao      vector.o
    0x080041f8   0x080041f8   0x00000050   Data   RO         5259    .constdata          m_ws.l(acos.o)
    0x08004248   0x08004248   0x00000098   Data   RO         5599    .constdata          m_ws.l(atan.o)
    0x080042e0   0x080042e0   0x00000030   Data   RO         5608    .constdata          m_ws.l(cos_i.o)
    0x08004310   0x08004310   0x00000008   Data   RO         5626    .constdata          m_ws.l(qnan.o)
    0x08004318   0x08004318   0x000000c8   Data   RO         5629    .constdata          m_ws.l(rred.o)
    0x080043e0   0x080043e0   0x00000028   Data   RO         5633    .constdata          m_ws.l(sin_i.o)
    0x08004408   0x08004408   0x00000020   Data   RO         5685    Region$$Table       anon$$obj.o


    Execution Region RW_IRAM1 (Exec base: 0x20000000, Load base: 0x08004428, Size: 0x00001a70, Max: 0x00020000, ABSOLUTE, COMPRESSED[0x00000140])

    Exec Addr    Load Addr    Size         Type   Attr      Idx    E Section Name        Object

    0x20000000   COMPRESSED   0x00000068   Data   RW          465    .data               hmc5983.o
    0x20000068   COMPRESSED   0x00000004   Data   RW          531    .data               systick.o
    0x2000006c   COMPRESSED   0x00000004   PAD
    0x20000070   COMPRESSED   0x00000422   Data   RW          596    .data               gps.o
    0x20000492   COMPRESSED   0x00000006   PAD
    0x20000498   COMPRESSED   0x00000008   Data   RW          693    .data               vector.o
    0x200004a0   COMPRESSED   0x00000008   Data   RW          784    .data               target.o
    0x200004a8   COMPRESSED   0x00000014   Data   RW          885    .data               system_mm32f327x.o
    0x200004bc   COMPRESSED   0x00000010   Data   RW         3447    .data               hal_rcc.o
    0x200004cc   COMPRESSED   0x00000004   Data   RW         5652    .data               mc_w.l(stdout.o)
    0x200004d0   COMPRESSED   0x00000004   Data   RW         5666    .data               mc_w.l(errno.o)
    0x200004d4   COMPRESSED   0x00000004   PAD
    0x200004d8        -       0x00001194   Zero   RW          595    .bss                gps.o
    0x2000166c   COMPRESSED   0x00000004   PAD
    0x20001670        -       0x00000400   Zero   RW            1    STACK               startup_mm32f327x_keil.o


==============================================================================

Image component sizes


      Code (inc. data)   RO Data    RW Data    ZI Data      Debug   Object Name

      3358        316          0       1058       4500      10993   gps.o
         0          0          0          0          0     111472   hal_adc.o
       252          0          0          0          0       5729   hal_gpio.o
       108         12          0          0          0       2176   hal_misc.o
       308         62          0         16          0       7198   hal_rcc.o
       312         32          0          0          0      11854   hal_tim.o
       222          4          0          0          0       7213   hal_uart.o
       268         40          0        104          0       3677   hmc5983.o
       800         40          0          0          0       5539   iic.o
        12          0          0          0          0        459   main.o
       172         12          0          0          0       1227   pwm.o
        36          8        400          0       1024        844   startup_mm32f327x_keil.o
       868         68          0         20          0       4176   system_mm32f327x.o
        36          4          0          4          0       1275   systick.o
       450        138          0          8          0       1833   target.o
        94          0          0          0          0        676   timer.o
       568         28          0          0          0      24072   usart.o
       240         10          0          8          0        955   vector.o

    ----------------------------------------------------------------------
      8110        774        432       1228       5528     201368   Object Totals
         0          0         32          0          0          0   (incl. Generated)
         6          0          0         10          4          0   (incl. Padding)

    ----------------------------------------------------------------------

      Code (inc. data)   RO Data    RW Data    ZI Data      Debug   Library Member Name

       636         62         80          0          0        188   acos.o
       544         70        152          0          0        124   atan.o
       384         38          0          0          0        144   atan2.o
       156          8          0          0          0        104   cos.o
       252         22         48          0          0        124   cos_i.o
        38          6          0          0          0        272   dunder.o
        40          0          0          0          0         68   fpclassify.o
       170          0          0          0          0         96   poly.o
         0          0          8          0          0          0   qnan.o
       904         76        200          0          0        140   rred.o
       160         10          0          0          0        108   sin.o
       236         12         40          0          0        128   sin_i.o
        76          0          0          0          0         84   sqrt.o
        86          0          0          0          0          0   __dczerorl2.o
         0          0          0          0          0          0   entry.o
         0          0          0          0          0          0   entry10a.o
         0          0          0          0          0          0   entry11a.o
         8          4          0          0          0          0   entry2.o
         4          0          0          0          0          0   entry5.o
         0          0          0          0          0          0   entry7b.o
         0          0          0          0          0          0   entry8b.o
         8          4          0          0          0          0   entry9a.o
        12          6          0          4          0         68   errno.o
        30          0          0          0          0          0   handlers.o
        36          8          0          0          0         68   init.o
         0          0          0          0          0          0   iusefp.o
        30          0          0          0          0         68   llshl.o
        36          0          0          0          0         68   llsshr.o
        32          0          0          0          0         68   llushr.o
      2258         90          0          0          0        452   printfa.o
         0          0          0          4          0          0   stdout.o
        36          0          0          0          0         80   strstr.o
        44          0          0          0          0         80   uidiv.o
        98          0          0          0          0         92   uldiv.o
        48          0          0          0          0         68   cdcmple.o
        48          0          0          0          0         68   cdrcmple.o
       334          0          0          0          0        148   dadd.o
       222          0          0          0          0        100   ddiv.o
       186          0          0          0          0        176   depilogue.o
        62          0          0          0          0         80   dfixi.o
        50          0          0          0          0         76   dfixui.o
        48          0          0          0          0         68   dfixul.o
        34          0          0          0          0         76   dflti.o
        26          0          0          0          0         76   dfltui.o
       228          0          0          0          0         96   dmul.o
        46          0          0          0          0         80   dscalb.o
       162          0          0          0          0        100   dsqrt.o
       176          0          0          0          0        140   fadd.o
       124          0          0          0          0         88   fdiv.o
       110          0          0          0          0        168   fepilogue.o
        40          0          0          0          0         68   ffixui.o
        10          0          0          0          0         68   ffltui.o
       100          0          0          0          0         76   fmul.o

    ----------------------------------------------------------------------
      8378        416        528          8          4       4444   Library Totals
        10          0          0          0          4          0   (incl. Padding)

    ----------------------------------------------------------------------

      Code (inc. data)   RO Data    RW Data    ZI Data      Debug   Library Name

      3596        304        528          0          0       1580   m_ws.l
      2718        112          0          8          0       1044   mc_w.l
      2054          0          0          0          0       1820   mf_w.l

    ----------------------------------------------------------------------
      8378        416        528          8          4       4444   Library Totals

    ----------------------------------------------------------------------

==============================================================================


      Code (inc. data)   RO Data    RW Data    ZI Data      Debug   

     16488       1190        960       1236       5532     199908   Grand Totals
     16488       1190        960        320       5532     199908   ELF Image Totals (compressed)
     16488       1190        960        320          0          0   ROM Totals

==============================================================================

    Total RO  Size (Code + RO Data)                17448 (  17.04kB)
    Total RW  Size (RW Data + ZI Data)              6768 (   6.61kB)
    Total ROM Size (Code + RO Data + RW Data)      17768 (  17.35kB)

==============================================================================

