<html>
<body>
<pre>
<h1>礦ision Build Log</h1>
<h2>Tool Versions:</h2>
IDE-Version: μVision V5.25.2.0
Copyright (C) 2018 ARM Ltd and ARM Germany GmbH. All rights reserved.
License Information: Xun 280160112@qq.com, Xun, LIC=SDA0P-MZZ2S-56JQ2-9UUI7-9KMDZ-83BW4
 
Tool Versions:
Toolchain:       MDK-ARM Plus  Version: 5.25.2.0
Toolchain Path:  C:\Keil\ARM\ARMCC\Bin
C Compiler:      Armcc.exe V5.06 update 6 (build 750)
Assembler:       Armasm.exe V5.06 update 6 (build 750)
Linker/Locator:  ArmLink.exe V5.06 update 6 (build 750)
Library Manager: ArmAr.exe V5.06 update 6 (build 750)
Hex Converter:   FromElf.exe V5.06 update 6 (build 750)
CPU DLL:         SARMCM3.DLL V5.25.2.0
Dialog DLL:      DCM.DLL V1.17.1.0
Target DLL:      STLink\ST-LINKIII-KEIL_SWO.dll V3.0.1.0
Dialog DLL:      TCM.DLL V1.35.1.0
 
<h2>Project:</h2>
C:\Users\28016\OneDrive\桌面\智能车工程历史归档\主控程序(GPS+HMC+DMA) - 副本\MM32F3270.uvprojx
Project File Date:  07/21/2022

<h2>Output:</h2>
*** Using Compiler 'V5.06 update 6 (build 750)', folder: 'C:\Keil\ARM\ARMCC\Bin'
Build target 'Target 1'
compiling Target.c...
HardWare\Target\target.h(4): warning:  #1295-D: Deprecated declaration Init_For_All_Device - give arg types
  void Init_For_All_Device();
HardWare\Target\target.h(5): warning:  #1295-D: Deprecated declaration Main_Loop - give arg types
  void Main_Loop();
HardWare\Target\target.h(6): warning:  #1-D: last line of file ends without a newline
  #endif
.\HardWare\IIC\IIC.H(13): warning:  #1295-D: Deprecated declaration IIC_GPIO_Init - give arg types
  void IIC_GPIO_Init();
.\HardWare\PWM\PWM.H(5): warning:  #1-D: last line of file ends without a newline
  #endif
.\HardWare\Timer\Timer.h(4): warning:  #1-D: last line of file ends without a newline
  #endif
.\HardWare\DMA\DMA.h(4): warning:  #1295-D: Deprecated declaration UART3_DMA_Init - give arg types
  void UART3_DMA_Init();
.\HardWare\DMA\DMA.h(5): warning:  #1-D: last line of file ends without a newline
  #endif
.\HardWare\vector\vector.H(8): warning:  #1-D: last line of file ends without a newline
  #endif
.\HardWare\HMC5983\HMC5983.H(25): warning:  #1295-D: Deprecated declaration HMC5983_Init - give arg types
  void HMC5983_Init();
.\HardWare\HMC5983\HMC5983.H(26): warning:  #1295-D: Deprecated declaration HMC5983_Read - give arg types
  double HMC5983_Read();
.\HardWare\HMC5983\HMC5983.H(27): warning:  #1295-D: Deprecated declaration fix - give arg types
  void fix();
.\HardWare\HMC5983\HMC5983.H(29): warning:  #1-D: last line of file ends without a newline
  #endif 
.\HardWare\GPS\GPS.H(7): warning:  #1295-D: Deprecated declaration GPS_Init - give arg types
  void GPS_Init();
.\HardWare\GPS\GPS.H(8): warning:  #1295-D: Deprecated declaration Test - give arg types
  void Test();
.\HardWare\MPU6050\MPU6050.h(54): warning:  #1295-D: Deprecated declaration MPU6050_Init - give arg types
  void MPU6050_Init();
.\HardWare\MPU6050\MPU6050.h(56): warning:  #1295-D: Deprecated declaration MPU9250_READ_MAG - give arg types
  double MPU9250_READ_MAG();
.\HardWare\MPU6050\MPU6050.h(58): warning:  #1-D: last line of file ends without a newline
  #endif 
.\HardWare\Out_In\Key.h(4): warning:  #1295-D: Deprecated declaration GREEN - give arg types
  void GREEN();
.\HardWare\Out_In\Key.h(5): warning:  #1295-D: Deprecated declaration BLUE - give arg types
  void BLUE();
.\HardWare\Out_In\Key.h(6): warning:  #1295-D: Deprecated declaration RED - give arg types
  void RED();
.\HardWare\Out_In\Key.h(7): warning:  #1295-D: Deprecated declaration Key_Init - give arg types
  void Key_Init();
.\HardWare\Out_In\Key.h(8): warning:  #1295-D: Deprecated declaration Key_Scan - give arg types
  void Key_Scan();
.\HardWare\Out_In\Key.h(9): warning:  #1-D: last line of file ends without a newline
  #endif
HardWare\Target\Target.c(57): warning:  #940-D: missing return statement at end of non-void function "StraightWay" 
  }
HardWare\Target\Target.c: 25 warnings, 0 errors
linking...
Program Size: Code=17416 RO-data=960 RW-data=1620 ZI-data=2204  
FromELF: creating hex file...
".\Objects\MM32F3270.axf" - 0 Error(s), 25 Warning(s).

<h2>Software Packages used:</h2>

Package Vendor: MindMotion
                http://www.mindmotion.com.cn/Download/MDK_KEIL/MindMotion.MM32F3270_DFP.1.0.5.pack
                MindMotion.MM32F3270_DFP.1.0.5
                MindMotion MM32F3270 Series Device Support, Drivers and Examples

<h2>Collection of Component include folders:</h2>
  .\RTE\_Target_1
  C:\Keil\ARM\PACK\MindMotion\MM32F3270_DFP\1.0.5\Device\MM32F327x\Include

<h2>Collection of Component Files used:</h2>
Build Time Elapsed:  00:00:01
</pre>
</body>
</html>
